HOST: cn265
CUDA_VISIBLE_DEVICES=0
CUDA_HOME=/share/apps/NYUAD5/cuda/12.2.0
GPU 0: NVIDIA A100-SXM4-80GB (UUID: GPU-cf589da6-d973-c39f-0539-5be63895ea03)
torch 2.9.0+cu128
cuda_available True
cuda_device_count 1
torch_cuda 12.8
model: bert-base-arabertv02, levels: 19
wandb project='habibi-readability-arabertv02-confidences' group='barec_tarab_2x' run='barec_tarab_2X_55k_match_distribution_155k'
checkpoint selection: eval_Quadratic Weighted Kappa (greater is better; gold dev only)
Warning: The cache directory for DeepSpeed Triton autotune, /home/mom8702/.triton/autotune, appears to be on an NFS system. While this is generally acceptable, if you experience slowdowns or hanging when DeepSpeed exits, it is recommended to set the TRITON_CACHE_DIR environment variable to a non-NFS path.
{'loss': 0.6685, 'grad_norm': 6.057467937469482, 'learning_rate': 4.1670101676284694e-05, 'epoch': 1.0}
              precision    recall  f1-score   support

           0     0.6923    0.8182    0.7500        44
           1     0.6406    0.6029    0.6212        68
           2     0.4793    0.7637    0.5890       182
           3     0.4239    0.5000    0.4588        78
           4     0.5994    0.5132    0.5530       417
           5     0.5093    0.4339    0.4686       189
           6     0.5251    0.7318    0.6114       701
           7     0.6529    0.6721    0.6624       613
           8     0.6020    0.5000    0.5463       236
           9     0.7128    0.7431    0.7276      1012
          10     0.3464    0.3032    0.3233       409
          11     0.5080    0.4661    0.4862      1491
          12     0.4434    0.4040    0.4228       349
          13     0.5642    0.6595    0.6082      1072
          14     0.3529    0.1163    0.1749       258
          15     0.1667    0.0088    0.0167       114
          16     0.6250    0.1020    0.1754        49
          17     0.0000    0.0000    0.0000        13
          18     0.2368    0.6000    0.3396        15

    accuracy                         0.5551      7310
   macro avg     0.4780    0.4705    0.4492      7310
weighted avg     0.5438    0.5551    0.5410      7310

[[ 36   4   2   1   1   0   0   0   0   0   0   0   0   0   0   0   0   0
    0]
 [  5  41  10   5   2   0   1   1   0   0   0   3   0   0   0   0   0   0
    0]
 [  1   3 139   3  17   0  11   0   1   0   5   1   1   0   0   0   0   0
    0]
 [  0   2  14  39   4   0  10   3   1   0   2   2   0   0   0   0   1   0
    0]
 [  5   4  39  12 214  12  83   7   8   0  14  15   0   4   0   0   0   0
    0]
 [  0   1   1   1  20  82  47   6   1   7   4  18   0   1   0   0   0   0
    0]
 [  0   1  27   8  34  23 513  26  13  13  12  29   1   1   0   0   0   0
    0]
 [  0   3   6   6  13   7  60 412  14  35   6  43   2   6   0   0   0   0
    0]
 [  0   1   3   1   1   7  29  18 118  21  10  17  10   0   0   0   0   0
    0]
 [  0   0   0   2   4   7  24  43  11 752  47  71  28  21   2   0   0   0
    0]
 [  3   2   6   2  11   3  37   7   9  45 124 114  23  22   1   0   0   0
    0]
 [  2   2  29  12  28  17 139  73  10 124  93 695  57 199   9   2   0   0
    0]
 [  0   0   8   0   6   2   6  13   7  23   9  89 141  42   3   0   0   0
    0]
 [  0   0   3   0   1   0  16  12   2  25  29 227  38 707  11   1   0   0
    0]
 [  0   0   2   0   1   1   1   6   1   6   3  35   8 157  30   1   0   0
    6]
 [  0   0   1   0   0   0   0   1   0   3   0   5   7  79  12   1   0   0
    5]
 [  0   0   0   0   0   0   0   1   0   0   0   3   1  12  13   1   5   0
   13]
 [  0   0   0   0   0   0   0   2   0   1   0   0   1   1   2   0   1   0
    5]
 [  0   0   0   0   0   0   0   0   0   0   0   1   0   1   2   0   1   1
    9]]
{'eval_loss': 1.3685840368270874, 'eval_macro_f1': 0.4492337642272096, 'eval_macro_precision': 0.4779610477370501, 'eval_macro_recall': 0.470465107764329, 'eval_accuracy': 0.5551299589603284, 'eval_accuracy_with_margin': 0.6948016415868673, 'eval_Distance': 1.1752393980848153, 'eval_Quadratic Weighted Kappa': 0.792897265147303, 'eval_runtime': 5.6261, 'eval_samples_per_second': 1299.312, 'eval_steps_per_second': 81.229, 'epoch': 1.0}
{'loss': 0.4292, 'grad_norm': 7.237685203552246, 'learning_rate': 3.333676834295136e-05, 'epoch': 2.0}
              precision    recall  f1-score   support

           0     0.8095    0.7727    0.7907        44
           1     0.5385    0.8235    0.6512        68
           2     0.4829    0.6978    0.5708       182
           3     0.4675    0.4615    0.4645        78
           4     0.5292    0.6523    0.5843       417
           5     0.4585    0.4974    0.4772       189
           6     0.6636    0.6191    0.6406       701
           7     0.6293    0.6868    0.6568       613
           8     0.6832    0.4661    0.5542       236
           9     0.7212    0.7411    0.7310      1012
          10     0.3176    0.4768    0.3812       409
          11     0.5185    0.4695    0.4928      1491
          12     0.4596    0.3754    0.4132       349
          13     0.5579    0.6157    0.5854      1072
          14     0.3409    0.1163    0.1734       258
          15     0.1176    0.0175    0.0305       114
          16     0.3143    0.2245    0.2619        49
          17     0.0000    0.0000    0.0000        13
          18     0.3333    0.2000    0.2500        15

    accuracy                         0.5562      7310
   macro avg     0.4707    0.4692    0.4584      7310
weighted avg     0.5512    0.5562    0.5475      7310

[[ 34   7   2   0   1   0   0   0   0   0   0   0   0   0   0   0   0   0
    0]
 [  2  56   6   0   2   0   1   1   0   0   0   0   0   0   0   0   0   0
    0]
 [  1   7 127   3  17   1  15   0   0   0   7   3   0   1   0   0   0   0
    0]
 [  0   2  13  36  10   1   6   4   0   2   1   3   0   0   0   0   0   0
    0]
 [  3   9  31  11 272  18  23   7   5   1  17  15   1   4   0   0   0   0
    0]
 [  0   1   1   0  33  94  19   6   1   5   5  20   0   2   2   0   0   0
    0]
 [  0   7  21  11  69  39 434  34  10  18  21  36   0   1   0   0   0   0
    0]
 [  1   5   8   3  32  10  32 421   9  33  10  43   1   5   0   0   0   0
    0]
 [  0   1   4   1   1  10  12  30 110  30  11  15   9   2   0   0   0   0
    0]
 [  0   0   0   1   6   8  10  46   6 750  86  57  19  22   1   0   0   0
    0]
 [  0   5   8   4  16   4  18  10   8  25 195  80  13  22   1   0   0   0
    0]
 [  1   4  24   7  47  15  71  76   5 115 179 700  53 185   6   2   1   0
    0]
 [  0   0  12   0   6   3   4  15   5  24  14  76 131  56   3   0   0   0
    0]
 [  0   0   3   0   1   1   8   9   2  25  61 252  36 660  11   3   0   0
    0]
 [  0   0   2   0   1   1   1   7   0   7   6  39  13 138  30   5   8   0
    0]
 [  0   0   1   0   0   0   0   1   0   4   1   7   6  72  17   2   2   0
    1]
 [  0   0   0   0   0   0   0   0   0   0   0   3   2  10  13   5  11   0
    5]
 [  0   0   0   0   0   0   0   2   0   1   0   0   1   2   2   0   5   0
    0]
 [  0   0   0   0   0   0   0   0   0   0   0   1   0   1   2   0   8   0
    3]]
{'eval_loss': 1.3943113088607788, 'eval_macro_f1': 0.45840241552338096, 'eval_macro_precision': 0.4706975129239999, 'eval_macro_recall': 0.4691546840300543, 'eval_accuracy': 0.5562243502051983, 'eval_accuracy_with_margin': 0.7043775649794801, 'eval_Distance': 1.1596443228454172, 'eval_Quadratic Weighted Kappa': 0.7951401248717915, 'eval_runtime': 5.622, 'eval_samples_per_second': 1300.252, 'eval_steps_per_second': 81.288, 'epoch': 2.0}
{'loss': 0.3143, 'grad_norm': 4.223226547241211, 'learning_rate': 2.5003435009618026e-05, 'epoch': 3.0}
              precision    recall  f1-score   support

           0     0.8293    0.7727    0.8000        44
           1     0.6420    0.7647    0.6980        68
           2     0.5316    0.6923    0.6014       182
           3     0.4588    0.5000    0.4785        78
           4     0.6181    0.5899    0.6037       417
           5     0.4408    0.5714    0.4977       189
           6     0.5860    0.7190    0.6457       701
           7     0.6701    0.6460    0.6578       613
           8     0.5833    0.5932    0.5882       236
           9     0.7226    0.7826    0.7514      1012
          10     0.3552    0.4377    0.3921       409
          11     0.5057    0.4748    0.4898      1491
          12     0.3877    0.4699    0.4249       349
          13     0.5949    0.5028    0.5450      1072
          14     0.2614    0.1550    0.1946       258
          15     0.0625    0.0175    0.0274       114
          16     0.3750    0.1224    0.1846        49
          17     0.0000    0.0000    0.0000        13
          18     0.5000    0.0667    0.1176        15

    accuracy                         0.5576      7310
   macro avg     0.4803    0.4673    0.4578      7310
weighted avg     0.5495    0.5576    0.5496      7310

[[ 34   6   1   0   2   0   1   0   0   0   0   0   0   0   0   0   0   0
    0]
 [  1  52   8   0   5   0   1   1   0   0   0   0   0   0   0   0   0   0
    0]
 [  1   4 126   2  23   2  10   1   0   0   8   4   1   0   0   0   0   0
    0]
 [  0   1  13  39   6   1   7   5   0   3   1   2   0   0   0   0   0   0
    0]
 [  3   6  23  14 246  26  51   6   2   1  18  16   0   4   0   1   0   0
    0]
 [  0   1   0   1  13 108  37   5   2   5   4   9   1   2   1   0   0   0
    0]
 [  0   3  20   9  36  35 504  25  11  10  16  31   0   1   0   0   0   0
    0]
 [  1   3   5   5  15  15  53 396  27  27   7  50   4   5   0   0   0   0
    0]
 [  0   1   1   1   1   7  21  18 140  21   4  16   4   1   0   0   0   0
    0]
 [  0   0   0   1   4  11  14  31  23 792  37  64  19  16   0   0   0   0
    0]
 [  0   2   5   2   7   7  36  11  11  36 179  81  15  16   1   0   0   0
    0]
 [  1   2  24  11  31  28 106  65  13 127 141 708  98 120  13   3   0   0
    0]
 [  0   0   5   0   7   2   4  11   9  29  17  73 164  27   1   0   0   0
    0]
 [  0   0   4   0   1   2  13  10   2  35  64 278  77 539  43   4   0   0
    0]
 [  0   0   2   0   1   1   2   4   0   7   8  51  25 105  40  10   2   0
    0]
 [  0   0   0   0   0   0   0   0   0   2   0  13   9  60  27   2   1   0
    0]
 [  0   0   0   0   0   0   0   1   0   0   0   3   4   7  18   9   6   0
    1]
 [  0   0   0   0   0   0   0   1   0   1   0   0   2   2   5   0   2   0
    0]
 [  0   0   0   0   0   0   0   0   0   0   0   1   0   1   4   3   5   0
    1]]
{'eval_loss': 1.5187203884124756, 'eval_macro_f1': 0.45782162146362826, 'eval_macro_precision': 0.48026938632769633, 'eval_macro_recall': 0.4673060731047183, 'eval_accuracy': 0.5575923392612859, 'eval_accuracy_with_margin': 0.7079343365253078, 'eval_Distance': 1.1441860465116278, 'eval_Quadratic Weighted Kappa': 0.7962378873677838, 'eval_runtime': 5.6228, 'eval_samples_per_second': 1300.053, 'eval_steps_per_second': 81.276, 'epoch': 3.0}
{'loss': 0.2136, 'grad_norm': 3.0658388137817383, 'learning_rate': 1.6670101676284692e-05, 'epoch': 4.0}
              precision    recall  f1-score   support

           0     0.8222    0.8409    0.8315        44
           1     0.6506    0.7941    0.7152        68
           2     0.5311    0.7033    0.6052       182
           3     0.4270    0.4872    0.4551        78
           4     0.6114    0.5923    0.6017       417
           5     0.4802    0.4497    0.4645       189
           6     0.5918    0.7033    0.6428       701
           7     0.6766    0.6281    0.6514       613
           8     0.5034    0.6314    0.5602       236
           9     0.7207    0.7599    0.7398      1012
          10     0.3204    0.4645    0.3792       409
          11     0.5337    0.4668    0.4980      1491
          12     0.4235    0.4756    0.4480       349
          13     0.5784    0.5196    0.5474      1072
          14     0.2828    0.2171    0.2456       258
          15     0.0714    0.0088    0.0156       114
          16     0.3500    0.2857    0.3146        49
          17     0.0000    0.0000    0.0000        13
          18     0.5000    0.0667    0.1176        15

    accuracy                         0.5562      7310
   macro avg     0.4777    0.4787    0.4649      7310
weighted avg     0.5519    0.5562    0.5504      7310

[[ 37   3   1   0   2   0   1   0   0   0   0   0   0   0   0   0   0   0
    0]
 [  1  54   6   0   4   0   2   1   0   0   0   0   0   0   0   0   0   0
    0]
 [  1   4 128   6  17   0  13   0   0   0   8   5   0   0   0   0   0   0
    0]
 [  0   1  13  38   5   2   7   5   0   3   2   2   0   0   0   0   0   0
    0]
 [  4   6  24  15 247  16  54   8   5   1  21  11   1   4   0   0   0   0
    0]
 [  0   1   2   1  20  85  47   8   2   6   5   9   0   2   1   0   0   0
    0]
 [  0   3  15   8  42  26 493  31  22  12  21  27   0   1   0   0   0   0
    0]
 [  1   3   7   4  17   9  45 385  44  34  13  43   3   5   0   0   0   0
    0]
 [  0   1   1   1   2   5  15  12 149  20   9  14   6   1   0   0   0   0
    0]
 [  0   0   0   1   5  10  13  27  27 769  52  65  22  19   2   0   0   0
    0]
 [  0   5   8   2   8   5  32   9   9  32 190  67  22  18   2   0   0   0
    0]
 [  1   2  22  13  27  18  90  59  23 128 167 696  84 145  15   1   0   0
    0]
 [  0   0   7   0   5   1   4   7  11  20  21  65 166  37   5   0   0   0
    0]
 [  0   0   4   0   2   0  16  11   4  30  75 248  62 557  60   2   1   0
    0]
 [  0   0   2   0   1   0   1   5   0   8   9  37  17 108  56   5   9   0
    0]
 [  0   0   1   0   0   0   0   0   0   3   0  11   6  56  34   1   2   0
    0]
 [  0   0   0   0   0   0   0   0   0   0   0   3   2   7  17   5  14   0
    1]
 [  0   0   0   0   0   0   0   1   0   1   0   0   1   2   4   0   4   0
    0]
 [  0   0   0   0   0   0   0   0   0   0   0   1   0   1   2   0  10   0
    1]]
{'eval_loss': 1.6858370304107666, 'eval_macro_f1': 0.4649226629896292, 'eval_macro_precision': 0.4776500293993761, 'eval_macro_recall': 0.47868060559532855, 'eval_accuracy': 0.5562243502051983, 'eval_accuracy_with_margin': 0.7101231190150479, 'eval_Distance': 1.1288645690834473, 'eval_Quadratic Weighted Kappa': 0.8021660129637203, 'eval_runtime': 5.7246, 'eval_samples_per_second': 1276.935, 'eval_steps_per_second': 79.83, 'epoch': 4.0}
{'loss': 0.1341, 'grad_norm': 3.1111743450164795, 'learning_rate': 8.33676834295136e-06, 'epoch': 5.0}
              precision    recall  f1-score   support

           0     0.7800    0.8864    0.8298        44
           1     0.6944    0.7353    0.7143        68
           2     0.5302    0.6758    0.5942       182
           3     0.4239    0.5000    0.4588        78
           4     0.5714    0.6139    0.5919       417
           5     0.4550    0.4550    0.4550       189
           6     0.6285    0.6733    0.6501       701
           7     0.6447    0.6542    0.6494       613
           8     0.5636    0.5636    0.5636       236
           9     0.7101    0.7698    0.7387      1012
          10     0.3518    0.4352    0.3891       409
          11     0.5244    0.4909    0.5071      1491
          12     0.4040    0.4097    0.4068       349
          13     0.5811    0.5280    0.5533      1072
          14     0.2810    0.2636    0.2720       258
          15     0.0909    0.0175    0.0294       114
          16     0.4231    0.2245    0.2933        49
          17     0.0000    0.0000    0.0000        13
          18     1.0000    0.0667    0.1250        15

    accuracy                         0.5580      7310
   macro avg     0.5083    0.4718    0.4643      7310
weighted avg     0.5514    0.5580    0.5522      7310

[[ 39   2   1   0   2   0   0   0   0   0   0   0   0   0   0   0   0   0
    0]
 [  3  50   5   1   3   0   2   1   1   0   1   1   0   0   0   0   0   0
    0]
 [  1   3 123   4  19   0  12   1   1   0   8   9   0   1   0   0   0   0
    0]
 [  0   1  13  39   5   2   5   5   0   3   1   4   0   0   0   0   0   0
    0]
 [  5   3  26  13 256  20  43  10   3   1  16  17   0   4   0   0   0   0
    0]
 [  0   1   1   1  21  86  35  10   3   9   3  16   1   2   0   0   0   0
    0]
 [  0   3  15   7  55  30 472  39  11  12  14  42   0   1   0   0   0   0
    0]
 [  1   3   7   8  22   8  35 401  26  34  14  39   6   8   1   0   0   0
    0]
 [  0   1   2   2   2   6  16  25 133  25   9  10   3   2   0   0   0   0
    0]
 [  0   0   0   1   7   9   9  26  23 779  50  65  18  23   2   0   0   0
    0]
 [  0   2   6   2  10   8  28   9   8  35 178  83  16  23   1   0   0   0
    0]
 [  1   3  19  14  34  19  79  71  14 130 126 732  75 158  15   1   0   0
    0]
 [  0   0   8   0   6   1   3  10  11  29  20  77 143  33   8   0   0   0
    0]
 [  0   0   3   0   5   0  12   8   2  29  55 245  66 566  76   3   2   0
    0]
 [  0   0   2   0   1   0   0   5   0   6  11  43  18  95  68   6   3   0
    0]
 [  0   0   1   0   0   0   0   0   0   4   0   9   6  49  42   2   1   0
    0]
 [  0   0   0   0   0   0   0   0   0   0   0   3   1   6  21   7  11   0
    0]
 [  0   0   0   0   0   0   0   1   0   1   0   0   1   2   5   0   3   0
    0]
 [  0   0   0   0   0   0   0   0   0   0   0   1   0   1   3   3   6   0
    1]]
{'eval_loss': 1.9364619255065918, 'eval_macro_f1': 0.4643095450485535, 'eval_macro_precision': 0.508317261413984, 'eval_macro_recall': 0.47175631710177446, 'eval_accuracy': 0.5580027359781122, 'eval_accuracy_with_margin': 0.7087551299589603, 'eval_Distance': 1.146374829001368, 'eval_Quadratic Weighted Kappa': 0.795392599078092, 'eval_runtime': 5.6259, 'eval_samples_per_second': 1299.347, 'eval_steps_per_second': 81.231, 'epoch': 5.0}
{'loss': 0.0823, 'grad_norm': 1.1101199388504028, 'learning_rate': 3.4350096180269303e-09, 'epoch': 6.0}
              precision    recall  f1-score   support

           0     0.7600    0.8636    0.8085        44
           1     0.6800    0.7500    0.7133        68
           2     0.5232    0.6813    0.5919       182
           3     0.4205    0.4744    0.4458        78
           4     0.5636    0.6163    0.5888       417
           5     0.4550    0.4550    0.4550       189
           6     0.6186    0.6733    0.6448       701
           7     0.6455    0.6623    0.6538       613
           8     0.5877    0.5678    0.5776       236
           9     0.6999    0.7628    0.7300      1012
          10     0.3309    0.4401    0.3778       409
          11     0.5216    0.4869    0.5036      1491
          12     0.4045    0.4126    0.4085       349
          13     0.5735    0.5093    0.5395      1072
          14     0.2527    0.1822    0.2117       258
          15     0.0952    0.0175    0.0296       114
          16     0.4324    0.3265    0.3721        49
          17     0.0000    0.0000    0.0000        13
          18     0.6667    0.1333    0.2222        15

    accuracy                         0.5527      7310
   macro avg     0.4859    0.4745    0.4671      7310
weighted avg     0.5446    0.5527    0.5461      7310

[[ 38   3   1   0   2   0   0   0   0   0   0   0   0   0   0   0   0   0
    0]
 [  4  51   6   1   4   0   1   1   0   0   0   0   0   0   0   0   0   0
    0]
 [  1   3 124   4  20   0  12   1   0   0   9   7   0   1   0   0   0   0
    0]
 [  0   1  14  37   5   2   7   4   0   3   1   4   0   0   0   0   0   0
    0]
 [  5   4  26  12 257  19  45  10   4   2  16  13   0   4   0   0   0   0
    0]
 [  0   1   1   1  22  86  35   8   3   9   5  14   1   2   1   0   0   0
    0]
 [  0   3  16   9  52  28 472  40  10  12  14  44   0   1   0   0   0   0
    0]
 [  1   3   7   8  22   9  36 406  25  31  18  35   6   6   0   0   0   0
    0]
 [  0   1   2   1   2   6  16  26 134  23   8  10   4   3   0   0   0   0
    0]
 [  0   0   0   1   7   9  11  31  21 772  53  66  19  20   2   0   0   0
    0]
 [  0   2   8   2   9   7  29   8   8  36 180  84  15  20   1   0   0   0
    0]
 [  1   3  18  12  41  19  79  69  12 142 140 726  74 140  14   1   0   0
    0]
 [  0   0   8   0   6   2   4   9   9  28  21  75 144  39   4   0   0   0
    0]
 [  0   0   3   0   6   1  15   9   2  35  69 253  66 546  64   2   1   0
    0]
 [  0   0   2   0   1   1   1   5   0   6   9  46  18 107  47   9   6   0
    0]
 [  0   0   1   0   0   0   0   1   0   3   1  10   6  53  34   2   2   1
    0]
 [  0   0   0   0   0   0   0   0   0   0   0   4   2   7  15   4  16   0
    1]
 [  0   0   0   0   0   0   0   1   0   1   0   0   1   2   3   1   4   0
    0]
 [  0   0   0   0   0   0   0   0   0   0   0   1   0   1   1   2   8   0
    2]]
{'eval_loss': 2.2744104862213135, 'eval_macro_f1': 0.467082049879475, 'eval_macro_precision': 0.48586715062557606, 'eval_macro_recall': 0.47449808804311716, 'eval_accuracy': 0.5526675786593708, 'eval_accuracy_with_margin': 0.7054719562243502, 'eval_Distance': 1.1600547195622435, 'eval_Quadratic Weighted Kappa': 0.7929209657361822, 'eval_runtime': 5.6569, 'eval_samples_per_second': 1292.235, 'eval_steps_per_second': 80.787, 'epoch': 6.0}
{'train_runtime': 2020.26, 'train_samples_per_second': 461.082, 'train_steps_per_second': 7.205, 'train_loss': 0.3070076242453713, 'epoch': 6.0}
best checkpoint: /scratch/mom8702/habibi/training/outputs/checkpoints/arabertv02_barec_tarab_2x_155k/bert-base-arabertv02_local_19levels/checkpoint-9704
best eval_Quadratic Weighted Kappa: 0.8021660129637203
              precision    recall  f1-score   support

           0     0.8222    0.8409    0.8315        44
           1     0.6506    0.7941    0.7152        68
           2     0.5311    0.7033    0.6052       182
           3     0.4270    0.4872    0.4551        78
           4     0.6114    0.5923    0.6017       417
           5     0.4802    0.4497    0.4645       189
           6     0.5918    0.7033    0.6428       701
           7     0.6766    0.6281    0.6514       613
           8     0.5034    0.6314    0.5602       236
           9     0.7207    0.7599    0.7398      1012
          10     0.3204    0.4645    0.3792       409
          11     0.5337    0.4668    0.4980      1491
          12     0.4235    0.4756    0.4480       349
          13     0.5784    0.5196    0.5474      1072
          14     0.2828    0.2171    0.2456       258
          15     0.0714    0.0088    0.0156       114
          16     0.3500    0.2857    0.3146        49
          17     0.0000    0.0000    0.0000        13
          18     0.5000    0.0667    0.1176        15

    accuracy                         0.5562      7310
   macro avg     0.4777    0.4787    0.4649      7310
weighted avg     0.5519    0.5562    0.5504      7310

[[ 37   3   1   0   2   0   1   0   0   0   0   0   0   0   0   0   0   0
    0]
 [  1  54   6   0   4   0   2   1   0   0   0   0   0   0   0   0   0   0
    0]
 [  1   4 128   6  17   0  13   0   0   0   8   5   0   0   0   0   0   0
    0]
 [  0   1  13  38   5   2   7   5   0   3   2   2   0   0   0   0   0   0
    0]
 [  4   6  24  15 247  16  54   8   5   1  21  11   1   4   0   0   0   0
    0]
 [  0   1   2   1  20  85  47   8   2   6   5   9   0   2   1   0   0   0
    0]
 [  0   3  15   8  42  26 493  31  22  12  21  27   0   1   0   0   0   0
    0]
 [  1   3   7   4  17   9  45 385  44  34  13  43   3   5   0   0   0   0
    0]
 [  0   1   1   1   2   5  15  12 149  20   9  14   6   1   0   0   0   0
    0]
 [  0   0   0   1   5  10  13  27  27 769  52  65  22  19   2   0   0   0
    0]
 [  0   5   8   2   8   5  32   9   9  32 190  67  22  18   2   0   0   0
    0]
 [  1   2  22  13  27  18  90  59  23 128 167 696  84 145  15   1   0   0
    0]
 [  0   0   7   0   5   1   4   7  11  20  21  65 166  37   5   0   0   0
    0]
 [  0   0   4   0   2   0  16  11   4  30  75 248  62 557  60   2   1   0
    0]
 [  0   0   2   0   1   0   1   5   0   8   9  37  17 108  56   5   9   0
    0]
 [  0   0   1   0   0   0   0   0   0   3   0  11   6  56  34   1   2   0
    0]
 [  0   0   0   0   0   0   0   0   0   0   0   3   2   7  17   5  14   0
    1]
 [  0   0   0   0   0   0   0   1   0   1   0   0   1   2   4   0   4   0
    0]
 [  0   0   0   0   0   0   0   0   0   0   0   1   0   1   2   0  10   0
    1]]
***** eval metrics *****
  eval_Distance                 =     1.1289
  eval_Quadratic Weighted Kappa =     0.8022
  eval_accuracy                 =     0.5562
  eval_accuracy_with_margin     =     0.7101
  eval_loss                     =     1.6858
  eval_macro_f1                 =     0.4649
  eval_macro_precision          =     0.4777
  eval_macro_recall             =     0.4787
  eval_runtime                  = 0:00:05.63
  eval_samples_per_second       =   1297.291
  eval_steps_per_second         =     81.103
Accuracy: 55.6224
Accuracy with margin of one level: 71.0123
Average distance between labels and predictions: 1.128865
Quadratic Weighted Kappa: 80.2166
wrote dev predictions csv: /scratch/mom8702/habibi/training/outputs/xlsx/arabertv02_barec_tarab_2x_155k/dev_bert-base-arabertv02_local_19levels.csv
              precision    recall  f1-score   support

           0     0.9200    0.7188    0.8070        32
           1     0.4262    0.7222    0.5361        36
           2     0.6371    0.5603    0.5962       141
           3     0.5714    0.6047    0.5876        86
           4     0.6244    0.6342    0.6292       380
           5     0.5403    0.4820    0.5095       139
           6     0.5655    0.7453    0.6431       585
           7     0.6394    0.6784    0.6583       541
           8     0.4015    0.5789    0.4741       190
           9     0.6901    0.7188    0.7042      1010
          10     0.3602    0.4914    0.4157       464
          11     0.5645    0.4819    0.5200      1662
          12     0.4440    0.4795    0.4610       438
          13     0.5652    0.4741    0.5157      1042
          14     0.3495    0.3700    0.3594       273
          15     0.4286    0.1863    0.2597       161
          16     0.2895    0.1642    0.2095        67
          17     0.0000    0.0000    0.0000        23
          18     0.6250    0.3125    0.4167        16

    accuracy                         0.5500      7286
   macro avg     0.5075    0.4949    0.4896      7286
weighted avg     0.5529    0.5500    0.5463      7286

[[ 23   7   0   0   0   0   1   0   0   0   0   1   0   0   0   0   0   0
    0]
 [  0  26   5   0   1   0   3   0   1   0   0   0   0   0   0   0   0   0
    0]
 [  0   9  79   1  34   1   6   5   1   0   4   1   0   0   0   0   0   0
    0]
 [  0   1   1  52   6   2  14   1   4   2   2   1   0   0   0   0   0   0
    0]
 [  0   9   9  16 241  16  54  11   6   0  11   6   0   1   0   0   0   0
    0]
 [  0   0   0   1  22  67  26  10   2   3   1   6   0   1   0   0   0   0
    0]
 [  0   3   3   9  37   6 436  28  12   7   9  30   2   3   0   0   0   0
    0]
 [  1   1   1   0  12   2  34 367  34  31  15  26   6   7   4   0   0   0
    0]
 [  0   1   2   1   2   5   9  10 110  24   7   9   6   1   3   0   0   0
    0]
 [  0   0   0   2   5   6  18  31  38 726  69  72  21  19   3   0   0   0
    0]
 [  1   1   2   2  10   4  28  15   8  44 228  83  20  16   2   0   0   0
    0]
 [  0   3  21   6  15  13 117  75  38 132 177 801  93 156  15   0   0   0
    0]
 [  0   0   0   0   0   2   8   7  11  31  30  70 210  44  22   3   0   0
    0]
 [  0   0   1   0   0   0  14  12   8  40  69 260  79 494  54  11   0   0
    0]
 [  0   0   0   1   1   0   3   2   1   7   6  31  20  85 101   9   6   0
    0]
 [  0   0   0   0   0   0   0   0   0   2   2  13  12  35  60  30   6   0
    1]
 [  0   0   0   0   0   0   0   0   0   2   3   5   2   9  22  12  11   0
    1]
 [  0   0   0   0   0   0   0   0   0   0   0   2   1   3   2   3  11   0
    1]
 [  0   0   0   0   0   0   0   0   0   1   0   2   1   0   1   2   4   0
    5]]
***** test metrics *****
  test_Distance                 =     1.0874
  test_Quadratic Weighted Kappa =     0.8117
  test_accuracy                 =       0.55
  test_accuracy_with_margin     =     0.7119
  test_loss                     =     1.6756
  test_macro_f1                 =     0.4896
  test_macro_precision          =     0.5075
  test_macro_recall             =     0.4949
  test_runtime                  = 0:00:05.77
  test_samples_per_second       =   1262.512
  test_steps_per_second         =     79.015
Accuracy: 54.9959
Accuracy with margin of one level: 71.1913
Average distance between labels and predictions: 1.087428
Quadratic Weighted Kappa: 81.1712
[1;34mwandb[0m: 
[1;34mwandb[0m: 🚀 View run [33mbarec_tarab_2X_55k_match_distribution_155k[0m at: [34mhttps://wandb.ai/mohamed-mahmoud-new-york-university/habibi-readability-arabertv02-confidences/runs/0lwn8aiw[0m
[1;34mwandb[0m: Find logs at: [1;35mwandb/run-20260520_210348-0lwn8aiw/logs[0m
