HOST: cn268
CUDA_VISIBLE_DEVICES=0
CUDA_HOME=/share/apps/NYUAD5/cuda/12.2.0
GPU 0: NVIDIA A100-SXM4-80GB (UUID: GPU-b06ea661-a43a-edbf-b25f-444a4d07a42e)
torch 2.9.0+cu128
cuda_available True
cuda_device_count 1
torch_cuda 12.8
model: bert-base-arabertv02, levels: 19
wandb project='habibi-readability-arabertv02-confidences' group='barec_tarab_uniform_6k_per_class' run='barec_tarab_uniform_6k_per_class_86k'
Warning: The cache directory for DeepSpeed Triton autotune, /home/mom8702/.triton/autotune, appears to be on an NFS system. While this is generally acceptable, if you experience slowdowns or hanging when DeepSpeed exits, it is recommended to set the TRITON_CACHE_DIR environment variable to a non-NFS path.
{'loss': 1.0425, 'grad_norm': 8.178997039794922, 'learning_rate': 4.167279862644101e-05, 'epoch': 1.0}
              precision    recall  f1-score   support

           0     0.4933    0.8409    0.6218        44
           1     0.4348    0.4412    0.4380        68
           2     0.4188    0.7363    0.5339       182
           3     0.4648    0.4231    0.4430        78
           4     0.6346    0.4580    0.5320       417
           5     0.4508    0.4603    0.4555       189
           6     0.4249    0.7389    0.5396       701
           7     0.6187    0.6803    0.6480       613
           8     0.4787    0.6186    0.5397       236
           9     0.7374    0.6769    0.7058      1012
          10     0.3086    0.4279    0.3586       409
          11     0.5325    0.2636    0.3526      1491
          12     0.4322    0.4384    0.4353       349
          13     0.5576    0.6278    0.5906      1072
          14     0.2727    0.1628    0.2039       258
          15     0.1954    0.1491    0.1692       114
          16     0.4048    0.3469    0.3736        49
          17     0.0000    0.0000    0.0000        13
          18     0.8000    0.2667    0.4000        15

    accuracy                         0.5133      7310
   macro avg     0.4558    0.4609    0.4390      7310
weighted avg     0.5257    0.5133    0.5017      7310

[[ 37   5   2   0   0   0   0   0   0   0   0   0   0   0   0   0   0   0
    0]
 [ 25  30   8   0   3   0   2   0   0   0   0   0   0   0   0   0   0   0
    0]
 [  2   5 134   2  10   0  24   0   2   0   2   0   0   1   0   0   0   0
    0]
 [  0   2  15  33   2   2  17   3   2   0   1   1   0   0   0   0   0   0
    0]
 [  2   9  47   9 191  13 117   8  11   1   4   3   1   1   0   0   0   0
    0]
 [  1   1   1   1  14  87  67   4   3   4   3   1   0   1   1   0   0   0
    0]
 [  0   4  33   8  31  38 518  25  22   8   5   8   1   0   0   0   0   0
    0]
 [  1   2   8   7   8  10  63 417  24  30   3  25   6   9   0   0   0   0
    0]
 [  0   2   5   1   0   7  26  23 146  12   2   5   5   2   0   0   0   0
    0]
 [  0   0   1   1   8  10  41  45  32 685  98  46  23  17   5   0   0   0
    0]
 [  3   2  16   2   5   4  55  11  14  30 175  51  13  25   1   0   2   0
    0]
 [  3   7  32   7  25  18 227  94  34 116 191 393  75 250  12   7   0   0
    0]
 [  1   0  10   0   3   1  18  16   7  19  18  51 153  44   6   2   0   0
    0]
 [  0   0   4   0   0   1  41  16   6  17  59 135  52 673  36  31   1   0
    0]
 [  0   0   3   0   1   2   3   8   2   4   6  15  16 126  42  23   7   0
    0]
 [  0   0   1   0   0   0   0   2   0   2   0   2   7  53  26  17   4   0
    0]
 [  0   0   0   0   0   0   0   0   0   0   0   2   0   4  19   6  17   0
    1]
 [  0   0   0   0   0   0   0   2   0   1   0   0   1   1   3   0   5   0
    0]
 [  0   0   0   0   0   0   0   0   0   0   0   0   1   0   3   1   6   0
    4]]
{'eval_loss': 1.4812666177749634, 'eval_macro_f1': 0.4390053003410812, 'eval_macro_precision': 0.45581550890214484, 'eval_macro_recall': 0.4609300730755107, 'eval_accuracy': 0.5132694938440493, 'eval_accuracy_with_margin': 0.6774281805745554, 'eval_Distance': 1.2924760601915184, 'eval_Quadratic Weighted Kappa': 0.7773147608273381, 'eval_runtime': 5.4215, 'eval_samples_per_second': 1348.346, 'eval_steps_per_second': 84.295, 'epoch': 1.0}
{'loss': 0.678, 'grad_norm': 6.563192367553711, 'learning_rate': 3.333946529310768e-05, 'epoch': 2.0}
              precision    recall  f1-score   support

           0     0.4588    0.8864    0.6047        44
           1     0.4138    0.3529    0.3810        68
           2     0.4921    0.6868    0.5734       182
           3     0.4857    0.4359    0.4595        78
           4     0.5597    0.6067    0.5823       417
           5     0.4725    0.4550    0.4636       189
           6     0.5625    0.7061    0.6262       701
           7     0.5191    0.7537    0.6148       613
           8     0.5320    0.5636    0.5473       236
           9     0.6702    0.7411    0.7039      1012
          10     0.2694    0.5428    0.3601       409
          11     0.5183    0.2569    0.3435      1491
          12     0.4778    0.3696    0.4168       349
          13     0.5786    0.5252    0.5506      1072
          14     0.3081    0.2364    0.2675       258
          15     0.1818    0.0526    0.0816       114
          16     0.4333    0.2653    0.3291        49
          17     0.0000    0.0000    0.0000        13
          18     1.0000    0.2000    0.3333        15

    accuracy                         0.5172      7310
   macro avg     0.4702    0.4546    0.4336      7310
weighted avg     0.5227    0.5172    0.5027      7310

[[ 39   3   1   0   1   0   0   0   0   0   0   0   0   0   0   0   0   0
    0]
 [ 34  24   5   0   2   1   0   1   0   0   0   1   0   0   0   0   0   0
    0]
 [  2   5 125   3  21   1  15   0   1   0   5   3   1   0   0   0   0   0
    0]
 [  1   1  12  34   9   1  12   4   0   2   2   0   0   0   0   0   0   0
    0]
 [  2   9  32  10 253  13  52  11   5   1  25   2   0   0   1   1   0   0
    0]
 [  0   1   1   0  25  86  37  17   0  10   5   4   1   1   1   0   0   0
    0]
 [  1   5  17   4  53  32 495  37  10  12  21  12   1   1   0   0   0   0
    0]
 [  1   3   7   6  17   6  42 462  14  18  10  21   3   3   0   0   0   0
    0]
 [  0   1   4   1   4   5  24  43 133   8   6   3   3   1   0   0   0   0
    0]
 [  0   0   1   2   5   5  22  99  33 750  40  22  17  15   1   0   0   0
    0]
 [  3   1  11   2  12   7  27  16   9  47 222  30   7  14   1   0   0   0
    0]
 [  2   5  26   8  40  22 134 140  26 180 300 383  50 160  10   5   0   0
    0]
 [  0   0   6   0   7   2   3  19  15  29  36  51 129  46   6   0   0   0
    0]
 [  0   0   3   0   2   1  15  28   3  49 136 176  38 563  55   3   0   0
    0]
 [  0   0   2   0   1   0   2   9   1   9  15  23  12 113  61   6   4   0
    0]
 [  0   0   1   0   0   0   0   3   0   3   1   6   6  51  34   6   3   0
    0]
 [  0   0   0   0   0   0   0   0   0   0   0   2   1   2  21  10  13   0
    0]
 [  0   0   0   0   0   0   0   1   0   1   0   0   1   1   4   0   5   0
    0]
 [  0   0   0   0   0   0   0   0   0   0   0   0   0   2   3   2   5   0
    3]]
{'eval_loss': 1.473158836364746, 'eval_macro_f1': 0.43363977029511974, 'eval_macro_precision': 0.47020419060487717, 'eval_macro_recall': 0.45458288834933447, 'eval_accuracy': 0.5172366621067032, 'eval_accuracy_with_margin': 0.680437756497948, 'eval_Distance': 1.2662106703146374, 'eval_Quadratic Weighted Kappa': 0.7785497245527674, 'eval_runtime': 5.4164, 'eval_samples_per_second': 1349.608, 'eval_steps_per_second': 84.374, 'epoch': 2.0}
{'loss': 0.5005, 'grad_norm': 17.25533103942871, 'learning_rate': 2.5006131959774343e-05, 'epoch': 3.0}
              precision    recall  f1-score   support

           0     0.7451    0.8636    0.8000        44
           1     0.6500    0.7647    0.7027        68
           2     0.5041    0.6758    0.5775       182
           3     0.4337    0.4615    0.4472        78
           4     0.5517    0.6787    0.6086       417
           5     0.4693    0.5661    0.5132       189
           6     0.6305    0.6719    0.6506       701
           7     0.6369    0.6754    0.6556       613
           8     0.5109    0.5975    0.5508       236
           9     0.6571    0.7935    0.7189      1012
          10     0.2995    0.4768    0.3679       409
          11     0.5782    0.3622    0.4454      1491
          12     0.4860    0.4470    0.4657       349
          13     0.5821    0.5718    0.5769      1072
          14     0.2715    0.2326    0.2505       258
          15     0.1111    0.0088    0.0163       114
          16     0.4800    0.2449    0.3243        49
          17     0.0000    0.0000    0.0000        13
          18     1.0000    0.1333    0.2353        15

    accuracy                         0.5536      7310
   macro avg     0.5051    0.4856    0.4688      7310
weighted avg     0.5525    0.5536    0.5432      7310

[[ 38   4   1   0   1   0   0   0   0   0   0   0   0   0   0   0   0   0
    0]
 [  3  52   6   0   3   1   0   1   1   0   0   1   0   0   0   0   0   0
    0]
 [  1   4 123   3  24   1  14   0   0   0   7   4   1   0   0   0   0   0
    0]
 [  1   1  10  36  14   2   7   3   0   2   2   0   0   0   0   0   0   0
    0]
 [  4   6  28  12 283  19  29   5   3   1  17   7   0   1   2   0   0   0
    0]
 [  0   1   1   0  19 107  31   8   2   4   5   6   0   2   3   0   0   0
    0]
 [  0   4  19   6  65  36 471  26  20  11  24  15   2   2   0   0   0   0
    0]
 [  1   2   6   9  22   9  45 414  30  30  10  28   4   3   0   0   0   0
    0]
 [  0   1   3   1   3   7  12  19 141  20  12   9   6   2   0   0   0   0
    0]
 [  0   0   0   2   4  10  13  43  30 803  45  22  16  20   4   0   0   0
    0]
 [  3   0  11   2  16   7  22  13   7  51 195  50  13  18   1   0   0   0
    0]
 [  0   5  24  12  46  25  93  84  28 188 207 540  59 162  17   1   0   0
    0]
 [  0   0   6   0   8   1   2  10   9  32  24  55 156  42   4   0   0   0
    0]
 [  0   0   3   0   4   1   8  14   5  68  94 168  40 613  54   0   0   0
    0]
 [  0   0   2   0   1   2   0   8   0   7   8  23  15 125  60   3   4   0
    0]
 [  0   0   1   0   0   0   0   1   0   4   1   4   7  57  37   1   1   0
    0]
 [  0   0   0   0   0   0   0   0   0   0   0   2   0   4  28   3  12   0
    0]
 [  0   0   0   0   0   0   0   1   0   1   0   0   1   1   7   0   2   0
    0]
 [  0   0   0   0   0   0   0   0   0   0   0   0   1   1   4   1   6   0
    2]]
{'eval_loss': 1.4731732606887817, 'eval_macro_f1': 0.4688035959712145, 'eval_macro_precision': 0.5051447485179321, 'eval_macro_recall': 0.4855803435355807, 'eval_accuracy': 0.5536251709986321, 'eval_accuracy_with_margin': 0.7047879616963064, 'eval_Distance': 1.1689466484268125, 'eval_Quadratic Weighted Kappa': 0.7932179689429175, 'eval_runtime': 5.4376, 'eval_samples_per_second': 1344.354, 'eval_steps_per_second': 84.045, 'epoch': 3.0}
{'loss': 0.3515, 'grad_norm': 19.748991012573242, 'learning_rate': 1.667279862644101e-05, 'epoch': 4.0}
              precision    recall  f1-score   support

           0     0.7600    0.8636    0.8085        44
           1     0.6341    0.7647    0.6933        68
           2     0.5120    0.7033    0.5926       182
           3     0.3814    0.4744    0.4229        78
           4     0.5976    0.6091    0.6033       417
           5     0.4470    0.5132    0.4778       189
           6     0.5628    0.7218    0.6325       701
           7     0.5716    0.7096    0.6332       613
           8     0.5125    0.6102    0.5571       236
           9     0.7151    0.7045    0.7098      1012
          10     0.3406    0.4181    0.3754       409
          11     0.5541    0.3501    0.4291      1491
          12     0.3555    0.5673    0.4371       349
          13     0.5747    0.5457    0.5598      1072
          14     0.2941    0.1938    0.2336       258
          15     0.1333    0.0351    0.0556       114
          16     0.4074    0.2245    0.2895        49
          17     0.0000    0.0000    0.0000        13
          18     1.0000    0.2667    0.4211        15

    accuracy                         0.5402      7310
   macro avg     0.4923    0.4882    0.4701      7310
weighted avg     0.5410    0.5402    0.5308      7310

[[ 38   3   1   0   1   0   1   0   0   0   0   0   0   0   0   0   0   0
    0]
 [  4  52   7   1   1   1   1   1   0   0   0   0   0   0   0   0   0   0
    0]
 [  1   6 128   3  18   1  17   0   1   0   4   2   1   0   0   0   0   0
    0]
 [  0   2  10  37   9   3  10   4   0   2   1   0   0   0   0   0   0   0
    0]
 [  2   5  29  18 254  21  47  10   5   0  10  12   0   3   1   0   0   0
    0]
 [  0   1   1   1  20  97  38  10   2   5   4   6   0   2   2   0   0   0
    0]
 [  0   3  16   9  43  30 506  47  12   6  14  13   1   1   0   0   0   0
    0]
 [  1   2   7   8  16  12  40 435  26  18  12  25   6   5   0   0   0   0
    0]
 [  0   1   4   2   2  10  22  24 144  11   2   4   9   1   0   0   0   0
    0]
 [  0   0   0   2   5   8  24  72  38 713  46  52  32  20   0   0   0   0
    0]
 [  3   1  12   3   7   7  40  18   9  34 171  51  30  23   0   0   0   0
    0]
 [  1   6  23  13  42  23 126 103  23 141 150 522 128 176  10   4   0   0
    0]
 [  0   0   5   0   5   3   6  10  14  23  18  42 198  24   1   0   0   0
    0]
 [  0   0   4   0   1   1  17  15   6  35  61 185 109 585  48   4   1   0
    0]
 [  0   0   2   0   1   0   4   9   1   6   8  21  27 117  50   8   4   0
    0]
 [  0   0   1   0   0   0   0   1   0   2   1   4  12  58  29   4   2   0
    0]
 [  0   0   0   0   0   0   0   0   0   0   0   2   2   2  23   8  11   1
    0]
 [  0   0   0   0   0   0   0   2   0   1   0   0   1   1   4   0   4   0
    0]
 [  0   0   0   0   0   0   0   0   0   0   0   1   1   0   2   2   5   0
    4]]
{'eval_loss': 1.6743159294128418, 'eval_macro_f1': 0.47011253639249706, 'eval_macro_precision': 0.49231968840452917, 'eval_macro_recall': 0.48819916816843273, 'eval_accuracy': 0.540218878248974, 'eval_accuracy_with_margin': 0.698358413132695, 'eval_Distance': 1.195485636114911, 'eval_Quadratic Weighted Kappa': 0.7914919282137195, 'eval_runtime': 5.4184, 'eval_samples_per_second': 1349.113, 'eval_steps_per_second': 84.343, 'epoch': 4.0}
{'loss': 0.2335, 'grad_norm': 10.27580738067627, 'learning_rate': 8.339465293107677e-06, 'epoch': 5.0}
              precision    recall  f1-score   support

           0     0.7451    0.8636    0.8000        44
           1     0.6322    0.8088    0.7097        68
           2     0.4884    0.6923    0.5727       182
           3     0.4000    0.4872    0.4393        78
           4     0.5912    0.6139    0.6024       417
           5     0.4196    0.5661    0.4820       189
           6     0.5870    0.6976    0.6375       701
           7     0.6107    0.6884    0.6472       613
           8     0.5263    0.5932    0.5578       236
           9     0.6761    0.7757    0.7225      1012
          10     0.2895    0.4841    0.3623       409
          11     0.5738    0.3414    0.4281      1491
          12     0.4381    0.4871    0.4613       349
          13     0.5916    0.4879    0.5348      1072
          14     0.2567    0.2597    0.2582       258
          15     0.1707    0.0614    0.0903       114
          16     0.3871    0.2449    0.3000        49
          17     0.0000    0.0000    0.0000        13
          18     1.0000    0.2000    0.3333        15

    accuracy                         0.5397      7310
   macro avg     0.4939    0.4923    0.4705      7310
weighted avg     0.5468    0.5397    0.5319      7310

[[ 38   3   1   0   1   0   1   0   0   0   0   0   0   0   0   0   0   0
    0]
 [  3  55   5   1   1   1   1   1   0   0   0   0   0   0   0   0   0   0
    0]
 [  1   7 126   3  20   1  16   0   0   0   5   2   1   0   0   0   0   0
    0]
 [  1   1  11  38  11   2   8   3   0   2   1   0   0   0   0   0   0   0
    0]
 [  3   4  34  18 256  22  46   7   3   1  12   8   0   2   1   0   0   0
    0]
 [  0   1   1   0  18 107  34   9   1   6   5   3   0   2   2   0   0   0
    0]
 [  0   4  18   8  42  42 489  43  15  10  20   8   1   1   0   0   0   0
    0]
 [  1   3   8   8  15  12  37 422  28  29  17  25   4   4   0   0   0   0
    0]
 [  0   1   4   1   2  11  16  22 140  19   9   3   6   2   0   0   0   0
    0]
 [  0   0   0   2   6  10  16  49  28 785  47  30  23  14   2   0   0   0
    0]
 [  3   1  12   3  11   8  32  13  10  49 198  40  16  11   1   1   0   0
    0]
 [  1   7  25  13  39  33 115  88  22 170 226 509  74 146  18   5   0   0
    0]
 [  0   0   7   0   6   2   4   9  12  27  26  47 170  36   3   0   0   0
    0]
 [  0   0   3   0   4   3  17  13   6  51 108 176  65 523  93   9   1   0
    0]
 [  0   0   2   0   1   1   1   9   1   7   8  29  17 101  67   9   5   0
    0]
 [  0   0   1   0   0   0   0   1   0   4   1   4   7  39  48   7   2   0
    0]
 [  0   0   0   0   0   0   0   0   0   0   1   2   2   2  21   8  12   1
    0]
 [  0   0   0   0   0   0   0   2   0   1   0   0   1   1   3   0   5   0
    0]
 [  0   0   0   0   0   0   0   0   0   0   0   1   1   0   2   2   6   0
    3]]
{'eval_loss': 1.9349100589752197, 'eval_macro_f1': 0.470496957812886, 'eval_macro_precision': 0.49391114395702074, 'eval_macro_recall': 0.4922819897859766, 'eval_accuracy': 0.539671682626539, 'eval_accuracy_with_margin': 0.7045143638850889, 'eval_Distance': 1.1958960328317374, 'eval_Quadratic Weighted Kappa': 0.7894695691662016, 'eval_runtime': 5.4201, 'eval_samples_per_second': 1348.692, 'eval_steps_per_second': 84.316, 'epoch': 5.0}
{'loss': 0.1548, 'grad_norm': 0.8643399477005005, 'learning_rate': 6.13195977434388e-09, 'epoch': 6.0}
              precision    recall  f1-score   support

           0     0.7451    0.8636    0.8000        44
           1     0.5867    0.6471    0.6154        68
           2     0.5078    0.7198    0.5955       182
           3     0.3905    0.5256    0.4481        78
           4     0.5779    0.6139    0.5953       417
           5     0.4407    0.5503    0.4894       189
           6     0.5942    0.6976    0.6417       701
           7     0.6417    0.6721    0.6566       613
           8     0.5054    0.5975    0.5476       236
           9     0.7028    0.7619    0.7312      1012
          10     0.3091    0.4792    0.3758       409
          11     0.5477    0.3930    0.4576      1491
          12     0.4205    0.4699    0.4438       349
          13     0.5867    0.4953    0.5372      1072
          14     0.2458    0.2248    0.2348       258
          15     0.1739    0.0351    0.0584       114
          16     0.3659    0.3061    0.3333        49
          17     0.0000    0.0000    0.0000        13
          18     1.0000    0.1333    0.2353        15

    accuracy                         0.5449      7310
   macro avg     0.4917    0.4835    0.4630      7310
weighted avg     0.5465    0.5449    0.5385      7310

[[ 38   3   1   0   1   0   1   0   0   0   0   0   0   0   0   0   0   0
    0]
 [  3  44   5   1   1   1   0   1   0   0   0  12   0   0   0   0   0   0
    0]
 [  1   6 131   4  16   1  15   0   0   0   5   2   1   0   0   0   0   0
    0]
 [  1   1   7  41  12   3   8   2   0   2   1   0   0   0   0   0   0   0
    0]
 [  3   4  33  19 256  18  47   7   3   1  13  11   0   1   1   0   0   0
    0]
 [  0   1   1   0  20 104  33   9   1   6   3   8   0   2   1   0   0   0
    0]
 [  0   4  18  10  49  37 489  33  17  10  18  14   1   1   0   0   0   0
    0]
 [  1   2   8   9  17  11  39 412  32  28  16  30   3   5   0   0   0   0
    0]
 [  0   1   4   2   3  10  15  21 141  18   8   5   6   2   0   0   0   0
    0]
 [  0   0   0   2   5   9  16  45  31 771  56  43  21  11   2   0   0   0
    0]
 [  3   2  12   3  12   8  32  13   9  36 196  52  16  14   1   0   0   0
    0]
 [  1   7  26  14  42  29 110  71  25 149 182 586  81 148  16   4   0   0
    0]
 [  0   0   5   0   5   2   2   8  12  24  29  64 164  31   3   0   0   0
    0]
 [  0   0   4   0   3   2  15  10   7  43  99 201  68 531  85   2   2   0
    0]
 [  0   0   2   0   1   1   1   8   1   5   7  33  19 108  58   6   8   0
    0]
 [  0   0   1   0   0   0   0   0   0   3   1   6   6  47  42   4   4   0
    0]
 [  0   0   0   0   0   0   0   0   0   0   0   2   2   3  22   5  15   0
    0]
 [  0   0   0   0   0   0   0   2   0   1   0   0   1   1   3   0   5   0
    0]
 [  0   0   0   0   0   0   0   0   0   0   0   1   1   0   2   2   7   0
    2]]
{'eval_loss': 2.0816078186035156, 'eval_macro_f1': 0.46300267708637793, 'eval_macro_precision': 0.49169777615445653, 'eval_macro_recall': 0.4834803406106927, 'eval_accuracy': 0.5448700410396717, 'eval_accuracy_with_margin': 0.7043775649794801, 'eval_Distance': 1.190560875512996, 'eval_Quadratic Weighted Kappa': 0.7859232993151314, 'eval_runtime': 5.4175, 'eval_samples_per_second': 1349.323, 'eval_steps_per_second': 84.356, 'epoch': 6.0}
{'train_runtime': 1190.2344, 'train_samples_per_second': 438.166, 'train_steps_per_second': 6.851, 'train_loss': 0.49346186712965356, 'epoch': 6.0}
              precision    recall  f1-score   support

           0     0.4588    0.8864    0.6047        44
           1     0.4138    0.3529    0.3810        68
           2     0.4921    0.6868    0.5734       182
           3     0.4857    0.4359    0.4595        78
           4     0.5597    0.6067    0.5823       417
           5     0.4725    0.4550    0.4636       189
           6     0.5625    0.7061    0.6262       701
           7     0.5191    0.7537    0.6148       613
           8     0.5320    0.5636    0.5473       236
           9     0.6702    0.7411    0.7039      1012
          10     0.2694    0.5428    0.3601       409
          11     0.5183    0.2569    0.3435      1491
          12     0.4778    0.3696    0.4168       349
          13     0.5786    0.5252    0.5506      1072
          14     0.3081    0.2364    0.2675       258
          15     0.1818    0.0526    0.0816       114
          16     0.4333    0.2653    0.3291        49
          17     0.0000    0.0000    0.0000        13
          18     1.0000    0.2000    0.3333        15

    accuracy                         0.5172      7310
   macro avg     0.4702    0.4546    0.4336      7310
weighted avg     0.5227    0.5172    0.5027      7310

[[ 39   3   1   0   1   0   0   0   0   0   0   0   0   0   0   0   0   0
    0]
 [ 34  24   5   0   2   1   0   1   0   0   0   1   0   0   0   0   0   0
    0]
 [  2   5 125   3  21   1  15   0   1   0   5   3   1   0   0   0   0   0
    0]
 [  1   1  12  34   9   1  12   4   0   2   2   0   0   0   0   0   0   0
    0]
 [  2   9  32  10 253  13  52  11   5   1  25   2   0   0   1   1   0   0
    0]
 [  0   1   1   0  25  86  37  17   0  10   5   4   1   1   1   0   0   0
    0]
 [  1   5  17   4  53  32 495  37  10  12  21  12   1   1   0   0   0   0
    0]
 [  1   3   7   6  17   6  42 462  14  18  10  21   3   3   0   0   0   0
    0]
 [  0   1   4   1   4   5  24  43 133   8   6   3   3   1   0   0   0   0
    0]
 [  0   0   1   2   5   5  22  99  33 750  40  22  17  15   1   0   0   0
    0]
 [  3   1  11   2  12   7  27  16   9  47 222  30   7  14   1   0   0   0
    0]
 [  2   5  26   8  40  22 134 140  26 180 300 383  50 160  10   5   0   0
    0]
 [  0   0   6   0   7   2   3  19  15  29  36  51 129  46   6   0   0   0
    0]
 [  0   0   3   0   2   1  15  28   3  49 136 176  38 563  55   3   0   0
    0]
 [  0   0   2   0   1   0   2   9   1   9  15  23  12 113  61   6   4   0
    0]
 [  0   0   1   0   0   0   0   3   0   3   1   6   6  51  34   6   3   0
    0]
 [  0   0   0   0   0   0   0   0   0   0   0   2   1   2  21  10  13   0
    0]
 [  0   0   0   0   0   0   0   1   0   1   0   0   1   1   4   0   5   0
    0]
 [  0   0   0   0   0   0   0   0   0   0   0   0   0   2   3   2   5   0
    3]]
***** eval metrics *****
  eval_Distance                 =     1.2662
  eval_Quadratic Weighted Kappa =     0.7785
  eval_accuracy                 =     0.5172
  eval_accuracy_with_margin     =     0.6804
  eval_loss                     =     1.4732
  eval_macro_f1                 =     0.4336
  eval_macro_precision          =     0.4702
  eval_macro_recall             =     0.4546
  eval_runtime                  = 0:00:05.45
  eval_samples_per_second       =   1340.615
  eval_steps_per_second         =     83.811
Accuracy: 51.7237
Accuracy with margin of one level: 68.0438
Average distance between labels and predictions: 1.266211
Quadratic Weighted Kappa: 77.8550
              precision    recall  f1-score   support

           0     0.6042    0.9062    0.7250        32
           1     0.2623    0.4444    0.3299        36
           2     0.6435    0.5248    0.5781       141
           3     0.5789    0.5116    0.5432        86
           4     0.5787    0.6579    0.6158       380
           5     0.5591    0.5108    0.5338       139
           6     0.5211    0.7402    0.6116       585
           7     0.5011    0.8096    0.6191       541
           8     0.4788    0.5947    0.5305       190
           9     0.6652    0.7416    0.7013      1010
          10     0.2803    0.5539    0.3722       464
          11     0.5653    0.2708    0.3662      1662
          12     0.4923    0.3630    0.4179       438
          13     0.5400    0.4798    0.5081      1042
          14     0.3246    0.3187    0.3216       273
          15     0.4176    0.2360    0.3016       161
          16     0.2121    0.1045    0.1400        67
          17     0.0000    0.0000    0.0000        23
          18     0.6667    0.2500    0.3636        16

    accuracy                         0.5104      7286
   macro avg     0.4680    0.4747    0.4516      7286
weighted avg     0.5262    0.5104    0.4967      7286

[[ 29   2   0   0   0   0   1   0   0   0   0   0   0   0   0   0   0   0
    0]
 [ 11  16   3   0   1   0   3   0   1   0   0   1   0   0   0   0   0   0
    0]
 [  2   9  74   1  40   1   6   4   1   0   2   1   0   0   0   0   0   0
    0]
 [  1   1   1  44  12   1  17   4   3   0   1   1   0   0   0   0   0   0
    0]
 [  0  11  12   9 250  10  57  13   4   0  11   2   0   1   0   0   0   0
    0]
 [  0   0   0   0  26  71  20  12   2   2   4   2   0   0   0   0   0   0
    0]
 [  0  10   3   9  41  13 433  34   5   6  10  17   1   2   1   0   0   0
    0]
 [  3   1   1   1   7   3  34 438  12  15   9   7   4   3   2   1   0   0
    0]
 [  1   2   3   1   2   5  11  23 113  13   6   4   5   0   1   0   0   0
    0]
 [  0   0   0   0   5   2  25  90  27 749  58  23  12  14   4   1   0   0
    0]
 [  1   3   5   2  13   2  37  25   6  61 257  25   9  16   2   0   0   0
    0]
 [  0   5  11   8  31  16 150 171  38 169 352 450  62 183  15   1   0   0
    0]
 [  0   1   0   0   1   2  11  21  17  45  54  50 159  57  19   1   0   0
    0]
 [  0   0   2   0   3   0  24  26   7  52 134 189  39 500  51  15   0   0
    0]
 [  0   0   0   1   0   1   2  10   0   8  12  16  19  97  87  15   5   0
    0]
 [  0   0   0   0   0   0   0   2   0   3   2   5   9  37  58  38   7   0
    0]
 [  0   0   0   0   0   0   0   0   0   2   5   1   1   9  25  16   7   0
    1]
 [  0   0   0   0   0   0   0   0   0   0   0   1   3   5   2   1  10   0
    1]
 [  0   0   0   0   0   0   0   1   0   1   0   1   0   2   1   2   4   0
    4]]
***** test metrics *****
  test_Distance                 =     1.2422
  test_Quadratic Weighted Kappa =     0.7816
  test_accuracy                 =     0.5104
  test_accuracy_with_margin     =     0.6777
  test_loss                     =     1.4608
  test_macro_f1                 =     0.4516
  test_macro_precision          =      0.468
  test_macro_recall             =     0.4747
  test_runtime                  = 0:00:05.55
  test_samples_per_second       =    1311.47
  test_steps_per_second         =     82.079
Accuracy: 51.0431
Accuracy with margin of one level: 67.7738
Average distance between labels and predictions: 1.242245
Quadratic Weighted Kappa: 78.1631
[1;34mwandb[0m: 
[1;34mwandb[0m: 🚀 View run [33mbarec_tarab_uniform_6k_per_class_86k[0m at: [34mhttps://wandb.ai/mohamed-mahmoud-new-york-university/habibi-readability-arabertv02-confidences/runs/itiljmjw[0m
[1;34mwandb[0m: Find logs at: [1;35mwandb/run-20260423_181812-itiljmjw/logs[0m
