HOST: cn264
CUDA_VISIBLE_DEVICES=0
CUDA_HOME=/share/apps/NYUAD5/cuda/12.2.0
GPU 0: NVIDIA A100-SXM4-80GB (UUID: GPU-cefde89e-44cd-f19a-f429-3bcfb437cd06)
torch 2.9.0+cu128
cuda_available True
cuda_device_count 1
torch_cuda 12.8
model: bert-base-arabertv02, levels: 19
wandb project='habibi-readability-arabertv02-confidences' group='barec_tarab_2x' run='barec_tarab_2X_55k_match_distribution_155k_wo_pseudolabel19'
Warning: The cache directory for DeepSpeed Triton autotune, /home/mom8702/.triton/autotune, appears to be on an NFS system. While this is generally acceptable, if you experience slowdowns or hanging when DeepSpeed exits, it is recommended to set the TRITON_CACHE_DIR environment variable to a non-NFS path.
{'loss': 0.6695, 'grad_norm': 14.084796905517578, 'learning_rate': 4.1670104510451047e-05, 'epoch': 1.0}
              precision    recall  f1-score   support

           0     0.6909    0.8636    0.7677        44
           1     0.5000    0.7206    0.5904        68
           2     0.4787    0.4945    0.4865       182
           3     0.4458    0.4744    0.4596        78
           4     0.5009    0.6451    0.5639       417
           5     0.5227    0.3651    0.4299       189
           6     0.5378    0.7204    0.6159       701
           7     0.7407    0.5873    0.6551       613
           8     0.7338    0.4788    0.5795       236
           9     0.7099    0.7302    0.7199      1012
          10     0.2863    0.5208    0.3695       409
          11     0.5158    0.4058    0.4542      1491
          12     0.5340    0.2923    0.3778       349
          13     0.5425    0.6604    0.5957      1072
          14     0.2663    0.1744    0.2108       258
          15     0.1667    0.0088    0.0167       114
          16     0.2222    0.0408    0.0690        49
          17     0.0000    0.0000    0.0000        13
          18     0.0000    0.0000    0.0000        15

    accuracy                         0.5397      7310
   macro avg     0.4418    0.4307    0.4191      7310
weighted avg     0.5430    0.5397    0.5297      7310

[[ 38   5   0   0   1   0   0   0   0   0   0   0   0   0   0   0   0   0
    0]
 [  6  49   5   0   2   3   1   1   0   0   0   1   0   0   0   0   0   0
    0]
 [  2  11  90   5  28   2  33   0   0   0   7   4   0   0   0   0   0   0
    0]
 [  0   1   5  37  17   1  10   3   0   0   2   2   0   0   0   0   0   0
    0]
 [  3  13  23  15 269   5  49   4   1   0  21  10   0   4   0   0   0   0
    0]
 [  0   1   1   0  43  69  44   3   0   4   5  18   0   1   0   0   0   0
    0]
 [  0   5  16   7  62  19 505  14   4  13  24  30   0   2   0   0   0   0
    0]
 [  1   4   7   6  21   9  69 360   9  47  15  58   2   5   0   0   0   0
    0]
 [  0   1   2   2   7   3  30  12 113  26  12  22   5   1   0   0   0   0
    0]
 [  0   0   0   2  10   3  28  23  10 739  89  65  16  24   3   0   0   0
    0]
 [  3   3   7   2   8   3  27   2   5  37 213  67   8  23   1   0   0   0
    0]
 [  2   5  21   7  55  10 117  47   7 110 222 605  33 237  13   0   0   0
    0]
 [  0   0   6   0   8   2   7   9   2  32  23  80 102  74   4   0   0   0
    0]
 [  0   0   3   0   5   1  13   4   2  23  99 171  17 708  26   0   0   0
    0]
 [  0   0   1   0   1   2   6   2   1   6  10  31   3 146  45   3   1   0
    0]
 [  0   0   1   0   0   0   0   1   0   3   1   6   4  72  24   1   1   0
    0]
 [  0   0   0   0   0   0   0   0   0   0   1   2   0   6  36   2   2   0
    0]
 [  0   0   0   0   0   0   0   1   0   1   0   0   1   1   9   0   0   0
    0]
 [  0   0   0   0   0   0   0   0   0   0   0   1   0   1   8   0   5   0
    0]]
{'eval_loss': 1.4102375507354736, 'eval_macro_f1': 0.41905108596289997, 'eval_macro_precision': 0.4418455030972037, 'eval_macro_recall': 0.43069719849901145, 'eval_accuracy': 0.539671682626539, 'eval_accuracy_with_margin': 0.6957592339261286, 'eval_Distance': 1.1975376196990424, 'eval_Quadratic Weighted Kappa': 0.7891518359987609, 'eval_runtime': 5.5212, 'eval_samples_per_second': 1323.977, 'eval_steps_per_second': 82.771, 'epoch': 1.0}
{'loss': 0.4302, 'grad_norm': 7.742031574249268, 'learning_rate': 3.3336771177117716e-05, 'epoch': 2.0}
              precision    recall  f1-score   support

           0     0.8000    0.7273    0.7619        44
           1     0.5158    0.7206    0.6012        68
           2     0.4943    0.7088    0.5824       182
           3     0.4535    0.5000    0.4756        78
           4     0.5909    0.5612    0.5756       417
           5     0.4519    0.4974    0.4736       189
           6     0.5523    0.7461    0.6347       701
           7     0.6877    0.6395    0.6627       613
           8     0.5991    0.5636    0.5808       236
           9     0.7273    0.7510    0.7389      1012
          10     0.3402    0.4010    0.3681       409
          11     0.5046    0.4816    0.4928      1491
          12     0.4375    0.4011    0.4185       349
          13     0.5756    0.5933    0.5843      1072
          14     0.2625    0.0814    0.1243       258
          15     0.2500    0.0088    0.0169       114
          16     0.3462    0.1837    0.2400        49
          17     0.0000    0.0000    0.0000        13
          18     0.0000    0.0000    0.0000        15

    accuracy                         0.5573      7310
   macro avg     0.4521    0.4508    0.4385      7310
weighted avg     0.5455    0.5573    0.5454      7310

[[ 32  11   0   0   1   0   0   0   0   0   0   0   0   0   0   0   0   0
    0]
 [  3  49   6   1   1   2   2   1   0   0   0   3   0   0   0   0   0   0
    0]
 [  0   6 129   3  11   0  18   0   0   0   7   7   1   0   0   0   0   0
    0]
 [  0   0  15  39   5   1   9   4   0   2   1   2   0   0   0   0   0   0
    0]
 [  2   8  39  14 234  14  64   4   5   0  21   7   1   4   0   0   0   0
    0]
 [  0   1   2   1  28  94  40   3   0   3   4  11   1   1   0   0   0   0
    0]
 [  0   5  17   6  33  38 523  16   9  11  13  30   0   0   0   0   0   0
    0]
 [  1   4   6   8  15  10  67 392  22  30   6  46   2   4   0   0   0   0
    0]
 [  0   1   4   1   4   8  21  16 133  22   7  17   2   0   0   0   0   0
    0]
 [  0   0   0   2   5  11  25  34  18 760  50  73  14  20   0   0   0   0
    0]
 [  0   6   6   2   7   3  38   5   8  34 164 107  13  15   1   0   0   0
    0]
 [  2   4  23   8  42  21 114  61  12 113 142 718  67 159   5   0   0   0
    0]
 [  0   0   7   1   6   3   6  11  12  30  15  77 140  39   2   0   0   0
    0]
 [  0   0   4   0   3   1  15  11   2  28  46 270  51 636   5   0   0   0
    0]
 [  0   0   2   0   1   2   5   8   1   8   5  39  14 147  21   2   3   0
    0]
 [  0   0   1   0   0   0   0   1   0   3   0  12  10  67  17   1   2   0
    0]
 [  0   0   0   0   0   0   0   1   0   0   1   2   3  10  22   1   9   0
    0]
 [  0   0   0   0   0   0   0   2   0   1   0   0   1   2   4   0   3   0
    0]
 [  0   0   0   0   0   0   0   0   0   0   0   2   0   1   3   0   9   0
    0]]
{'eval_loss': 1.405504584312439, 'eval_macro_f1': 0.43854961046490276, 'eval_macro_precision': 0.4520663459623801, 'eval_macro_recall': 0.45084550957286457, 'eval_accuracy': 0.5573187414500684, 'eval_accuracy_with_margin': 0.706155950752394, 'eval_Distance': 1.1660738714090286, 'eval_Quadratic Weighted Kappa': 0.7871084025488151, 'eval_runtime': 5.5232, 'eval_samples_per_second': 1323.508, 'eval_steps_per_second': 82.742, 'epoch': 2.0}
{'loss': 0.3165, 'grad_norm': 3.1134181022644043, 'learning_rate': 2.500343784378438e-05, 'epoch': 3.0}
              precision    recall  f1-score   support

           0     0.7778    0.7955    0.7865        44
           1     0.4375    0.4118    0.4242        68
           2     0.5160    0.7088    0.5972       182
           3     0.4301    0.5128    0.4678        78
           4     0.6697    0.5348    0.5947       417
           5     0.5635    0.3757    0.4508       189
           6     0.6403    0.6933    0.6658       701
           7     0.7479    0.5710    0.6475       613
           8     0.5841    0.5297    0.5556       236
           9     0.7332    0.7223    0.7277      1012
          10     0.3982    0.3301    0.3610       409
          11     0.4576    0.6003    0.5193      1491
          12     0.5459    0.3582    0.4325       349
          13     0.5500    0.5849    0.5669      1072
          14     0.2752    0.2326    0.2521       258
          15     0.1071    0.0263    0.0423       114
          16     0.3421    0.2653    0.2989        49
          17     0.0000    0.0000    0.0000        13
          18     0.3846    0.3333    0.3571        15

    accuracy                         0.5583      7310
   macro avg     0.4821    0.4519    0.4604      7310
weighted avg     0.5602    0.5583    0.5531      7310

[[ 35   7   1   0   1   0   0   0   0   0   0   0   0   0   0   0   0   0
    0]
 [  3  28   6   2   1   0   0   1   1   0   0  26   0   0   0   0   0   0
    0]
 [  1   4 129   4  10   0  12   0   1   0   9  11   0   1   0   0   0   0
    0]
 [  0   1  11  40   5   1   5   3   0   3   2   7   0   0   0   0   0   0
    0]
 [  2   8  36  14 223  12  63   6   3   3  15  28   0   4   0   0   0   0
    0]
 [  1   1   1   0  21  71  39   4   5  10   3  31   0   2   0   0   0   0
    0]
 [  0   3  19  11  26  20 486  18  13  12  16  75   0   2   0   0   0   0
    0]
 [  1   2   8   5  10   3  40 350  26  47   8 104   2   7   0   0   0   0
    0]
 [  0   1   3   1   1   2  16  11 125  28   8  31   6   3   0   0   0   0
    0]
 [  0   0   1   1   2   4  11  23  19 731  35 143  17  25   0   0   0   0
    0]
 [  0   5   6   2   6   2  24   2   7  27 135 154  12  26   1   0   0   0
    0]
 [  2   4  21  13  22  10  56  38   7  95  73 895  24 208  19   4   0   0
    0]
 [  0   0   3   0   4   1   3   4   4  19   9 106 125  64   7   0   0   0
    0]
 [  0   0   2   0   0   0   4   4   2  14  24 281  26 627  80   7   1   0
    0]
 [  0   0   2   0   1   0   0   3   1   5   2  47  10 112  60   5  10   0
    0]
 [  0   0   1   0   0   0   0   0   0   2   0  11   5  53  35   3   3   0
    1]
 [  0   0   0   0   0   0   0   0   0   0   0   4   1   4  14   8  13   0
    5]
 [  0   0   0   0   0   0   0   1   0   1   0   1   1   1   2   0   4   0
    2]
 [  0   0   0   0   0   0   0   0   0   0   0   1   0   1   0   1   7   0
    5]]
{'eval_loss': 1.4704147577285767, 'eval_macro_f1': 0.460415635975743, 'eval_macro_precision': 0.4821462727004748, 'eval_macro_recall': 0.4519170839596561, 'eval_accuracy': 0.5582763337893297, 'eval_accuracy_with_margin': 0.7013679890560875, 'eval_Distance': 1.156497948016416, 'eval_Quadratic Weighted Kappa': 0.786656597192568, 'eval_runtime': 5.4794, 'eval_samples_per_second': 1334.083, 'eval_steps_per_second': 83.403, 'epoch': 3.0}
{'loss': 0.2146, 'grad_norm': 21.055465698242188, 'learning_rate': 1.6670104510451045e-05, 'epoch': 4.0}
              precision    recall  f1-score   support

           0     0.8298    0.8864    0.8571        44
           1     0.6329    0.7353    0.6803        68
           2     0.5566    0.6758    0.6104       182
           3     0.5139    0.4744    0.4933        78
           4     0.5793    0.6307    0.6039       417
           5     0.4854    0.5291    0.5063       189
           6     0.6125    0.7104    0.6579       701
           7     0.6696    0.6150    0.6412       613
           8     0.6114    0.5000    0.5501       236
           9     0.7109    0.7510    0.7304      1012
          10     0.3567    0.3863    0.3709       409
          11     0.5056    0.4842    0.4947      1491
          12     0.4382    0.4470    0.4426       349
          13     0.5592    0.5728    0.5659      1072
          14     0.2804    0.2054    0.2371       258
          15     0.1591    0.0614    0.0886       114
          16     0.3103    0.1837    0.2308        49
          17     0.0000    0.0000    0.0000        13
          18     0.5000    0.2000    0.2857        15

    accuracy                         0.5591      7310
   macro avg     0.4901    0.4763    0.4762      7310
weighted avg     0.5504    0.5591    0.5529      7310

[[ 39   3   1   0   0   0   1   0   0   0   0   0   0   0   0   0   0   0
    0]
 [  2  50   6   0   3   1   1   1   1   0   0   3   0   0   0   0   0   0
    0]
 [  0   6 123   3  18   0  18   0   0   0  10   3   1   0   0   0   0   0
    0]
 [  0   1   8  37  15   1   7   2   0   1   2   4   0   0   0   0   0   0
    0]
 [  3   7  23   8 263  20  46   6   2   1  17  16   0   5   0   0   0   0
    0]
 [  0   1   0   0  23 100  31   6   2   7   4  12   1   2   0   0   0   0
    0]
 [  0   4  16   8  42  29 498  26  12  15  13  35   0   3   0   0   0   0
    0]
 [  1   1   8   4  22  14  42 377  27  42   9  48   8  10   0   0   0   0
    0]
 [  0   1   2   1   3   7  18  18 118  32   6  17  10   3   0   0   0   0
    0]
 [  0   0   0   1   7   9  10  36  11 760  42  90  27  17   2   0   0   0
    0]
 [  0   2   7   3  11   6  32   6   5  29 158 106  17  26   1   0   0   0
    0]
 [  2   3  20   6  38  16  89  62   8 126 117 722  69 194  16   3   0   0
    0]
 [  0   0   2   1   6   1   5   8   5  21  18  75 156  45   6   0   0   0
    0]
 [  0   0   2   0   2   1  14   9   1  26  42 245  43 614  58  14   1   0
    0]
 [  0   0   2   0   1   1   1   4   1   5   4  44  14 114  53   9   5   0
    0]
 [  0   0   1   0   0   0   0   0   0   3   0   8   7  56  30   7   1   0
    1]
 [  0   0   0   0   0   0   0   1   0   0   1   0   2   5  18  11   9   0
    2]
 [  0   0   0   0   0   0   0   1   0   1   0   0   1   2   3   0   5   0
    0]
 [  0   0   0   0   0   0   0   0   0   0   0   0   0   2   2   0   8   0
    3]]
{'eval_loss': 1.664765477180481, 'eval_macro_f1': 0.47616922262937544, 'eval_macro_precision': 0.49010098602899665, 'eval_macro_recall': 0.47625524409154396, 'eval_accuracy': 0.5590971272229822, 'eval_accuracy_with_margin': 0.7046511627906977, 'eval_Distance': 1.1331053351573188, 'eval_Quadratic Weighted Kappa': 0.803304369593292, 'eval_runtime': 5.4917, 'eval_samples_per_second': 1331.108, 'eval_steps_per_second': 83.217, 'epoch': 4.0}
{'loss': 0.137, 'grad_norm': 1.526833415031433, 'learning_rate': 8.336771177117712e-06, 'epoch': 5.0}
              precision    recall  f1-score   support

           0     0.7547    0.9091    0.8247        44
           1     0.4894    0.3382    0.4000        68
           2     0.5362    0.6923    0.6043       182
           3     0.4375    0.5385    0.4828        78
           4     0.5888    0.6283    0.6079       417
           5     0.4600    0.4868    0.4730       189
           6     0.6161    0.7076    0.6587       701
           7     0.6684    0.6215    0.6441       613
           8     0.5708    0.5466    0.5584       236
           9     0.7145    0.7717    0.7420      1012
          10     0.3394    0.4108    0.3717       409
          11     0.4836    0.5231    0.5026      1491
          12     0.4395    0.3954    0.4163       349
          13     0.5922    0.4823    0.5316      1072
          14     0.2591    0.1938    0.2217       258
          15     0.1111    0.0175    0.0303       114
          16     0.4000    0.2449    0.3038        49
          17     0.0000    0.0000    0.0000        13
          18     0.5000    0.1333    0.2105        15

    accuracy                         0.5528      7310
   macro avg     0.4716    0.4548    0.4518      7310
weighted avg     0.5451    0.5528    0.5456      7310

[[ 40   2   1   0   0   0   1   0   0   0   0   0   0   0   0   0   0   0
    0]
 [  5  23   6   1   2   1   2   1   1   0   0  26   0   0   0   0   0   0
    0]
 [  0   5 126   5  14   1  15   0   0   0  10   6   0   0   0   0   0   0
    0]
 [  0   1  10  42   7   1   8   3   1   0   1   4   0   0   0   0   0   0
    0]
 [  5   4  26  12 262  18  46   7   1   1  17  14   0   3   1   0   0   0
    0]
 [  0   1   1   0  27  92  28   7   4   7   4  15   1   2   0   0   0   0
    0]
 [  0   3  15  11  49  32 496  23  10  13  16  30   1   2   0   0   0   0
    0]
 [  1   2   9   6  19  13  42 381  29  40  12  49   3   7   0   0   0   0
    0]
 [  0   1   3   2   4   5  14  23 129  22   9  15   7   2   0   0   0   0
    0]
 [  0   0   0   1   7   9   9  36  23 781  42  70  20  14   0   0   0   0
    0]
 [  0   2   8   3  10   7  31   6   6  37 168 101  10  19   1   0   0   0
    0]
 [  2   3  22  13  32  19  94  59  11 128 132 780  60 120  14   2   0   0
    0]
 [  0   0   3   0   7   2   5   8   9  21  18 102 138  30   6   0   0   0
    0]
 [  0   0   2   0   4   0  12   8   2  34  58 321  50 517  62   2   0   0
    0]
 [  0   0   2   0   1   0   2   5   0   5   6  63  14 100  50   5   5   0
    0]
 [  0   0   1   0   0   0   0   1   0   3   1  12   6  49  36   2   2   0
    1]
 [  0   0   0   0   0   0   0   1   0   0   1   3   2   5  18   6  12   0
    1]
 [  0   0   0   0   0   0   0   1   0   1   0   0   2   2   3   0   4   0
    0]
 [  0   0   0   0   0   0   0   0   0   0   0   2   0   1   2   1   7   0
    2]]
{'eval_loss': 2.014108896255493, 'eval_macro_f1': 0.45181820564808356, 'eval_macro_precision': 0.4716458551164255, 'eval_macro_recall': 0.45483003293257257, 'eval_accuracy': 0.5528043775649795, 'eval_accuracy_with_margin': 0.701641586867305, 'eval_Distance': 1.181668946648427, 'eval_Quadratic Weighted Kappa': 0.7784894023235311, 'eval_runtime': 5.4962, 'eval_samples_per_second': 1330.022, 'eval_steps_per_second': 83.149, 'epoch': 5.0}
{'loss': 0.0838, 'grad_norm': 31.988370895385742, 'learning_rate': 3.437843784378438e-09, 'epoch': 6.0}
              precision    recall  f1-score   support

           0     0.7692    0.9091    0.8333        44
           1     0.4898    0.3529    0.4103        68
           2     0.5435    0.6868    0.6068       182
           3     0.4301    0.5128    0.4678        78
           4     0.5794    0.6475    0.6116       417
           5     0.4673    0.4921    0.4794       189
           6     0.6343    0.6904    0.6612       701
           7     0.6349    0.6411    0.6380       613
           8     0.5455    0.5593    0.5523       236
           9     0.7068    0.7431    0.7245      1012
          10     0.3440    0.4205    0.3784       409
          11     0.5000    0.5023    0.5012      1491
          12     0.4100    0.4241    0.4169       349
          13     0.5817    0.4981    0.5367      1072
          14     0.2552    0.1899    0.2178       258
          15     0.1818    0.0526    0.0816       114
          16     0.3929    0.2245    0.2857        49
          17     0.0000    0.0000    0.0000        13
          18     0.5000    0.0667    0.1176        15

    accuracy                         0.5503      7310
   macro avg     0.4719    0.4534    0.4485      7310
weighted avg     0.5436    0.5503    0.5444      7310

[[ 40   2   1   0   0   0   1   0   0   0   0   0   0   0   0   0   0   0
    0]
 [  3  24   6   1   4   1   1   1   1   0   0  26   0   0   0   0   0   0
    0]
 [  1   5 125   5  18   1  12   0   0   0   9   6   0   0   0   0   0   0
    0]
 [  0   2  10  40   8   1   6   5   1   0   1   4   0   0   0   0   0   0
    0]
 [  5   4  25  12 270  17  40   7   2   1  16  14   0   3   1   0   0   0
    0]
 [  0   1   1   1  27  93  27   7   4   7   3  15   1   2   0   0   0   0
    0]
 [  0   4  14  10  47  30 484  36  13  15  16  29   1   2   0   0   0   0
    0]
 [  1   2   9   5  20  12  36 393  35  38  12  38   4   8   0   0   0   0
    0]
 [  0   1   2   2   2   6  15  19 132  25  11  13   6   2   0   0   0   0
    0]
 [  0   0   0   1   7   9   9  43  28 752  50  74  24  15   0   0   0   0
    0]
 [  0   2   8   3  10   7  31   9   6  32 172  94  16  18   1   0   0   0
    0]
 [  2   2  21  12  41  20  78  75   9 129 124 749  79 133  14   3   0   0
    0]
 [  0   0   3   1   7   2   5   7   9  23  22  76 148  43   3   0   0   0
    0]
 [  0   0   2   0   4   0  15   9   2  35  54 288  55 534  70   3   1   0
    0]
 [  0   0   2   0   1   0   3   5   0   3   7  57  17 101  49   6   7   0
    0]
 [  0   0   1   0   0   0   0   1   0   3   2  12   7  49  32   6   0   0
    1]
 [  0   0   0   0   0   0   0   1   0   0   1   3   2   4  16  11  11   0
    0]
 [  0   0   0   0   0   0   0   1   0   1   0   0   1   2   4   2   2   0
    0]
 [  0   0   0   0   0   0   0   0   0   0   0   0   0   2   2   2   7   1
    1]]
{'eval_loss': 2.2418906688690186, 'eval_macro_f1': 0.4484779517553295, 'eval_macro_precision': 0.4719135893460937, 'eval_macro_recall': 0.4533666729995855, 'eval_accuracy': 0.5503419972640219, 'eval_accuracy_with_margin': 0.7017783857729138, 'eval_Distance': 1.182763337893297, 'eval_Quadratic Weighted Kappa': 0.7798822258772955, 'eval_runtime': 5.4916, 'eval_samples_per_second': 1331.12, 'eval_steps_per_second': 83.218, 'epoch': 6.0}
{'train_runtime': 2010.496, 'train_samples_per_second': 462.814, 'train_steps_per_second': 7.234, 'train_loss': 0.3085984942412088, 'epoch': 6.0}
              precision    recall  f1-score   support

           0     0.8000    0.7273    0.7619        44
           1     0.5158    0.7206    0.6012        68
           2     0.4943    0.7088    0.5824       182
           3     0.4535    0.5000    0.4756        78
           4     0.5909    0.5612    0.5756       417
           5     0.4519    0.4974    0.4736       189
           6     0.5523    0.7461    0.6347       701
           7     0.6877    0.6395    0.6627       613
           8     0.5991    0.5636    0.5808       236
           9     0.7273    0.7510    0.7389      1012
          10     0.3402    0.4010    0.3681       409
          11     0.5046    0.4816    0.4928      1491
          12     0.4375    0.4011    0.4185       349
          13     0.5756    0.5933    0.5843      1072
          14     0.2625    0.0814    0.1243       258
          15     0.2500    0.0088    0.0169       114
          16     0.3462    0.1837    0.2400        49
          17     0.0000    0.0000    0.0000        13
          18     0.0000    0.0000    0.0000        15

    accuracy                         0.5573      7310
   macro avg     0.4521    0.4508    0.4385      7310
weighted avg     0.5455    0.5573    0.5454      7310

[[ 32  11   0   0   1   0   0   0   0   0   0   0   0   0   0   0   0   0
    0]
 [  3  49   6   1   1   2   2   1   0   0   0   3   0   0   0   0   0   0
    0]
 [  0   6 129   3  11   0  18   0   0   0   7   7   1   0   0   0   0   0
    0]
 [  0   0  15  39   5   1   9   4   0   2   1   2   0   0   0   0   0   0
    0]
 [  2   8  39  14 234  14  64   4   5   0  21   7   1   4   0   0   0   0
    0]
 [  0   1   2   1  28  94  40   3   0   3   4  11   1   1   0   0   0   0
    0]
 [  0   5  17   6  33  38 523  16   9  11  13  30   0   0   0   0   0   0
    0]
 [  1   4   6   8  15  10  67 392  22  30   6  46   2   4   0   0   0   0
    0]
 [  0   1   4   1   4   8  21  16 133  22   7  17   2   0   0   0   0   0
    0]
 [  0   0   0   2   5  11  25  34  18 760  50  73  14  20   0   0   0   0
    0]
 [  0   6   6   2   7   3  38   5   8  34 164 107  13  15   1   0   0   0
    0]
 [  2   4  23   8  42  21 114  61  12 113 142 718  67 159   5   0   0   0
    0]
 [  0   0   7   1   6   3   6  11  12  30  15  77 140  39   2   0   0   0
    0]
 [  0   0   4   0   3   1  15  11   2  28  46 270  51 636   5   0   0   0
    0]
 [  0   0   2   0   1   2   5   8   1   8   5  39  14 147  21   2   3   0
    0]
 [  0   0   1   0   0   0   0   1   0   3   0  12  10  67  17   1   2   0
    0]
 [  0   0   0   0   0   0   0   1   0   0   1   2   3  10  22   1   9   0
    0]
 [  0   0   0   0   0   0   0   2   0   1   0   0   1   2   4   0   3   0
    0]
 [  0   0   0   0   0   0   0   0   0   0   0   2   0   1   3   0   9   0
    0]]
***** eval metrics *****
  eval_Distance                 =     1.1661
  eval_Quadratic Weighted Kappa =     0.7871
  eval_accuracy                 =     0.5573
  eval_accuracy_with_margin     =     0.7062
  eval_loss                     =     1.4055
  eval_macro_f1                 =     0.4385
  eval_macro_precision          =     0.4521
  eval_macro_recall             =     0.4508
  eval_runtime                  = 0:00:05.48
  eval_samples_per_second       =   1333.209
  eval_steps_per_second         =     83.348
Accuracy: 55.7319
Accuracy with margin of one level: 70.6156
Average distance between labels and predictions: 1.166074
Quadratic Weighted Kappa: 78.7108
              precision    recall  f1-score   support

           0     0.8333    0.6250    0.7143        32
           1     0.3676    0.6944    0.4808        36
           2     0.6240    0.5532    0.5865       141
           3     0.5253    0.6047    0.5622        86
           4     0.5904    0.5842    0.5873       380
           5     0.5227    0.4964    0.5092       139
           6     0.5072    0.7795    0.6146       585
           7     0.6883    0.7061    0.6971       541
           8     0.5628    0.5421    0.5523       190
           9     0.6965    0.7386    0.7170      1010
          10     0.3676    0.4009    0.3835       464
          11     0.5430    0.5283    0.5355      1662
          12     0.4614    0.4361    0.4484       438
          13     0.5390    0.5240    0.5314      1042
          14     0.3239    0.1685    0.2217       273
          15     0.6061    0.1242    0.2062       161
          16     0.1724    0.0746    0.1042        67
          17     0.0000    0.0000    0.0000        23
          18     0.0000    0.0000    0.0000        16

    accuracy                         0.5524      7286
   macro avg     0.4701    0.4516    0.4448      7286
weighted avg     0.5468    0.5524    0.5421      7286

[[ 20  10   0   0   0   0   2   0   0   0   0   0   0   0   0   0   0   0
    0]
 [  2  25   3   0   1   2   1   0   1   0   0   1   0   0   0   0   0   0
    0]
 [  0  10  78   2  39   1   7   0   0   0   3   1   0   0   0   0   0   0
    0]
 [  0   1   1  52   7   2  20   1   0   0   2   0   0   0   0   0   0   0
    0]
 [  0   9  20  18 222  10  78   7   2   0  11   2   0   1   0   0   0   0
    0]
 [  0   0   1   1  22  69  28   7   1   1   3   5   0   1   0   0   0   0
    0]
 [  1   3   5  11  29  10 456  12   7   5   8  36   2   0   0   0   0   0
    0]
 [  1   1   1   1  10   6  54 382  16  27   1  30   8   2   1   0   0   0
    0]
 [  0   1   2   1   3   8  12   8 103  28   6  13   3   1   0   0   1   0
    0]
 [  0   0   0   3   3   3  31  30  18 746  73  70  13  19   1   0   0   0
    0]
 [  0   4   5   2  10   2  38  12   1  45 186 121  19  18   1   0   0   0
    0]
 [  0   4   8   7  29  14 140  70  12 127 137 878  81 150   5   0   0   0
    0]
 [  0   0   0   0   1   4   9  14  15  43  26  88 191  38   9   0   0   0
    0]
 [  0   0   1   0   0   0  21   7   4  37  39 315  56 546   9   7   0   0
    0]
 [  0   0   0   1   0   1   2   4   3   7   6  31  28 140  46   2   2   0
    0]
 [  0   0   0   0   0   0   0   1   0   3   1  12  11  71  40  20   2   0
    0]
 [  0   0   0   0   0   0   0   0   0   1   4   7   2  20  24   4   5   0
    0]
 [  0   0   0   0   0   0   0   0   0   0   0   4   0   5   4   0  10   0
    0]
 [  0   0   0   0   0   0   0   0   0   1   0   3   0   1   2   0   9   0
    0]]
***** test metrics *****
  test_Distance                 =     1.0953
  test_Quadratic Weighted Kappa =     0.8086
  test_accuracy                 =     0.5524
  test_accuracy_with_margin     =     0.7041
  test_loss                     =     1.4035
  test_macro_f1                 =     0.4448
  test_macro_precision          =     0.4701
  test_macro_recall             =     0.4516
  test_runtime                  = 0:00:05.62
  test_samples_per_second       =   1294.433
  test_steps_per_second         =     81.013
Accuracy: 55.2429
Accuracy with margin of one level: 70.4090
Average distance between labels and predictions: 1.095251
Quadratic Weighted Kappa: 80.8558
[1;34mwandb[0m: 
[1;34mwandb[0m: 🚀 View run [33mbarec_tarab_2X_55k_match_distribution_155k_wo_pseudolabel19[0m at: [34mhttps://wandb.ai/mohamed-mahmoud-new-york-university/habibi-readability-arabertv02-confidences/runs/uf3n10gc[0m
[1;34mwandb[0m: Find logs at: [1;35mwandb/run-20260520_001845-uf3n10gc/logs[0m
