HOST: cn013
CUDA_VISIBLE_DEVICES=0
CUDA_HOME=/share/apps/NYUAD5/cuda/12.2.0
GPU 0: NVIDIA A100 80GB PCIe (UUID: GPU-e47d1e95-187a-eb7c-05a5-62fc5b840ddd)
torch 2.9.0+cu128
cuda_available True
cuda_device_count 1
torch_cuda 12.8
model: bert-base-arabertv02, levels: 19
wandb project='habibi-readability-arabertv02-confidences' group='barec_tarab_2x' run='barec_tarab_2X_55k_match_distribution_155k'
Warning: The cache directory for DeepSpeed Triton autotune, /home/mom8702/.triton/autotune, appears to be on an NFS system. While this is generally acceptable, if you experience slowdowns or hanging when DeepSpeed exits, it is recommended to set the TRITON_CACHE_DIR environment variable to a non-NFS path.
{'loss': 0.6687, 'grad_norm': 5.594386100769043, 'learning_rate': 4.1670101676284694e-05, 'epoch': 1.0}
              precision    recall  f1-score   support

           0     0.6667    0.8182    0.7347        44
           1     0.5890    0.6324    0.6099        68
           2     0.4890    0.7308    0.5859       182
           3     0.5208    0.3205    0.3968        78
           4     0.5670    0.5276    0.5466       417
           5     0.4805    0.3915    0.4315       189
           6     0.5508    0.7033    0.6178       701
           7     0.6582    0.6346    0.6462       613
           8     0.6103    0.5042    0.5522       236
           9     0.7316    0.7381    0.7349      1012
          10     0.3641    0.3374    0.3503       409
          11     0.5085    0.4829    0.4954      1491
          12     0.3815    0.4613    0.4176       349
          13     0.5570    0.6567    0.6027      1072
          14     0.3043    0.1085    0.1600       258
          15     0.1000    0.0175    0.0299       114
          16     0.5000    0.0408    0.0755        49
          17     0.0000    0.0000    0.0000        13
          18     0.2727    0.4000    0.3243        15

    accuracy                         0.5527      7310
   macro avg     0.4659    0.4477    0.4375      7310
weighted avg     0.5412    0.5527    0.5405      7310

[[ 36   6   0   0   2   0   0   0   0   0   0   0   0   0   0   0   0   0
    0]
 [  6  43   8   2   3   1   1   1   0   0   0   3   0   0   0   0   0   0
    0]
 [  1   5 133   1  23   0   8   0   1   0   4   5   1   0   0   0   0   0
    0]
 [  0   2  14  25  12   0  15   4   0   0   1   5   0   0   0   0   0   0
    0]
 [  5   5  32   9 220  13  75   8  10   2  13  21   0   4   0   0   0   0
    0]
 [  0   1   3   0  19  74  45  10   2   9   3  21   0   1   1   0   0   0
    0]
 [  0   3  28   4  35  27 493  23  11  15  19  42   1   0   0   0   0   0
    0]
 [  1   3   6   3  14   8  53 389  17  41   6  62   3   7   0   0   0   0
    0]
 [  0   0   2   0   3   4  24  21 119  19   9  23  11   1   0   0   0   0
    0]
 [  0   0   0   1   5   6  16  42  12 747  57  68  31  23   4   0   0   0
    0]
 [  3   1   5   1  11   2  32   6  10  29 138 113  29  27   2   0   0   0
    0]
 [  2   4  27   2  33  16 116  58   7 108  89 720  88 208   9   3   1   0
    0]
 [  0   0   8   0   7   2   5  10   4  16   7  85 161  42   2   0   0   0
    0]
 [  0   0   3   0   0   0  10  11   1  26  31 205  69 704  11   1   0   0
    0]
 [  0   0   2   0   1   1   2   6   1   5   2  32  16 155  28   4   0   0
    3]
 [  0   0   1   0   0   0   0   0   0   3   0   6   9  76  14   2   0   0
    3]
 [  0   0   0   0   0   0   0   0   0   0   0   4   2  14  15   4   2   0
    8]
 [  0   0   0   0   0   0   0   2   0   1   0   0   1   1   3   3   0   0
    2]
 [  0   0   0   0   0   0   0   0   0   0   0   1   0   1   3   3   1   0
    6]]
{'eval_loss': 1.377615213394165, 'eval_macro_f1': 0.4374795036809598, 'eval_macro_precision': 0.4659011756408123, 'eval_macro_recall': 0.4477053287009664, 'eval_accuracy': 0.5526675786593708, 'eval_accuracy_with_margin': 0.6993160054719563, 'eval_Distance': 1.1681258549931601, 'eval_Quadratic Weighted Kappa': 0.7934210962494651, 'eval_runtime': 6.5075, 'eval_samples_per_second': 1123.326, 'eval_steps_per_second': 70.227, 'epoch': 1.0}
{'loss': 0.43, 'grad_norm': 4.186697006225586, 'learning_rate': 3.333676834295136e-05, 'epoch': 2.0}
              precision    recall  f1-score   support

           0     0.7660    0.8182    0.7912        44
           1     0.6049    0.7206    0.6577        68
           2     0.5272    0.6923    0.5986       182
           3     0.4198    0.4359    0.4277        78
           4     0.4873    0.6906    0.5714       417
           5     0.4798    0.4392    0.4586       189
           6     0.6194    0.6548    0.6366       701
           7     0.6480    0.6786    0.6629       613
           8     0.6627    0.4661    0.5473       236
           9     0.6917    0.7470    0.7183      1012
          10     0.3133    0.5086    0.3877       409
          11     0.5378    0.4433    0.4860      1491
          12     0.4421    0.4155    0.4284       349
          13     0.5881    0.5728    0.5803      1072
          14     0.3000    0.1744    0.2206       258
          15     0.1667    0.0175    0.0317       114
          16     0.2609    0.1224    0.1667        49
          17     0.0000    0.0000    0.0000        13
          18     0.3333    0.1333    0.1905        15

    accuracy                         0.5527      7310
   macro avg     0.4657    0.4595    0.4506      7310
weighted avg     0.5491    0.5527    0.5447      7310

[[ 36   5   2   0   1   0   0   0   0   0   0   0   0   0   0   0   0   0
    0]
 [  4  49   7   0   3   0   1   1   0   0   0   3   0   0   0   0   0   0
    0]
 [  1   5 126   3  18   1  18   0   0   0   6   3   1   0   0   0   0   0
    0]
 [  0   2  10  34  17   1   7   4   0   0   1   2   0   0   0   0   0   0
    0]
 [  4   3  27  13 288  10  32   4   3   1  15  12   1   4   0   0   0   0
    0]
 [  0   1   1   0  41  83  25  10   2   5   4  14   0   2   1   0   0   0
    0]
 [  0   6  17  10  81  36 459  26  13  14  17  21   0   1   0   0   0   0
    0]
 [  1   2   7   4  32   9  45 416   9  40   6  39   0   3   0   0   0   0
    0]
 [  0   1   2   0   6   5  12  26 110  31  10  20  11   2   0   0   0   0
    0]
 [  0   0   0   2   8   8  10  38   8 756  94  50  20  16   2   0   0   0
    0]
 [  0   5   5   4  23   2  28   8   7  32 208  52  14  19   2   0   0   0
    0]
 [  1   2  22  11  56  15  90  75   8 140 194 661  61 143  11   1   0   0
    0]
 [  0   0   8   0   8   2   4  11   3  26  20  74 145  42   6   0   0   0
    0]
 [  0   0   3   0   7   1   9  12   2  37  78 229  50 614  28   2   0   0
    0]
 [  0   0   2   0   1   0   1   7   1   7   8  39  14 125  45   4   4   0
    0]
 [  0   0   0   0   1   0   0   1   0   3   3   7   7  62  26   2   1   0
    1]
 [  0   0   0   0   0   0   0   1   0   0   0   2   3   8  23   3   6   0
    3]
 [  0   0   0   0   0   0   0   2   0   1   0   0   1   2   2   0   5   0
    0]
 [  0   0   0   0   0   0   0   0   0   0   0   1   0   1   4   0   7   0
    2]]
{'eval_loss': 1.4009922742843628, 'eval_macro_f1': 0.45064155476839207, 'eval_macro_precision': 0.4657268973713801, 'eval_macro_recall': 0.4595360411843333, 'eval_accuracy': 0.5526675786593708, 'eval_accuracy_with_margin': 0.7047879616963064, 'eval_Distance': 1.1673050615595075, 'eval_Quadratic Weighted Kappa': 0.7924317350921699, 'eval_runtime': 6.492, 'eval_samples_per_second': 1126.009, 'eval_steps_per_second': 70.395, 'epoch': 2.0}
{'loss': 0.3171, 'grad_norm': 3.772751569747925, 'learning_rate': 2.5003435009618026e-05, 'epoch': 3.0}
              precision    recall  f1-score   support

           0     0.7955    0.7955    0.7955        44
           1     0.6316    0.7059    0.6667        68
           2     0.5508    0.7143    0.6220       182
           3     0.4217    0.4487    0.4348        78
           4     0.6278    0.5947    0.6108       417
           5     0.4173    0.6138    0.4968       189
           6     0.5985    0.6805    0.6368       701
           7     0.6695    0.6509    0.6600       613
           8     0.6341    0.5508    0.5896       236
           9     0.7306    0.7638    0.7469      1012
          10     0.3661    0.4645    0.4095       409
          11     0.5154    0.5064    0.5108      1491
          12     0.4563    0.4785    0.4671       349
          13     0.5928    0.5392    0.5647      1072
          14     0.2740    0.1550    0.1980       258
          15     0.1429    0.0614    0.0859       114
          16     0.3684    0.1429    0.2059        49
          17     0.0000    0.0000    0.0000        13
          18     0.6667    0.1333    0.2222        15

    accuracy                         0.5659      7310
   macro avg     0.4979    0.4737    0.4697      7310
weighted avg     0.5607    0.5659    0.5600      7310

[[ 35   6   1   0   2   0   0   0   0   0   0   0   0   0   0   0   0   0
    0]
 [  2  48   8   0   5   0   1   1   0   0   0   3   0   0   0   0   0   0
    0]
 [  1   4 130   4  17   3  11   0   0   0   8   3   0   1   0   0   0   0
    0]
 [  0   1  10  35   8   3   8   5   0   3   1   4   0   0   0   0   0   0
    0]
 [  4   3  22  14 248  28  50   6   2   1  16  19   0   4   0   0   0   0
    0]
 [  0   1   1   0  13 116  24  10   1   3   3  13   1   2   1   0   0   0
    0]
 [  0   3  15  13  37  56 477  29  11  11  16  32   1   0   0   0   0   0
    0]
 [  1   3   5   4  12  14  46 399  23  35   8  54   2   7   0   0   0   0
    0]
 [  0   1   1   1   1   6  20  20 130  22   7  18   8   1   0   0   0   0
    0]
 [  0   0   0   1   4  10  19  31  19 773  51  69  20  15   0   0   0   0
    0]
 [  0   5   6   2   8   8  28   9   6  27 190  89  12  17   2   0   0   0
    0]
 [  1   1  25   8  31  29  95  63   8 119 133 755  68 142  10   3   0   0
    0]
 [  0   0   5   1   5   3   3   8   3  23  19  77 167  32   3   0   0   0
    0]
 [  0   0   4   0   3   1  13   9   1  30  62 266  59 578  32  14   0   0
    0]
 [  0   0   3   0   1   1   2   4   1   8   5  47  17 114  40  13   2   0
    0]
 [  0   0   0   0   0   0   0   0   0   2   0  12   7  54  31   7   1   0
    0]
 [  0   0   0   0   0   0   0   0   0   0   0   3   3   5  19  11   7   0
    1]
 [  0   0   0   0   0   0   0   2   0   1   0   0   1   2   4   0   3   0
    0]
 [  0   0   0   0   0   0   0   0   0   0   0   1   0   1   4   1   6   0
    2]]
{'eval_loss': 1.4747684001922607, 'eval_macro_f1': 0.4696868708570038, 'eval_macro_precision': 0.49788835322624986, 'eval_macro_recall': 0.4736893516177433, 'eval_accuracy': 0.56593707250342, 'eval_accuracy_with_margin': 0.7132694938440493, 'eval_Distance': 1.1247606019151848, 'eval_Quadratic Weighted Kappa': 0.7979878689368737, 'eval_runtime': 6.5042, 'eval_samples_per_second': 1123.886, 'eval_steps_per_second': 70.262, 'epoch': 3.0}
{'loss': 0.2131, 'grad_norm': 4.622034072875977, 'learning_rate': 1.6670101676284692e-05, 'epoch': 4.0}
              precision    recall  f1-score   support

           0     0.7660    0.8182    0.7912        44
           1     0.6118    0.7647    0.6797        68
           2     0.5325    0.7198    0.6121       182
           3     0.3737    0.4744    0.4181        78
           4     0.5578    0.6019    0.5790       417
           5     0.4943    0.4603    0.4767       189
           6     0.6088    0.6904    0.6471       701
           7     0.6595    0.6542    0.6568       613
           8     0.5233    0.6653    0.5858       236
           9     0.7198    0.7490    0.7341      1012
          10     0.3030    0.4230    0.3531       409
          11     0.5098    0.4715    0.4899      1491
          12     0.3944    0.4871    0.4359       349
          13     0.6029    0.4674    0.5265      1072
          14     0.2973    0.2132    0.2483       258
          15     0.1333    0.0175    0.0310       114
          16     0.3056    0.2245    0.2588        49
          17     0.0000    0.0000    0.0000        13
          18     0.6667    0.1333    0.2222        15

    accuracy                         0.5487      7310
   macro avg     0.4769    0.4756    0.4603      7310
weighted avg     0.5466    0.5487    0.5430      7310

[[ 36   5   1   0   2   0   0   0   0   0   0   0   0   0   0   0   0   0
    0]
 [  4  52   7   0   3   0   1   1   0   0   0   0   0   0   0   0   0   0
    0]
 [  1   4 131   5  18   0  13   0   0   0   7   2   1   0   0   0   0   0
    0]
 [  0   2  11  37   6   1   9   6   0   2   1   3   0   0   0   0   0   0
    0]
 [  4   6  26  18 251  16  51   5   4   1  20  11   0   4   0   0   0   0
    0]
 [  0   1   0   1  24  87  43   7   5   5   5   9   0   2   0   0   0   0
    0]
 [  0   4  16  13  47  31 484  26  25  10  20  25   0   0   0   0   0   0
    0]
 [  1   3   7   6  21   7  37 401  39  30  16  38   1   6   0   0   0   0
    0]
 [  0   1   2   0   3   4  13  18 157  16   5  13   3   1   0   0   0   0
    0]
 [  0   0   0   1   8   7  16  34  25 758  53  77  21  12   0   0   0   0
    0]
 [  0   5   7   4  13   4  25  10  10  39 173  82  23  12   2   0   0   0
    0]
 [  1   2  23  14  42  17  84  68  21 131 160 703 100 113  10   2   0   0
    0]
 [  0   0   7   0   5   1   3  11   9  21  24  68 170  27   3   0   0   0
    0]
 [  0   0   4   0   6   1  14  12   4  30  76 286  80 501  54   2   2   0
    0]
 [  0   0   3   0   1   0   2   6   1   5   9  48  21  95  55   6   6   0
    0]
 [  0   0   1   0   0   0   0   1   0   4   2  10   7  48  36   2   3   0
    0]
 [  0   0   0   0   0   0   0   0   0   0   0   3   3   7  21   3  11   0
    1]
 [  0   0   0   0   0   0   0   2   0   1   0   0   1   2   2   0   5   0
    0]
 [  0   0   0   0   0   0   0   0   0   0   0   1   0   1   2   0   9   0
    2]]
{'eval_loss': 1.6892300844192505, 'eval_macro_f1': 0.4603424671168352, 'eval_macro_precision': 0.47687058592108056, 'eval_macro_recall': 0.47555850434904545, 'eval_accuracy': 0.5487004103967168, 'eval_accuracy_with_margin': 0.7054719562243502, 'eval_Distance': 1.1534883720930234, 'eval_Quadratic Weighted Kappa': 0.7954148416605509, 'eval_runtime': 6.4992, 'eval_samples_per_second': 1124.759, 'eval_steps_per_second': 70.317, 'epoch': 4.0}
{'loss': 0.134, 'grad_norm': 3.7673957347869873, 'learning_rate': 8.33676834295136e-06, 'epoch': 5.0}
              precision    recall  f1-score   support

           0     0.7800    0.8864    0.8298        44
           1     0.5333    0.3529    0.4248        68
           2     0.5511    0.6813    0.6093       182
           3     0.4458    0.4744    0.4596        78
           4     0.5789    0.6067    0.5925       417
           5     0.4478    0.4762    0.4615       189
           6     0.6113    0.6619    0.6356       701
           7     0.6543    0.6639    0.6591       613
           8     0.5923    0.5847    0.5885       236
           9     0.6971    0.7688    0.7312      1012
          10     0.3271    0.4254    0.3698       409
          11     0.5213    0.4836    0.5017      1491
          12     0.4118    0.4212    0.4164       349
          13     0.5726    0.5187    0.5443      1072
          14     0.2622    0.2287    0.2443       258
          15     0.1200    0.0263    0.0432       114
          16     0.3590    0.2857    0.3182        49
          17     0.0000    0.0000    0.0000        13
          18     0.7500    0.2000    0.3158        15

    accuracy                         0.5514      7310
   macro avg     0.4851    0.4604    0.4603      7310
weighted avg     0.5452    0.5514    0.5460      7310

[[ 39   2   1   0   2   0   0   0   0   0   0   0   0   0   0   0   0   0
    0]
 [  3  24   5   0   4   1   1   1   1   0   2  26   0   0   0   0   0   0
    0]
 [  1   3 124   5  16   1  16   0   2   0   9   4   0   1   0   0   0   0
    0]
 [  0   1  11  37   5   1   7   6   0   2   1   7   0   0   0   0   0   0
    0]
 [  5   4  21  11 253  18  46   9   5   1  21  18   0   5   0   0   0   0
    0]
 [  0   1   0   0  21  90  36   9   3   8   5  12   0   3   1   0   0   0
    0]
 [  0   4  13  11  50  35 464  35  14  17  24  33   0   1   0   0   0   0
    0]
 [  1   2   8   6  19   8  38 407  22  31  14  40   4  13   0   0   0   0
    0]
 [  0   1   1   1   3   5  13  25 138  21   9  12   5   2   0   0   0   0
    0]
 [  0   0   0   1   6   9  14  33  19 778  46  60  21  22   2   1   0   0
    0]
 [  0   2   5   2   8   8  28  10  10  41 174  83  16  20   2   0   0   0
    0]
 [  1   1  22   9  37  20  82  63   8 143 134 721  81 151  13   5   0   0
    0]
 [  0   0   8   0   5   3   3   9   8  25  26  70 147  35   9   1   0   0
    0]
 [  0   0   3   0   7   2  11   8   3  37  58 248  59 556  74   3   3   0
    0]
 [  0   0   2   0   1   0   0   5   0   8   8  36  15 110  59   7   7   0
    0]
 [  0   0   1   0   0   0   0   0   0   3   1   9   6  44  43   3   3   1
    0]
 [  0   0   0   0   0   0   0   0   0   0   0   3   2   6  18   4  14   1
    1]
 [  0   0   0   0   0   0   0   2   0   1   0   0   1   1   3   0   5   0
    0]
 [  0   0   0   0   0   0   0   0   0   0   0   1   0   1   1   1   7   1
    3]]
{'eval_loss': 1.9230592250823975, 'eval_macro_f1': 0.46030103153574065, 'eval_macro_precision': 0.4850515751012438, 'eval_macro_recall': 0.46035977581202764, 'eval_accuracy': 0.551436388508892, 'eval_accuracy_with_margin': 0.7035567715458276, 'eval_Distance': 1.192202462380301, 'eval_Quadratic Weighted Kappa': 0.7746332801077505, 'eval_runtime': 6.4984, 'eval_samples_per_second': 1124.885, 'eval_steps_per_second': 70.325, 'epoch': 5.0}
{'loss': 0.0832, 'grad_norm': 2.341071128845215, 'learning_rate': 3.4350096180269303e-09, 'epoch': 6.0}
              precision    recall  f1-score   support

           0     0.7917    0.8636    0.8261        44
           1     0.5000    0.3529    0.4138        68
           2     0.5339    0.6923    0.6029       182
           3     0.4362    0.5256    0.4767        78
           4     0.5948    0.6091    0.6019       417
           5     0.4238    0.4709    0.4461       189
           6     0.6093    0.6762    0.6410       701
           7     0.6549    0.6656    0.6602       613
           8     0.5708    0.5636    0.5672       236
           9     0.7135    0.7530    0.7327      1012
          10     0.3402    0.4450    0.3856       409
          11     0.5161    0.4956    0.5056      1491
          12     0.3994    0.4155    0.4073       349
          13     0.5725    0.5084    0.5385      1072
          14     0.2475    0.1899    0.2149       258
          15     0.1304    0.0263    0.0438       114
          16     0.3514    0.2653    0.3023        49
          17     0.0000    0.0000    0.0000        13
          18     0.6667    0.1333    0.2222        15

    accuracy                         0.5509      7310
   macro avg     0.4765    0.4554    0.4520      7310
weighted avg     0.5446    0.5509    0.5452      7310

[[ 38   2   1   0   2   0   1   0   0   0   0   0   0   0   0   0   0   0
    0]
 [  3  24   8   1   2   1   1   1   1   0   0  26   0   0   0   0   0   0
    0]
 [  1   4 126   5  17   1  13   1   2   0   7   4   1   0   0   0   0   0
    0]
 [  0   1  10  41   4   2   6   5   0   1   1   7   0   0   0   0   0   0
    0]
 [  4   5  23  10 254  22  45   9   5   1  18  16   0   5   0   0   0   0
    0]
 [  0   1   0   0  21  89  40   8   3   8   5  10   0   3   1   0   0   0
    0]
 [  0   4  13  15  44  37 474  34  13  17  19  30   0   1   0   0   0   0
    0]
 [  1   3   9   6  16   9  40 408  28  32  15  32   6   8   0   0   0   0
    0]
 [  0   1   2   1   3   5  13  26 133  22  11  10   7   2   0   0   0   0
    0]
 [  0   0   0   1   6  11  14  33  17 762  54  70  21  21   2   0   0   0
    0]
 [  0   2   6   2   9   8  28   9   9  30 182  88  14  20   2   0   0   0
    0]
 [  1   1  22  12  37  20  82  67  11 131 130 739  77 146  13   2   0   0
    0]
 [  0   0   8   0   4   3   5   6   7  24  26  75 145  39   6   1   0   0
    0]
 [  0   0   4   0   7   2  15   8   4  28  61 261  65 545  68   3   1   0
    0]
 [  0   0   3   0   1   0   1   5   0   8   5  50  16 106  49   8   6   0
    0]
 [  0   0   1   0   0   0   0   1   0   3   1  10   8  46  37   3   4   0
    0]
 [  0   0   0   0   0   0   0   0   0   0   0   3   2   7  17   5  13   1
    1]
 [  0   0   0   0   0   0   0   2   0   1   0   0   1   2   2   0   5   0
    0]
 [  0   0   0   0   0   0   0   0   0   0   0   1   0   1   1   1   8   1
    2]]
{'eval_loss': 2.254434108734131, 'eval_macro_f1': 0.4520455318578258, 'eval_macro_precision': 0.47647079941961007, 'eval_macro_recall': 0.4553785531243159, 'eval_accuracy': 0.5508891928864569, 'eval_accuracy_with_margin': 0.7049247606019152, 'eval_Distance': 1.1874145006839945, 'eval_Quadratic Weighted Kappa': 0.775557596816484, 'eval_runtime': 6.4955, 'eval_samples_per_second': 1125.398, 'eval_steps_per_second': 70.357, 'epoch': 6.0}
{'train_runtime': 2176.2822, 'train_samples_per_second': 428.026, 'train_steps_per_second': 6.688, 'train_loss': 0.30766922420576137, 'epoch': 6.0}
              precision    recall  f1-score   support

           0     0.6667    0.8182    0.7347        44
           1     0.5890    0.6324    0.6099        68
           2     0.4890    0.7308    0.5859       182
           3     0.5208    0.3205    0.3968        78
           4     0.5670    0.5276    0.5466       417
           5     0.4805    0.3915    0.4315       189
           6     0.5508    0.7033    0.6178       701
           7     0.6582    0.6346    0.6462       613
           8     0.6103    0.5042    0.5522       236
           9     0.7316    0.7381    0.7349      1012
          10     0.3641    0.3374    0.3503       409
          11     0.5085    0.4829    0.4954      1491
          12     0.3815    0.4613    0.4176       349
          13     0.5570    0.6567    0.6027      1072
          14     0.3043    0.1085    0.1600       258
          15     0.1000    0.0175    0.0299       114
          16     0.5000    0.0408    0.0755        49
          17     0.0000    0.0000    0.0000        13
          18     0.2727    0.4000    0.3243        15

    accuracy                         0.5527      7310
   macro avg     0.4659    0.4477    0.4375      7310
weighted avg     0.5412    0.5527    0.5405      7310

[[ 36   6   0   0   2   0   0   0   0   0   0   0   0   0   0   0   0   0
    0]
 [  6  43   8   2   3   1   1   1   0   0   0   3   0   0   0   0   0   0
    0]
 [  1   5 133   1  23   0   8   0   1   0   4   5   1   0   0   0   0   0
    0]
 [  0   2  14  25  12   0  15   4   0   0   1   5   0   0   0   0   0   0
    0]
 [  5   5  32   9 220  13  75   8  10   2  13  21   0   4   0   0   0   0
    0]
 [  0   1   3   0  19  74  45  10   2   9   3  21   0   1   1   0   0   0
    0]
 [  0   3  28   4  35  27 493  23  11  15  19  42   1   0   0   0   0   0
    0]
 [  1   3   6   3  14   8  53 389  17  41   6  62   3   7   0   0   0   0
    0]
 [  0   0   2   0   3   4  24  21 119  19   9  23  11   1   0   0   0   0
    0]
 [  0   0   0   1   5   6  16  42  12 747  57  68  31  23   4   0   0   0
    0]
 [  3   1   5   1  11   2  32   6  10  29 138 113  29  27   2   0   0   0
    0]
 [  2   4  27   2  33  16 116  58   7 108  89 720  88 208   9   3   1   0
    0]
 [  0   0   8   0   7   2   5  10   4  16   7  85 161  42   2   0   0   0
    0]
 [  0   0   3   0   0   0  10  11   1  26  31 205  69 704  11   1   0   0
    0]
 [  0   0   2   0   1   1   2   6   1   5   2  32  16 155  28   4   0   0
    3]
 [  0   0   1   0   0   0   0   0   0   3   0   6   9  76  14   2   0   0
    3]
 [  0   0   0   0   0   0   0   0   0   0   0   4   2  14  15   4   2   0
    8]
 [  0   0   0   0   0   0   0   2   0   1   0   0   1   1   3   3   0   0
    2]
 [  0   0   0   0   0   0   0   0   0   0   0   1   0   1   3   3   1   0
    6]]
***** eval metrics *****
  eval_Distance                 =     1.1681
  eval_Quadratic Weighted Kappa =     0.7934
  eval_accuracy                 =     0.5527
  eval_accuracy_with_margin     =     0.6993
  eval_loss                     =     1.3776
  eval_macro_f1                 =     0.4375
  eval_macro_precision          =     0.4659
  eval_macro_recall             =     0.4477
  eval_runtime                  = 0:00:06.45
  eval_samples_per_second       =   1131.693
  eval_steps_per_second         =      70.75
Accuracy: 55.2668
Accuracy with margin of one level: 69.9316
Average distance between labels and predictions: 1.168126
Quadratic Weighted Kappa: 79.3421
              precision    recall  f1-score   support

           0     0.7429    0.8125    0.7761        32
           1     0.3864    0.4722    0.4250        36
           2     0.6216    0.4894    0.5476       141
           3     0.6383    0.3488    0.4511        86
           4     0.5614    0.5658    0.5636       380
           5     0.5657    0.4029    0.4706       139
           6     0.5275    0.7692    0.6259       585
           7     0.6577    0.7246    0.6895       541
           8     0.6226    0.5211    0.5673       190
           9     0.7012    0.7109    0.7060      1010
          10     0.3653    0.3448    0.3548       464
          11     0.5656    0.5006    0.5311      1662
          12     0.4481    0.4932    0.4696       438
          13     0.5165    0.6449    0.5736      1042
          14     0.3333    0.2015    0.2511       273
          15     0.5283    0.1739    0.2617       161
          16     0.3333    0.0149    0.0286        67
          17     0.0000    0.0000    0.0000        23
          18     0.3636    0.5000    0.4211        16

    accuracy                         0.5550      7286
   macro avg     0.4989    0.4574    0.4586      7286
weighted avg     0.5506    0.5550    0.5443      7286

[[ 26   3   0   0   0   0   2   0   0   0   0   1   0   0   0   0   0   0
    0]
 [  5  17   6   1   1   1   3   0   1   0   0   1   0   0   0   0   0   0
    0]
 [  2   7  69   1  45   3   3   4   0   2   3   2   0   0   0   0   0   0
    0]
 [  0   0   0  30  17   1  23   2   5   0   4   4   0   0   0   0   0   0
    0]
 [  0   8  14   6 215   9  82  11   6   3   9  16   0   1   0   0   0   0
    0]
 [  0   0   0   1  21  56  29   8   3   5   1  14   0   1   0   0   0   0
    0]
 [  0   5   6   4  35   8 450   9   5  12   7  37   2   4   1   0   0   0
    0]
 [  1   1   1   0   8   4  40 392   9  30   3  37   8   3   4   0   0   0
    0]
 [  0   1   2   0   1   5  10  10  99  27   3  18  12   1   1   0   0   0
    0]
 [  0   0   0   0   1   2  21  36  10 718  89  71  31  27   4   0   0   0
    0]
 [  1   0   3   1  19   2  38  14   3  32 160 130  25  35   1   0   0   0
    0]
 [  0   2   9   3  18   7 128  79   9 130 108 832  89 231  17   0   0   0
    0]
 [  0   0   0   0   2   1   7  13   6  30  13  67 216  53  29   1   0   0
    0]
 [  0   0   1   0   0   0  15  12   3  27  33 201  61 672  13   4   0   0
    0]
 [  0   0   0   0   0   0   2   5   0   2   4  28  25 146  55   5   1   0
    0]
 [  0   0   0   0   0   0   0   0   0   3   1   7  11  87  22  28   0   0
    2]
 [  0   0   0   0   0   0   0   0   0   1   0   3   1  33  13  11   1   0
    4]
 [  0   0   0   0   0   0   0   0   0   1   0   1   1   6   3   2   1   0
    8]
 [  0   0   0   0   0   0   0   1   0   1   0   1   0   1   2   2   0   0
    8]]
***** test metrics *****
  test_Distance                 =     1.1006
  test_Quadratic Weighted Kappa =     0.8079
  test_accuracy                 =      0.555
  test_accuracy_with_margin     =     0.6994
  test_loss                     =     1.3582
  test_macro_f1                 =     0.4586
  test_macro_precision          =     0.4989
  test_macro_recall             =     0.4574
  test_runtime                  = 0:00:06.56
  test_samples_per_second       =   1109.292
  test_steps_per_second         =     69.426
Accuracy: 55.5037
Accuracy with margin of one level: 69.9424
Average distance between labels and predictions: 1.100604
Quadratic Weighted Kappa: 80.7901
[1;34mwandb[0m: 
[1;34mwandb[0m: 🚀 View run [33mbarec_tarab_2X_55k_match_distribution_155k[0m at: [34mhttps://wandb.ai/mohamed-mahmoud-new-york-university/habibi-readability-arabertv02-confidences/runs/td49r6uo[0m
[1;34mwandb[0m: Find logs at: [1;35mwandb/run-20260422_225412-td49r6uo/logs[0m
