HOST: cn267
CUDA_VISIBLE_DEVICES=0
CUDA_HOME=/share/apps/NYUAD5/cuda/12.2.0
GPU 0: NVIDIA A100-SXM4-80GB (UUID: GPU-f1fdc4c5-071c-3807-f298-4d3e13d78a34)
torch 2.9.0+cu128
cuda_available True
cuda_device_count 1
torch_cuda 12.8
model: bert-base-arabertv02, levels: 19
wandb project='habibi-readability-arabertv02-confidences' group='baseline' run='arabertv02_baseline'
checkpoint selection: eval_Quadratic Weighted Kappa (greater is better; gold dev only)
Warning: The cache directory for DeepSpeed Triton autotune, /home/mom8702/.triton/autotune, appears to be on an NFS system. While this is generally acceptable, if you experience slowdowns or hanging when DeepSpeed exits, it is recommended to set the TRITON_CACHE_DIR environment variable to a non-NFS path.
{'loss': 1.5696, 'grad_norm': 4.991402626037598, 'learning_rate': 4.167639050952937e-05, 'epoch': 1.0}
              precision    recall  f1-score   support

           0     0.7143    0.9091    0.8000        44
           1     0.5778    0.3824    0.4602        68
           2     0.4297    0.6044    0.5023       182
           3     0.3684    0.4487    0.4046        78
           4     0.5255    0.5683    0.5461       417
           5     0.5105    0.3862    0.4398       189
           6     0.5824    0.6405    0.6101       701
           7     0.6716    0.6639    0.6678       613
           8     0.6327    0.5254    0.5741       236
           9     0.5996    0.8538    0.7044      1012
          10     0.4137    0.2518    0.3131       409
          11     0.5145    0.4058    0.4537      1491
          12     0.4659    0.3524    0.4013       349
          13     0.5314    0.6866    0.5991      1072
          14     0.3089    0.1473    0.1995       258
          15     0.5000    0.0088    0.0172       114
          16     0.3529    0.3673    0.3600        49
          17     0.0000    0.0000    0.0000        13
          18     0.0000    0.0000    0.0000        15

    accuracy                         0.5457      7310
   macro avg     0.4579    0.4317    0.4238      7310
weighted avg     0.5324    0.5457    0.5258      7310

[[ 40   3   1   0   0   0   0   0   0   0   0   0   0   0   0   0   0   0
    0]
 [  6  26  29   0   5   0   1   1   0   0   0   0   0   0   0   0   0   0
    0]
 [  2   4 110   3  37   0  10   0   1   0   5   9   0   1   0   0   0   0
    0]
 [  1   1  10  35  11   1   5   5   1   2   1   5   0   0   0   0   0   0
    0]
 [  4   7  33  18 237  12  58   9   7   1  13  17   0   1   0   0   0   0
    0]
 [  0   0   3   1  24  73  45   3   3  10   1  24   1   1   0   0   0   0
    0]
 [  0   1  28  17  51  29 449  34  16  15   8  47   0   6   0   0   0   0
    0]
 [  2   0   7   2  18   4  38 407  13  64   2  41   3  11   1   0   0   0
    0]
 [  1   0   0   2   1   3  11  21 124  42   3  16  11   1   0   0   0   0
    0]
 [  0   0   0   2   4   4  16  28   9 864   9  29  18  28   1   0   0   0
    0]
 [  0   3   6   3  16   1  28   6  10  78 103 100  19  35   1   0   0   0
    0]
 [  0   0  22  12  37  12  89  61   8 247  81 605  43 261  13   0   0   0
    0]
 [  0   0   5   0   6   2   7  11   2  44   8  67 123  69   5   0   0   0
    0]
 [  0   0   1   0   2   0  13  13   2  61  14 181  30 736  19   0   0   0
    0]
 [  0   0   1   0   2   2   1   6   0   9   1  28  10 150  38   1   9   0
    0]
 [  0   0   0   0   0   0   0   0   0   3   0   6   3  74  21   1   6   0
    0]
 [  0   0   0   0   0   0   0   0   0   0   0   1   1   9  20   0  18   0
    0]
 [  0   0   0   0   0   0   0   1   0   1   0   0   1   1   3   0   6   0
    0]
 [  0   0   0   0   0   0   0   0   0   0   0   0   1   1   1   0  12   0
    0]]
{'eval_loss': 1.326851487159729, 'eval_macro_f1': 0.42384989879906076, 'eval_macro_precision': 0.45787824013080314, 'eval_macro_recall': 0.4317261157397915, 'eval_accuracy': 0.5456908344733242, 'eval_accuracy_with_margin': 0.6867305061559508, 'eval_Distance': 1.1727770177838577, 'eval_Quadratic Weighted Kappa': 0.7987564493648753, 'eval_runtime': 5.4542, 'eval_samples_per_second': 1340.247, 'eval_steps_per_second': 83.788, 'epoch': 1.0}
{'loss': 1.1231, 'grad_norm': 5.485097885131836, 'learning_rate': 3.334305717619604e-05, 'epoch': 2.0}
              precision    recall  f1-score   support

           0     0.7872    0.8409    0.8132        44
           1     0.7273    0.5882    0.6504        68
           2     0.5065    0.6429    0.5666       182
           3     0.5072    0.4487    0.4762        78
           4     0.6243    0.5540    0.5870       417
           5     0.4474    0.5397    0.4892       189
           6     0.5452    0.6876    0.6082       701
           7     0.6402    0.6852    0.6619       613
           8     0.5520    0.5847    0.5679       236
           9     0.6516    0.8409    0.7343      1012
          10     0.3307    0.4059    0.3644       409
          11     0.5615    0.3796    0.4530      1491
          12     0.4354    0.4441    0.4397       349
          13     0.5756    0.5681    0.5718      1072
          14     0.2864    0.2209    0.2495       258
          15     0.1351    0.0439    0.0662       114
          16     0.3043    0.1429    0.1944        49
          17     0.0000    0.0000    0.0000        13
          18     0.3226    0.6667    0.4348        15

    accuracy                         0.5510      7310
   macro avg     0.4706    0.4887    0.4699      7310
weighted avg     0.5439    0.5510    0.5398      7310

[[ 37   3   0   1   1   0   2   0   0   0   0   0   0   0   0   0   0   0
    0]
 [  3  40  10   3   3   3   5   1   0   0   0   0   0   0   0   0   0   0
    0]
 [  0   4 117   3  18   3  21   1   1   0  12   1   1   0   0   0   0   0
    0]
 [  0   1  10  35   8   3  12   6   0   2   1   0   0   0   0   0   0   0
    0]
 [  2   6  26  10 231  21  81   7   3   2  23   4   0   1   0   0   0   0
    0]
 [  0   0   2   0  14 102  40   7   4   5   2   9   1   3   0   0   0   0
    0]
 [  0   0  16   5  33  37 482  50  24  14  19  21   0   0   0   0   0   0
    0]
 [  1   1   7   3  13  10  35 420  31  44   6  34   2   6   0   0   0   0
    0]
 [  0   0   3   1   2   8   9  17 138  35   7   8   7   1   0   0   0   0
    0]
 [  0   0   0   1   5   5  12  23  12 851  39  23  25  15   1   0   0   0
    0]
 [  3   0   4   1  10   4  40  14   9  49 166  66  17  25   1   0   0   0
    0]
 [  1   0  24   6  25  24 122  78  18 200 160 566  65 187  13   2   0   0
    0]
 [  0   0   6   0   6   3   7  13   6  36  16  57 155  39   5   0   0   0
    0]
 [  0   0   4   0   1   2  14  12   4  55  48 188  60 609  62  13   0   0
    0]
 [  0   0   1   0   0   3   2   5   0   9   3  27  10 119  57  11   8   0
    3]
 [  0   0   1   0   0   0   0   1   0   3   0   3  10  46  41   5   1   0
    3]
 [  0   0   0   0   0   0   0   0   0   0   0   1   1   5  17   6   7   0
   12]
 [  0   0   0   0   0   0   0   1   0   1   0   0   1   1   2   0   4   0
    3]
 [  0   0   0   0   0   0   0   0   0   0   0   0   1   1   0   0   3   0
   10]]
{'eval_loss': 1.3185269832611084, 'eval_macro_f1': 0.46993586589180103, 'eval_macro_precision': 0.4705646711926564, 'eval_macro_recall': 0.4886722941542763, 'eval_accuracy': 0.5510259917920657, 'eval_accuracy_with_margin': 0.7049247606019152, 'eval_Distance': 1.1399452804377566, 'eval_Quadratic Weighted Kappa': 0.8040585651442742, 'eval_runtime': 5.4414, 'eval_samples_per_second': 1343.393, 'eval_steps_per_second': 83.985, 'epoch': 2.0}
{'loss': 0.8472, 'grad_norm': 6.275398254394531, 'learning_rate': 2.5009723842862697e-05, 'epoch': 3.0}
              precision    recall  f1-score   support

           0     0.8372    0.8182    0.8276        44
           1     0.5306    0.3824    0.4444        68
           2     0.5442    0.6429    0.5894       182
           3     0.4416    0.4359    0.4387        78
           4     0.5374    0.6379    0.5833       417
           5     0.4950    0.5238    0.5090       189
           6     0.6501    0.6548    0.6525       701
           7     0.6699    0.6688    0.6694       613
           8     0.5692    0.6102    0.5890       236
           9     0.6708    0.8053    0.7319      1012
          10     0.4178    0.3790    0.3974       409
          11     0.5256    0.4748    0.4989      1491
          12     0.4585    0.4585    0.4585       349
          13     0.5783    0.6306    0.6033      1072
          14     0.3600    0.2093    0.2647       258
          15     0.1765    0.0263    0.0458       114
          16     0.3810    0.3265    0.3516        49
          17     0.0000    0.0000    0.0000        13
          18     0.0000    0.0000    0.0000        15

    accuracy                         0.5715      7310
   macro avg     0.4654    0.4571    0.4556      7310
weighted avg     0.5567    0.5715    0.5607      7310

[[ 36   6   0   1   1   0   0   0   0   0   0   0   0   0   0   0   0   0
    0]
 [  2  26   7   3   3   0   0   1   0   0   0  26   0   0   0   0   0   0
    0]
 [  0   4 117   4  28   2  10   0   0   0  10   6   1   0   0   0   0   0
    0]
 [  0   2   9  34  15   1   6   5   0   3   1   2   0   0   0   0   0   0
    0]
 [  3   5  19  12 266  20  41   6   4   3  16  20   0   2   0   0   0   0
    0]
 [  0   0   2   0  23  99  25   4   6  12   2  14   0   2   0   0   0   0
    0]
 [  0   1  19   7  60  33 459  34  23  17  12  35   0   1   0   0   0   0
    0]
 [  1   1   8   4  24   9  26 410  24  42   2  53   3   6   0   0   0   0
    0]
 [  0   1   2   0   3   7   7  17 144  24   5  17   7   2   0   0   0   0
    0]
 [  0   0   0   0   5   4  10  32  23 815  21  62  22  18   0   0   0   0
    0]
 [  0   3   4   3  16   3  25  12   9  53 155  90  17  18   1   0   0   0
    0]
 [  1   0  15   9  41  19  86  64  13 160  97 708  68 199  11   0   0   0
    0]
 [  0   0   6   0   8   2   3   9   5  27  10  70 160  47   2   0   0   0
    0]
 [  0   0   4   0   1   1   8  14   1  46  37 204  49 676  30   1   0   0
    0]
 [  0   0   2   0   1   0   0   3   1   8   3  32  13 130  54   7   4   0
    0]
 [  0   0   1   0   0   0   0   0   0   4   0   6   7  59  29   3   5   0
    0]
 [  0   0   0   0   0   0   0   0   0   0   0   1   1   7  18   6  16   0
    0]
 [  0   0   0   0   0   0   0   1   0   1   0   0   1   1   4   0   5   0
    0]
 [  0   0   0   0   0   0   0   0   0   0   0   1   0   1   1   0  12   0
    0]]
{'eval_loss': 1.3578428030014038, 'eval_macro_f1': 0.4555528597677632, 'eval_macro_precision': 0.4654483083118647, 'eval_macro_recall': 0.45711238543146643, 'eval_accuracy': 0.5715458276333789, 'eval_accuracy_with_margin': 0.7103967168262654, 'eval_Distance': 1.129138166894665, 'eval_Quadratic Weighted Kappa': 0.7913473963235864, 'eval_runtime': 5.4342, 'eval_samples_per_second': 1345.182, 'eval_steps_per_second': 84.097, 'epoch': 3.0}
{'loss': 0.6053, 'grad_norm': 7.801175594329834, 'learning_rate': 1.6676390509529367e-05, 'epoch': 4.0}
              precision    recall  f1-score   support

           0     0.7778    0.7955    0.7865        44
           1     0.5000    0.3382    0.4035        68
           2     0.5685    0.6154    0.5910       182
           3     0.4861    0.4487    0.4667        78
           4     0.5642    0.6115    0.5869       417
           5     0.4878    0.5291    0.5076       189
           6     0.6316    0.6505    0.6409       701
           7     0.6571    0.6754    0.6661       613
           8     0.5668    0.5932    0.5797       236
           9     0.7368    0.7332    0.7350      1012
          10     0.3218    0.4108    0.3609       409
          11     0.5064    0.4802    0.4929      1491
          12     0.5058    0.3754    0.4309       349
          13     0.5559    0.6679    0.6068      1072
          14     0.3657    0.1899    0.2500       258
          15     0.2222    0.0526    0.0851       114
          16     0.3947    0.3061    0.3448        49
          17     0.0000    0.0000    0.0000        13
          18     0.4000    0.1333    0.2000        15

    accuracy                         0.5629      7310
   macro avg     0.4868    0.4530    0.4598      7310
weighted avg     0.5562    0.5629    0.5557      7310

[[ 35   6   0   1   1   0   1   0   0   0   0   0   0   0   0   0   0   0
    0]
 [  5  23   5   1   4   1   1   1   0   0   0  27   0   0   0   0   0   0
    0]
 [  1   2 112   5  24   3  13   0   0   0  11  10   1   0   0   0   0   0
    0]
 [  0   3   8  35  14   0   9   4   0   1   1   3   0   0   0   0   0   0
    0]
 [  2   7  19  10 255  18  46   7   6   2  22  21   0   2   0   0   0   0
    0]
 [  0   0   0   0  17 100  29   7   4   7   5  17   0   3   0   0   0   0
    0]
 [  0   1  12   7  49  30 456  44  18  11  24  47   1   1   0   0   0   0
    0]
 [  1   1   7   3  21   7  31 414  27  35  10  45   3   8   0   0   0   0
    0]
 [  0   0   3   0   5   6   7  22 140  19   9  17   6   2   0   0   0   0
    0]
 [  0   0   0   1   4   8  14  35  19 742  60  90  14  24   1   0   0   0
    0]
 [  0   3   6   2  11   6  22  10   8  26 168 103  14  29   1   0   0   0
    0]
 [  1   0  13   7  40  23  81  62  13 113 138 716  44 229   9   2   0   0
    0]
 [  0   0   6   0   6   2   4  10   8  21  13  82 131  62   4   0   0   0
    0]
 [  0   0   4   0   1   1   7  11   3  20  53 196  32 716  25   3   0   0
    0]
 [  0   0   2   0   0   0   1   3   1   7   6  29   7 140  49   8   4   0
    1]
 [  0   0   0   0   0   0   0   0   0   2   2   6   5  63  26   6   3   0
    1]
 [  0   0   0   0   0   0   0   0   0   0   0   3   1   7  16   6  15   0
    1]
 [  0   0   0   0   0   0   0   0   0   1   0   1   0   1   3   1   6   0
    0]
 [  0   0   0   0   0   0   0   0   0   0   0   1   0   1   0   1  10   0
    2]]
{'eval_loss': 1.5464602708816528, 'eval_macro_f1': 0.4597607610764243, 'eval_macro_precision': 0.48680386013982924, 'eval_macro_recall': 0.45299700006816757, 'eval_accuracy': 0.5629274965800274, 'eval_accuracy_with_margin': 0.7095759233926129, 'eval_Distance': 1.1462380300957593, 'eval_Quadratic Weighted Kappa': 0.7876830576069476, 'eval_runtime': 5.4463, 'eval_samples_per_second': 1342.204, 'eval_steps_per_second': 83.911, 'epoch': 4.0}
{'loss': 0.4194, 'grad_norm': 6.592439651489258, 'learning_rate': 8.343057176196033e-06, 'epoch': 5.0}
              precision    recall  f1-score   support

           0     0.7955    0.7955    0.7955        44
           1     0.4808    0.3676    0.4167        68
           2     0.5616    0.6264    0.5922       182
           3     0.4211    0.5128    0.4624        78
           4     0.5734    0.5995    0.5862       417
           5     0.4870    0.4974    0.4921       189
           6     0.5961    0.7033    0.6453       701
           7     0.6590    0.6558    0.6574       613
           8     0.5441    0.6017    0.5714       236
           9     0.6881    0.7628    0.7235      1012
          10     0.3377    0.4401    0.3822       409
          11     0.5157    0.4735    0.4937      1491
          12     0.4137    0.4327    0.4230       349
          13     0.5779    0.5224    0.5488      1072
          14     0.2761    0.1744    0.2138       258
          15     0.1220    0.0439    0.0645       114
          16     0.3478    0.1633    0.2222        49
          17     0.0000    0.0000    0.0000        13
          18     0.5000    0.1333    0.2105        15

    accuracy                         0.5505      7310
   macro avg     0.4683    0.4477    0.4474      7310
weighted avg     0.5419    0.5505    0.5433      7310

[[ 35   6   0   1   1   0   1   0   0   0   0   0   0   0   0   0   0   0
    0]
 [  4  25   7   2   2   0   1   1   0   0   0  26   0   0   0   0   0   0
    0]
 [  1   3 114   7  26   1  14   0   0   0  12   2   2   0   0   0   0   0
    0]
 [  0   3   9  40   8   0   9   4   1   1   2   1   0   0   0   0   0   0
    0]
 [  2   7  17  17 250  17  55   5   4   3  25  13   0   2   0   0   0   0
    0]
 [  0   0   1   0  19  94  37   6   4   9   6   9   0   3   1   0   0   0
    0]
 [  0   1  11   7  49  30 493  28  19  17  18  27   1   0   0   0   0   0
    0]
 [  1   1   8   5  19   8  44 402  30  34  11  42   4   4   0   0   0   0
    0]
 [  0   2   2   1   4   6  14  18 142  20   7  14   4   2   0   0   0   0
    0]
 [  0   0   0   2   4   6  15  41  27 772  36  72  22  15   0   0   0   0
    0]
 [  0   4   5   2  12   5  31  10   8  39 180  81  17  15   0   0   0   0
    0]
 [  1   0  17  11  36  20  98  65  13 148 143 706  65 154  13   1   0   0
    0]
 [  0   0   6   0   4   5   7  11   9  27  16  69 151  41   3   0   0   0
    0]
 [  0   0   4   0   2   1   6  12   3  41  68 254  66 560  47   7   1   0
    0]
 [  0   0   2   0   0   0   2   4   1   8   7  39  22 115  45  11   2   0
    0]
 [  0   0   0   0   0   0   0   1   0   2   2   9   8  50  33   5   3   0
    1]
 [  0   0   0   0   0   0   0   1   0   0   0   4   2   6  16  11   8   0
    1]
 [  0   0   0   0   0   0   0   1   0   1   0   0   1   1   5   1   3   0
    0]
 [  0   0   0   0   0   0   0   0   0   0   0   1   0   1   0   5   6   0
    2]]
{'eval_loss': 1.7557450532913208, 'eval_macro_f1': 0.4474391142620691, 'eval_macro_precision': 0.4682863218979911, 'eval_macro_recall': 0.4477009910199302, 'eval_accuracy': 0.5504787961696307, 'eval_accuracy_with_margin': 0.7001367989056088, 'eval_Distance': 1.1725034199726403, 'eval_Quadratic Weighted Kappa': 0.7833358708392353, 'eval_runtime': 5.4364, 'eval_samples_per_second': 1344.629, 'eval_steps_per_second': 84.062, 'epoch': 5.0}
{'loss': 0.301, 'grad_norm': 7.3480658531188965, 'learning_rate': 9.723842862699339e-09, 'epoch': 6.0}
              precision    recall  f1-score   support

           0     0.7826    0.8182    0.8000        44
           1     0.5111    0.3382    0.4071        68
           2     0.5644    0.6264    0.5938       182
           3     0.4483    0.5000    0.4727        78
           4     0.5759    0.6187    0.5965       417
           5     0.4810    0.5344    0.5063       189
           6     0.6175    0.6862    0.6500       701
           7     0.6601    0.6525    0.6563       613
           8     0.5492    0.6144    0.5800       236
           9     0.6988    0.7658    0.7308      1012
          10     0.3567    0.4230    0.3870       409
          11     0.5078    0.4816    0.4943      1491
          12     0.4192    0.4011    0.4100       349
          13     0.5702    0.5420    0.5557      1072
          14     0.2995    0.2287    0.2593       258
          15     0.1786    0.0439    0.0704       114
          16     0.4194    0.2653    0.3250        49
          17     0.0000    0.0000    0.0000        13
          18     0.5000    0.2000    0.2857        15

    accuracy                         0.5560      7310
   macro avg     0.4811    0.4600    0.4622      7310
weighted avg     0.5470    0.5560    0.5494      7310

[[ 36   4   0   1   1   0   2   0   0   0   0   0   0   0   0   0   0   0
    0]
 [  5  23   8   1   3   0   1   1   0   0   0  26   0   0   0   0   0   0
    0]
 [  1   3 114   6  25   1  13   0   1   0  11   6   1   0   0   0   0   0
    0]
 [  0   2   9  39  10   1   9   3   1   1   1   2   0   0   0   0   0   0
    0]
 [  2   7  18  13 258  18  46   5   6   2  23  18   0   1   0   0   0   0
    0]
 [  0   0   0   0  18 101  30   6   5  10   5  10   0   3   1   0   0   0
    0]
 [  0   1  11   7  53  32 481  33  18  16  15  31   1   2   0   0   0   0
    0]
 [  1   1   8   6  19   8  41 400  32  38   9  42   3   5   0   0   0   0
    0]
 [  0   1   2   0   5   7   8  20 145  22   7  13   4   2   0   0   0   0
    0]
 [  0   0   0   2   4   7  14  38  25 775  38  76  16  17   0   0   0   0
    0]
 [  0   3   5   2  11   9  29   9   7  37 173  83  21  19   1   0   0   0
    0]
 [  1   0  16  10  36  21  92  66  12 143 127 718  62 167  20   0   0   0
    0]
 [  0   0   6   0   4   4   6  11   8  23  13  79 140  51   4   0   0   0
    0]
 [  0   0   3   0   1   1   6  10   3  33  56 258  58 581  59   2   1   0
    0]
 [  0   0   2   0   0   0   1   4   1   6   5  38  17 115  59   8   1   0
    1]
 [  0   0   0   0   0   0   0   0   0   2   2  10   7  49  34   5   4   0
    1]
 [  0   0   0   0   0   0   0   0   0   0   0   3   2   5  17   8  13   0
    1]
 [  0   0   0   0   0   0   0   0   0   1   0   0   2   1   2   4   3   0
    0]
 [  0   0   0   0   0   0   0   0   0   0   0   1   0   1   0   1   9   0
    3]]
{'eval_loss': 1.8526972532272339, 'eval_macro_f1': 0.4621531919231946, 'eval_macro_precision': 0.4810536508557906, 'eval_macro_recall': 0.4600161111552941, 'eval_accuracy': 0.5559507523939808, 'eval_accuracy_with_margin': 0.7057455540355677, 'eval_Distance': 1.1496580027359782, 'eval_Quadratic Weighted Kappa': 0.7899234107851151, 'eval_runtime': 5.4346, 'eval_samples_per_second': 1345.09, 'eval_steps_per_second': 84.091, 'epoch': 6.0}
{'train_runtime': 870.2947, 'train_samples_per_second': 378.113, 'train_steps_per_second': 5.908, 'train_loss': 0.81094480831305, 'epoch': 6.0}
best checkpoint: /scratch/mom8702/habibi/training/outputs/checkpoints/arabertv02_baseline/bert-base-arabertv02_local_19levels/checkpoint-1714
best eval_Quadratic Weighted Kappa: 0.8040585651442742
              precision    recall  f1-score   support

           0     0.7872    0.8409    0.8132        44
           1     0.7273    0.5882    0.6504        68
           2     0.5065    0.6429    0.5666       182
           3     0.5072    0.4487    0.4762        78
           4     0.6243    0.5540    0.5870       417
           5     0.4474    0.5397    0.4892       189
           6     0.5452    0.6876    0.6082       701
           7     0.6402    0.6852    0.6619       613
           8     0.5520    0.5847    0.5679       236
           9     0.6516    0.8409    0.7343      1012
          10     0.3307    0.4059    0.3644       409
          11     0.5615    0.3796    0.4530      1491
          12     0.4354    0.4441    0.4397       349
          13     0.5756    0.5681    0.5718      1072
          14     0.2864    0.2209    0.2495       258
          15     0.1351    0.0439    0.0662       114
          16     0.3043    0.1429    0.1944        49
          17     0.0000    0.0000    0.0000        13
          18     0.3226    0.6667    0.4348        15

    accuracy                         0.5510      7310
   macro avg     0.4706    0.4887    0.4699      7310
weighted avg     0.5439    0.5510    0.5398      7310

[[ 37   3   0   1   1   0   2   0   0   0   0   0   0   0   0   0   0   0
    0]
 [  3  40  10   3   3   3   5   1   0   0   0   0   0   0   0   0   0   0
    0]
 [  0   4 117   3  18   3  21   1   1   0  12   1   1   0   0   0   0   0
    0]
 [  0   1  10  35   8   3  12   6   0   2   1   0   0   0   0   0   0   0
    0]
 [  2   6  26  10 231  21  81   7   3   2  23   4   0   1   0   0   0   0
    0]
 [  0   0   2   0  14 102  40   7   4   5   2   9   1   3   0   0   0   0
    0]
 [  0   0  16   5  33  37 482  50  24  14  19  21   0   0   0   0   0   0
    0]
 [  1   1   7   3  13  10  35 420  31  44   6  34   2   6   0   0   0   0
    0]
 [  0   0   3   1   2   8   9  17 138  35   7   8   7   1   0   0   0   0
    0]
 [  0   0   0   1   5   5  12  23  12 851  39  23  25  15   1   0   0   0
    0]
 [  3   0   4   1  10   4  40  14   9  49 166  66  17  25   1   0   0   0
    0]
 [  1   0  24   6  25  24 122  78  18 200 160 566  65 187  13   2   0   0
    0]
 [  0   0   6   0   6   3   7  13   6  36  16  57 155  39   5   0   0   0
    0]
 [  0   0   4   0   1   2  14  12   4  55  48 188  60 609  62  13   0   0
    0]
 [  0   0   1   0   0   3   2   5   0   9   3  27  10 119  57  11   8   0
    3]
 [  0   0   1   0   0   0   0   1   0   3   0   3  10  46  41   5   1   0
    3]
 [  0   0   0   0   0   0   0   0   0   0   0   1   1   5  17   6   7   0
   12]
 [  0   0   0   0   0   0   0   1   0   1   0   0   1   1   2   0   4   0
    3]
 [  0   0   0   0   0   0   0   0   0   0   0   0   1   1   0   0   3   0
   10]]
***** eval metrics *****
  eval_Distance                 =     1.1399
  eval_Quadratic Weighted Kappa =     0.8041
  eval_accuracy                 =      0.551
  eval_accuracy_with_margin     =     0.7049
  eval_loss                     =     1.3185
  eval_macro_f1                 =     0.4699
  eval_macro_precision          =     0.4706
  eval_macro_recall             =     0.4887
  eval_runtime                  = 0:00:05.43
  eval_samples_per_second       =   1343.914
  eval_steps_per_second         =     84.018
Accuracy: 55.1026
Accuracy with margin of one level: 70.4925
Average distance between labels and predictions: 1.139945
Quadratic Weighted Kappa: 80.4059
wrote dev predictions csv: /scratch/mom8702/habibi/training/outputs/xlsx/arabertv02_baseline/dev_bert-base-arabertv02_local_19levels.csv
              precision    recall  f1-score   support

           0     0.8387    0.8125    0.8254        32
           1     0.5714    0.4444    0.5000        36
           2     0.6389    0.4894    0.5542       141
           3     0.5811    0.5000    0.5375        86
           4     0.6168    0.5974    0.6070       380
           5     0.4733    0.5108    0.4913       139
           6     0.5404    0.7316    0.6216       585
           7     0.5886    0.7246    0.6495       541
           8     0.5278    0.5000    0.5135       190
           9     0.6378    0.8158    0.7159      1010
          10     0.3836    0.4224    0.4021       464
          11     0.5903    0.4308    0.4981      1662
          12     0.5036    0.4817    0.4924       438
          13     0.5581    0.5441    0.5510      1042
          14     0.3755    0.3590    0.3670       273
          15     0.3983    0.2919    0.3369       161
          16     0.2903    0.1343    0.1837        67
          17     0.0000    0.0000    0.0000        23
          18     0.2857    0.5000    0.3636        16

    accuracy                         0.5549      7286
   macro avg     0.4947    0.4890    0.4848      7286
weighted avg     0.5515    0.5549    0.5463      7286

[[ 26   1   0   0   1   1   3   0   0   0   0   0   0   0   0   0   0   0
    0]
 [  3  16   4   1   1   1   8   0   1   0   0   1   0   0   0   0   0   0
    0]
 [  0   9  69   1  42   1  12   2   0   0   5   0   0   0   0   0   0   0
    0]
 [  0   0   1  43  13   3  18   2   3   0   3   0   0   0   0   0   0   0
    0]
 [  0   1  16  12 227  16  72  12   6   2  11   4   0   1   0   0   0   0
    0]
 [  0   0   0   1  15  71  26  11   3   1   3   7   0   1   0   0   0   0
    0]
 [  0   0   3   8  33  17 428  41   9   8   7  27   2   2   0   0   0   0
    0]
 [  1   0   0   0   9   6  33 392  22  44   1  18   5   6   4   0   0   0
    0]
 [  0   1   2   1   2  10   5  12  95  39   3  12   6   0   2   0   0   0
    0]
 [  0   0   0   0   1   4  18  32   7 824  57  28  17  17   4   1   0   0
    0]
 [  1   0   4   2   5   3  30  24   3  63 196  80  20  32   1   0   0   0
    0]
 [  0   0   8   5  19  14 115 108  20 199 154 716  75 206  22   1   0   0
    0]
 [  0   0   0   0   0   2  10  11   7  40  19  73 211  40  19   5   1   0
    0]
 [  0   0   1   0   0   0  10  12   4  49  45 227  51 567  49  27   0   0
    0]
 [  0   0   0   0   0   1   3   5   0  12   5  15  23  87  98  19   4   0
    1]
 [  0   0   0   0   0   0   0   1   0   8   1   2   8  36  46  47  11   0
    1]
 [  0   0   0   0   0   0   0   0   0   3   1   2   0  13  15  15   9   0
    9]
 [  0   0   0   0   0   0   1   0   0   0   0   0   1   7   0   2   3   0
    9]
 [  0   0   0   0   0   0   0   1   0   0   0   1   0   1   1   1   3   0
    8]]
***** test metrics *****
  test_Distance                 =     1.0688
  test_Quadratic Weighted Kappa =      0.821
  test_accuracy                 =     0.5549
  test_accuracy_with_margin     =     0.7064
  test_loss                     =     1.3003
  test_macro_f1                 =     0.4848
  test_macro_precision          =     0.4947
  test_macro_recall             =      0.489
  test_runtime                  = 0:00:05.56
  test_samples_per_second       =   1309.895
  test_steps_per_second         =     81.981
Accuracy: 55.4900
Accuracy with margin of one level: 70.6423
Average distance between labels and predictions: 1.068762
Quadratic Weighted Kappa: 82.0993
[1;34mwandb[0m: 
[1;34mwandb[0m: 🚀 View run [33marabertv02_baseline[0m at: [34mhttps://wandb.ai/mohamed-mahmoud-new-york-university/habibi-readability-arabertv02-confidences/runs/kvspkcdv[0m
[1;34mwandb[0m: Find logs at: [1;35mwandb/run-20260520_210244-kvspkcdv/logs[0m
