HOST: cn257
CUDA_VISIBLE_DEVICES=0
CUDA_HOME=/share/apps/NYUAD5/cuda/12.2.0
GPU 0: NVIDIA A100 80GB PCIe (UUID: GPU-ea92b028-4a2b-4807-1a13-1cb5faecea8a)
torch 2.9.0+cu128
cuda_available True
cuda_device_count 1
torch_cuda 12.8
model: bert-base-arabertv02, levels: 19
wandb project='habibi-readability-arabertv02-confidences' group='barec_tarab_uniform_3k_per_class' run='barec_tarab_uniform_3k_per_class_49k'
Warning: The cache directory for DeepSpeed Triton autotune, /home/mom8702/.triton/autotune, appears to be on an NFS system. While this is generally acceptable, if you experience slowdowns or hanging when DeepSpeed exits, it is recommended to set the TRITON_CACHE_DIR environment variable to a non-NFS path.
{'loss': 1.2998, 'grad_norm': 8.941736221313477, 'learning_rate': 4.167746113989637e-05, 'epoch': 1.0}
              precision    recall  f1-score   support

           0     0.6333    0.8636    0.7308        44
           1     0.4528    0.7059    0.5517        68
           2     0.4199    0.7198    0.5304       182
           3     0.3226    0.5128    0.3960        78
           4     0.4009    0.6451    0.4945       417
           5     0.3682    0.5767    0.4495       189
           6     0.5186    0.5578    0.5375       701
           7     0.4204    0.7276    0.5329       613
           8     0.5265    0.5042    0.5152       236
           9     0.6505    0.5958    0.6220      1012
          10     0.2185    0.2836    0.2468       409
          11     0.4598    0.0959    0.1587      1491
          12     0.3233    0.5215    0.3991       349
          13     0.5593    0.5588    0.5590      1072
          14     0.2447    0.2248    0.2343       258
          15     0.1429    0.0088    0.0165       114
          16     0.3333    0.3469    0.3400        49
          17     0.0000    0.0000    0.0000        13
          18     1.0000    0.1333    0.2353        15

    accuracy                         0.4531      7310
   macro avg     0.4208    0.4517    0.3974      7310
weighted avg     0.4650    0.4531    0.4243      7310

[[ 38   6   0   0   0   0   0   0   0   0   0   0   0   0   0   0   0   0
    0]
 [  6  48   8   1   4   1   0   0   0   0   0   0   0   0   0   0   0   0
    0]
 [  2   9 131   4  29   1   4   0   0   0   1   0   1   0   0   0   0   0
    0]
 [  0   3  14  40  11   3   2   4   0   0   1   0   0   0   0   0   0   0
    0]
 [  4  10  42  23 269  15  32   3   5   0  12   0   0   1   1   0   0   0
    0]
 [  0   1   3   1  37 109  23   5   2   0   5   3   0   0   0   0   0   0
    0]
 [  0  10  35  17 119  61 391  35  10   4  13   6   0   0   0   0   0   0
    0]
 [  2   5   7   8  32  18  53 446   5  11   4  11   6   5   0   0   0   0
    0]
 [  0   2   5   2   7  12  24  46 119   6   4   2   6   1   0   0   0   0
    0]
 [  0   0   0   6  17  20  38 198  30 603  26  33  25  11   4   0   1   0
    0]
 [  4   4  12   4  31   6  26  34  20  73 116  22  34  23   0   0   0   0
    0]
 [  4   8  37  15  93  36 135 199  21 172 218 143 145 233  29   0   3   0
    0]
 [  0   0   9   1  12   3   5  32  10  21  20  15 182  32   7   0   0   0
    0]
 [  0   0   6   2   9   7  18  43   2  32  96  65 112 599  78   2   1   0
    0]
 [  0   0   2   0   1   4   3  10   2   3  13  11  31 109  58   2   9   0
    0]
 [  0   0   1   0   0   0   0   3   0   1   1   0  14  51  38   1   4   0
    0]
 [  0   0   0   0   0   0   0   1   0   0   0   0   4   5  20   2  17   0
    0]
 [  0   0   0   0   0   0   0   2   0   1   0   0   2   1   1   0   6   0
    0]
 [  0   0   0   0   0   0   0   0   0   0   1   0   1   0   1   0  10   0
    2]]
{'eval_loss': 1.635556936264038, 'eval_macro_f1': 0.39737584178092084, 'eval_macro_precision': 0.4208132060921992, 'eval_macro_recall': 0.4517363275978184, 'eval_accuracy': 0.453077975376197, 'eval_accuracy_with_margin': 0.6273597811217511, 'eval_Distance': 1.5128590971272229, 'eval_Quadratic Weighted Kappa': 0.7423391027697462, 'eval_runtime': 6.3931, 'eval_samples_per_second': 1143.419, 'eval_steps_per_second': 71.483, 'epoch': 1.0}
{'loss': 0.8632, 'grad_norm': 5.584577560424805, 'learning_rate': 3.334412780656304e-05, 'epoch': 2.0}
              precision    recall  f1-score   support

           0     0.6500    0.8864    0.7500        44
           1     0.5495    0.7353    0.6289        68
           2     0.4635    0.6978    0.5570       182
           3     0.3040    0.4872    0.3744        78
           4     0.5513    0.6187    0.5831       417
           5     0.4036    0.5873    0.4784       189
           6     0.6107    0.6377    0.6239       701
           7     0.6128    0.6868    0.6477       613
           8     0.5489    0.5466    0.5478       236
           9     0.6809    0.6957    0.6882      1012
          10     0.2104    0.6137    0.3134       409
          11     0.5833    0.1174    0.1954      1491
          12     0.3462    0.5129    0.4134       349
          13     0.5739    0.4095    0.4780      1072
          14     0.2227    0.4031    0.2869       258
          15     0.1702    0.0702    0.0994       114
          16     0.4324    0.3265    0.3721        49
          17     0.0000    0.0000    0.0000        13
          18     0.6667    0.1333    0.2222        15

    accuracy                         0.4785      7310
   macro avg     0.4516    0.4824    0.4347      7310
weighted avg     0.5338    0.4785    0.4628      7310

[[ 39   3   0   0   1   0   1   0   0   0   0   0   0   0   0   0   0   0
    0]
 [  7  50   7   0   3   0   1   0   0   0   0   0   0   0   0   0   0   0
    0]
 [  3   6 127   3  20   2  14   0   0   0   6   0   1   0   0   0   0   0
    0]
 [  0   3  14  38   9   2   5   4   0   2   1   0   0   0   0   0   0   0
    0]
 [  4   8  33  19 258  19  33   5   7   0  29   0   1   0   1   0   0   0
    0]
 [  1   1   2   5  25 111  26   2   4   1   7   1   0   2   1   0   0   0
    0]
 [  0   5  24  21  57  49 447  24  19  12  39   3   0   1   0   0   0   0
    0]
 [  1   4   8  10  19  12  41 421  11  45  21   7  10   3   0   0   0   0
    0]
 [  0   2   3   3   3   5   5  26 129  32  17   3   8   0   0   0   0   0
    0]
 [  0   0   0   2   7  17  23  61  17 704 121  18  31  11   0   0   0   0
    0]
 [  3   2   9   4  15  11  20  10  10  27 251   7  21  19   0   0   0   0
    0]
 [  2   7  33  18  40  35  98  95  21 155 451 175 133 181  42   5   0   0
    0]
 [  0   0   7   2   7   4   5  11  11  19  43  20 179  27  14   0   0   0
    0]
 [  0   0   4   0   4   5  11  15   4  26 183  56  96 439 216  13   0   0
    0]
 [  0   0   2   0   0   3   2   9   2   7  20   8  21  63 104  12   5   0
    0]
 [  0   0   1   0   0   0   0   1   0   3   3   2  10  18  65   8   3   0
    0]
 [  0   0   0   0   0   0   0   1   0   0   0   0   3   1  19   8  16   0
    1]
 [  0   0   0   0   0   0   0   2   0   1   0   0   2   0   2   1   5   0
    0]
 [  0   0   0   0   0   0   0   0   0   0   1   0   1   0   3   0   8   0
    2]]
{'eval_loss': 1.5550343990325928, 'eval_macro_f1': 0.4347395486926943, 'eval_macro_precision': 0.4516287677159367, 'eval_macro_recall': 0.4824193199316025, 'eval_accuracy': 0.4785225718194254, 'eval_accuracy_with_margin': 0.6963064295485636, 'eval_Distance': 1.2952120383036936, 'eval_Quadratic Weighted Kappa': 0.7829309146131851, 'eval_runtime': 6.4025, 'eval_samples_per_second': 1141.738, 'eval_steps_per_second': 71.378, 'epoch': 2.0}
{'loss': 0.6352, 'grad_norm': 8.569831848144531, 'learning_rate': 2.501079447322971e-05, 'epoch': 3.0}
              precision    recall  f1-score   support

           0     0.7069    0.9318    0.8039        44
           1     0.5843    0.7647    0.6624        68
           2     0.4375    0.7692    0.5578       182
           3     0.3645    0.5000    0.4216        78
           4     0.5148    0.5851    0.5477       417
           5     0.4224    0.5185    0.4656       189
           6     0.5274    0.7133    0.6064       701
           7     0.5937    0.6411    0.6165       613
           8     0.4448    0.6314    0.5219       236
           9     0.7374    0.6660    0.6999      1012
          10     0.2602    0.4817    0.3379       409
          11     0.5889    0.1999    0.2984      1491
          12     0.3603    0.5358    0.4309       349
          13     0.5784    0.4646    0.5153      1072
          14     0.2372    0.3760    0.2909       258
          15     0.1961    0.0877    0.1212       114
          16     0.3750    0.4898    0.4248        49
          17     0.0000    0.0000    0.0000        13
          18     0.7500    0.2000    0.3158        15

    accuracy                         0.4985      7310
   macro avg     0.4568    0.5030    0.4547      7310
weighted avg     0.5338    0.4985    0.4878      7310

[[ 41   2   0   0   0   0   1   0   0   0   0   0   0   0   0   0   0   0
    0]
 [  5  52   7   1   1   0   1   1   0   0   0   0   0   0   0   0   0   0
    0]
 [  1   4 140   3  14   5  11   0   0   0   3   0   1   0   0   0   0   0
    0]
 [  0   3  11  39  11   2   7   4   0   0   1   0   0   0   0   0   0   0
    0]
 [  4  11  42  20 244  18  51   5   4   0  17   0   0   1   0   0   0   0
    0]
 [  0   1   2   0  28  98  46   2   5   0   3   2   0   1   0   1   0   0
    0]
 [  0   3  35  16  53  37 500  25  13   4   8   6   1   0   0   0   0   0
    0]
 [  2   4   9   5  31  14  59 393  35  21  11  17   9   3   0   0   0   0
    0]
 [  0   1   3   2   4   6  18  24 149  10   7   3   7   1   1   0   0   0
    0]
 [  0   0   1   2   9   9  33  77  50 674  72  29  37  14   5   0   0   0
    0]
 [  3   2  12   5  20   6  38   8  13  32 197  17  29  23   2   0   2   0
    0]
 [  2   6  41  12  47  29 148  91  37 126 289 298 130 184  46   4   1   0
    0]
 [  0   0   9   2   6   4   3  10  16  15  25  30 187  29  13   0   0   0
    0]
 [  0   0   4   0   5   1  30  14  11  25 110  90  92 498 169  19   4   0
    0]
 [  0   0   3   0   1   3   2   6   2   4  12  12  15  80  97   9  12   0
    0]
 [  0   0   1   0   0   0   0   1   0   2   2   1   8  25  59  10   5   0
    0]
 [  0   0   0   0   0   0   0   0   0   0   0   1   1   1  15   6  24   0
    1]
 [  0   0   0   0   0   0   0   1   0   1   0   0   1   0   1   1   8   0
    0]
 [  0   0   0   0   0   0   0   0   0   0   0   0   1   1   1   1   8   0
    3]]
{'eval_loss': 1.6469804048538208, 'eval_macro_f1': 0.4546738427664144, 'eval_macro_precision': 0.45682779283245717, 'eval_macro_recall': 0.5029750875868509, 'eval_accuracy': 0.4984952120383037, 'eval_accuracy_with_margin': 0.6930232558139535, 'eval_Distance': 1.2968536251709986, 'eval_Quadratic Weighted Kappa': 0.7820407583428308, 'eval_runtime': 6.4021, 'eval_samples_per_second': 1141.804, 'eval_steps_per_second': 71.382, 'epoch': 3.0}
{'loss': 0.452, 'grad_norm': 6.947040557861328, 'learning_rate': 1.6677461139896376e-05, 'epoch': 4.0}
              precision    recall  f1-score   support

           0     0.7091    0.8864    0.7879        44
           1     0.5862    0.7500    0.6581        68
           2     0.5214    0.6703    0.5865       182
           3     0.3883    0.5128    0.4420        78
           4     0.5464    0.6211    0.5814       417
           5     0.4259    0.6085    0.5011       189
           6     0.6160    0.6591    0.6368       701
           7     0.5991    0.6705    0.6328       613
           8     0.5483    0.6017    0.5737       236
           9     0.6348    0.7609    0.6921      1012
          10     0.2825    0.3667    0.3191       409
          11     0.5346    0.2542    0.3445      1491
          12     0.3362    0.5645    0.4214       349
          13     0.5732    0.4272    0.4896      1072
          14     0.2318    0.3450    0.2773       258
          15     0.1721    0.1842    0.1780       114
          16     0.4091    0.3673    0.3871        49
          17     0.0000    0.0000    0.0000        13
          18     0.7500    0.2000    0.3158        15

    accuracy                         0.5097      7310
   macro avg     0.4666    0.4974    0.4645      7310
weighted avg     0.5240    0.5097    0.5006      7310

[[ 39   4   0   0   1   0   0   0   0   0   0   0   0   0   0   0   0   0
    0]
 [  4  51   7   0   3   0   1   1   1   0   0   0   0   0   0   0   0   0
    0]
 [  1   5 122   6  23   4  12   0   0   0   6   2   1   0   0   0   0   0
    0]
 [  0   2   6  40  15   1   5   5   0   2   1   1   0   0   0   0   0   0
    0]
 [  5   7  24  18 259  23  39   8   4   1  22   5   1   0   0   1   0   0
    0]
 [  0   1   1   1  15 115  30   9   6   1   3   4   0   2   0   1   0   0
    0]
 [  0   3  23  14  53  44 462  36  11  17  16  21   1   0   0   0   0   0
    0]
 [  1   3   6   6  30  13  36 411  24  31  17  19  11   3   2   0   0   0
    0]
 [  0   1   2   2   4   6  11  27 142  19   7   7   7   0   1   0   0   0
    0]
 [  0   0   0   1   6  12  17  61  30 770  20  38  35  17   5   0   0   0
    0]
 [  3   2   8   2  14   9  23   9  11  77 150  46  30  21   2   0   2   0
    0]
 [  2   8  23  12  41  33  99  86  18 214 200 379 147 175  46   8   0   0
    0]
 [  0   0   6   1   7   3   1   9   7  30  18  33 197  29   7   1   0   0
    0]
 [  0   0   3   0   3   4  14  17   3  42  63 134 118 458 165  47   1   0
    0]
 [  0   0   2   0   0   3   0   5   2   6   8  18  24  70  89  24   7   0
    0]
 [  0   0   1   0   0   0   0   1   0   2   0   1  10  22  53  21   3   0
    0]
 [  0   0   0   0   0   0   0   0   0   0   0   1   1   1  13  14  18   0
    1]
 [  0   0   0   0   0   0   0   1   0   1   0   0   2   0   1   2   6   0
    0]
 [  0   0   0   0   0   0   0   0   0   0   0   0   1   1   0   3   7   0
    3]]
{'eval_loss': 1.6821919679641724, 'eval_macro_f1': 0.4644827159907539, 'eval_macro_precision': 0.4665768648794785, 'eval_macro_recall': 0.497386631909043, 'eval_accuracy': 0.5097127222982216, 'eval_accuracy_with_margin': 0.6949384404924761, 'eval_Distance': 1.2272229822161422, 'eval_Quadratic Weighted Kappa': 0.7966597243965182, 'eval_runtime': 6.399, 'eval_samples_per_second': 1142.361, 'eval_steps_per_second': 71.417, 'epoch': 4.0}
{'loss': 0.3095, 'grad_norm': 5.138157367706299, 'learning_rate': 8.34412780656304e-06, 'epoch': 5.0}
              precision    recall  f1-score   support

           0     0.6964    0.8864    0.7800        44
           1     0.5467    0.6029    0.5734        68
           2     0.5187    0.6868    0.5910       182
           3     0.3661    0.5256    0.4316        78
           4     0.5187    0.6331    0.5702       417
           5     0.4030    0.5714    0.4726       189
           6     0.5797    0.6847    0.6279       701
           7     0.5864    0.6591    0.6206       613
           8     0.4534    0.6186    0.5233       236
           9     0.6852    0.7312    0.7075      1012
          10     0.2617    0.4377    0.3275       409
          11     0.5292    0.2549    0.3440      1491
          12     0.3369    0.5358    0.4137       349
          13     0.5778    0.3983    0.4716      1072
          14     0.2544    0.3333    0.2886       258
          15     0.2222    0.0877    0.1258       114
          16     0.4255    0.4082    0.4167        49
          17     0.0000    0.0000    0.0000        13
          18     0.7500    0.2000    0.3158        15

    accuracy                         0.5034      7310
   macro avg     0.4585    0.4871    0.4527      7310
weighted avg     0.5206    0.5034    0.4942      7310

[[ 39   4   0   0   1   0   0   0   0   0   0   0   0   0   0   0   0   0
    0]
 [  4  41   7   0   3   1   2   0   1   0   0   9   0   0   0   0   0   0
    0]
 [  2   5 125   5  28   3  10   0   0   0   4   0   0   0   0   0   0   0
    0]
 [  0   2   6  41  14   1   7   4   0   2   1   0   0   0   0   0   0   0
    0]
 [  5   7  23  14 264  20  49   7   5   1  21   1   0   0   0   0   0   0
    0]
 [  0   1   1   1  23 108  32   5   7   2   5   2   0   1   0   1   0   0
    0]
 [  0   3  21  18  52  46 480  33  19   7  10  11   1   0   0   0   0   0
    0]
 [  1   3   8   9  27  15  40 404  32  25  17  19  11   2   0   0   0   0
    0]
 [  0   1   2   2   5   6  12  28 146  19   6   3   5   0   1   0   0   0
    0]
 [  0   0   0   3   7  10  23  68  36 740  48  33  29  14   1   0   0   0
    0]
 [  3   2  10   4  16   9  29  14  13  51 179  39  21  15   2   0   2   0
    0]
 [  2   6  24  13  53  33 118  92  35 166 258 380 129 145  32   4   1   0
    0]
 [  0   0   8   2   6   6   6  11  17  24  24  26 187  26   6   0   0   0
    0]
 [  0   0   3   0  10   6  20  15   8  35  98 167 129 427 142  11   1   0
    0]
 [  0   0   2   0   0   4   0   6   3   5  11  24  26  76  86   9   6   0
    0]
 [  0   0   1   0   0   0   0   1   0   2   2   2  13  30  49  10   4   0
    0]
 [  0   0   0   0   0   0   0   0   0   0   0   2   1   2  15   8  20   0
    1]
 [  0   0   0   0   0   0   0   1   0   1   0   0   2   0   2   0   7   0
    0]
 [  0   0   0   0   0   0   0   0   0   0   0   0   1   1   2   2   6   0
    3]]
{'eval_loss': 1.9696590900421143, 'eval_macro_f1': 0.45272431838492927, 'eval_macro_precision': 0.45852826924203, 'eval_macro_recall': 0.48714784960409135, 'eval_accuracy': 0.5034199726402189, 'eval_accuracy_with_margin': 0.6906976744186046, 'eval_Distance': 1.2801641586867305, 'eval_Quadratic Weighted Kappa': 0.7767625673790692, 'eval_runtime': 6.4044, 'eval_samples_per_second': 1141.411, 'eval_steps_per_second': 71.358, 'epoch': 5.0}
{'loss': 0.2162, 'grad_norm': 6.205542087554932, 'learning_rate': 1.0794473229706391e-08, 'epoch': 6.0}
              precision    recall  f1-score   support

           0     0.6964    0.8864    0.7800        44
           1     0.5333    0.5882    0.5594        68
           2     0.5019    0.7143    0.5896       182
           3     0.3694    0.5256    0.4339        78
           4     0.5066    0.6403    0.5657       417
           5     0.4131    0.5661    0.4777       189
           6     0.6275    0.6633    0.6449       701
           7     0.5920    0.6558    0.6223       613
           8     0.4728    0.6271    0.5392       236
           9     0.7110    0.7075    0.7093      1012
          10     0.2671    0.4670    0.3399       409
          11     0.5359    0.2904    0.3767      1491
          12     0.3304    0.5301    0.4070       349
          13     0.5826    0.4179    0.4867      1072
          14     0.2461    0.3023    0.2713       258
          15     0.2333    0.1228    0.1609       114
          16     0.4082    0.4082    0.4082        49
          17     0.0000    0.0000    0.0000        13
          18     0.7500    0.2000    0.3158        15

    accuracy                         0.5098      7310
   macro avg     0.4620    0.4902    0.4573      7310
weighted avg     0.5308    0.5098    0.5056      7310

[[ 39   4   0   0   1   0   0   0   0   0   0   0   0   0   0   0   0   0
    0]
 [  4  40   7   1   2   0   1   0   1   0   0  12   0   0   0   0   0   0
    0]
 [  2   4 130   5  24   2   9   0   0   0   5   0   1   0   0   0   0   0
    0]
 [  0   2   6  41  15   1   6   4   0   2   1   0   0   0   0   0   0   0
    0]
 [  4   8  28  15 267  23  36   6   5   1  23   1   0   0   0   0   0   0
    0]
 [  0   1   2   1  25 107  28   8   6   2   5   2   0   1   0   1   0   0
    0]
 [  0   3  25  17  59  42 465  36  17  11  14  11   1   0   0   0   0   0
    0]
 [  2   3   8   8  32  14  32 402  32  25  20  19  14   2   0   0   0   0
    0]
 [  0   1   2   3   5   6   9  25 148  15   8   5   7   1   1   0   0   0
    0]
 [  0   0   0   2   8  12  18  59  38 716  69  39  32  17   2   0   0   0
    0]
 [  3   2  10   4  18   9  22  14  11  36 191  42  30  15   2   0   0   0
    0]
 [  2   7  28  12  54  33  93  90  30 144 250 433 131 148  31   4   1   0
    0]
 [  0   0   7   2   7   4   3  10  15  20  24  39 185  26   7   0   0   0
    0]
 [  0   0   3   0  10   4  19  17   6  28  92 177 118 448 130  16   4   0
    0]
 [  0   0   2   0   0   2   0   6   3   5  12  24  25  81  78  12   7   1
    0]
 [  0   0   1   0   0   0   0   1   1   1   1   3  13  28  46  14   5   0
    0]
 [  0   0   0   0   0   0   0   0   0   0   0   1   1   1  15  10  20   0
    1]
 [  0   0   0   0   0   0   0   1   0   1   0   0   1   0   4   0   6   0
    0]
 [  0   0   0   0   0   0   0   0   0   0   0   0   1   1   1   3   6   0
    3]]
{'eval_loss': 2.0493812561035156, 'eval_macro_f1': 0.4572807335278922, 'eval_macro_precision': 0.46198861005358216, 'eval_macro_recall': 0.4901790983923045, 'eval_accuracy': 0.5098495212038304, 'eval_accuracy_with_margin': 0.6954856361149111, 'eval_Distance': 1.2616963064295486, 'eval_Quadratic Weighted Kappa': 0.7800508844679049, 'eval_runtime': 6.3848, 'eval_samples_per_second': 1144.906, 'eval_steps_per_second': 71.576, 'epoch': 6.0}
{'train_runtime': 803.7538, 'train_samples_per_second': 368.814, 'train_steps_per_second': 5.763, 'train_loss': 0.6293132169259027, 'epoch': 6.0}
              precision    recall  f1-score   support

           0     0.6500    0.8864    0.7500        44
           1     0.5495    0.7353    0.6289        68
           2     0.4635    0.6978    0.5570       182
           3     0.3040    0.4872    0.3744        78
           4     0.5513    0.6187    0.5831       417
           5     0.4036    0.5873    0.4784       189
           6     0.6107    0.6377    0.6239       701
           7     0.6128    0.6868    0.6477       613
           8     0.5489    0.5466    0.5478       236
           9     0.6809    0.6957    0.6882      1012
          10     0.2104    0.6137    0.3134       409
          11     0.5833    0.1174    0.1954      1491
          12     0.3462    0.5129    0.4134       349
          13     0.5739    0.4095    0.4780      1072
          14     0.2227    0.4031    0.2869       258
          15     0.1702    0.0702    0.0994       114
          16     0.4324    0.3265    0.3721        49
          17     0.0000    0.0000    0.0000        13
          18     0.6667    0.1333    0.2222        15

    accuracy                         0.4785      7310
   macro avg     0.4516    0.4824    0.4347      7310
weighted avg     0.5338    0.4785    0.4628      7310

[[ 39   3   0   0   1   0   1   0   0   0   0   0   0   0   0   0   0   0
    0]
 [  7  50   7   0   3   0   1   0   0   0   0   0   0   0   0   0   0   0
    0]
 [  3   6 127   3  20   2  14   0   0   0   6   0   1   0   0   0   0   0
    0]
 [  0   3  14  38   9   2   5   4   0   2   1   0   0   0   0   0   0   0
    0]
 [  4   8  33  19 258  19  33   5   7   0  29   0   1   0   1   0   0   0
    0]
 [  1   1   2   5  25 111  26   2   4   1   7   1   0   2   1   0   0   0
    0]
 [  0   5  24  21  57  49 447  24  19  12  39   3   0   1   0   0   0   0
    0]
 [  1   4   8  10  19  12  41 421  11  45  21   7  10   3   0   0   0   0
    0]
 [  0   2   3   3   3   5   5  26 129  32  17   3   8   0   0   0   0   0
    0]
 [  0   0   0   2   7  17  23  61  17 704 121  18  31  11   0   0   0   0
    0]
 [  3   2   9   4  15  11  20  10  10  27 251   7  21  19   0   0   0   0
    0]
 [  2   7  33  18  40  35  98  95  21 155 451 175 133 181  42   5   0   0
    0]
 [  0   0   7   2   7   4   5  11  11  19  43  20 179  27  14   0   0   0
    0]
 [  0   0   4   0   4   5  11  15   4  26 183  56  96 439 216  13   0   0
    0]
 [  0   0   2   0   0   3   2   9   2   7  20   8  21  63 104  12   5   0
    0]
 [  0   0   1   0   0   0   0   1   0   3   3   2  10  18  65   8   3   0
    0]
 [  0   0   0   0   0   0   0   1   0   0   0   0   3   1  19   8  16   0
    1]
 [  0   0   0   0   0   0   0   2   0   1   0   0   2   0   2   1   5   0
    0]
 [  0   0   0   0   0   0   0   0   0   0   1   0   1   0   3   0   8   0
    2]]
***** eval metrics *****
  eval_Distance                 =     1.2952
  eval_Quadratic Weighted Kappa =     0.7829
  eval_accuracy                 =     0.4785
  eval_accuracy_with_margin     =     0.6963
  eval_loss                     =      1.555
  eval_macro_f1                 =     0.4347
  eval_macro_precision          =     0.4516
  eval_macro_recall             =     0.4824
  eval_runtime                  = 0:00:06.36
  eval_samples_per_second       =   1148.848
  eval_steps_per_second         =     71.823
Accuracy: 47.8523
Accuracy with margin of one level: 69.6306
Average distance between labels and predictions: 1.295212
Quadratic Weighted Kappa: 78.2931
              precision    recall  f1-score   support

           0     0.6286    0.6875    0.6567        32
           1     0.2771    0.6389    0.3866        36
           2     0.5396    0.5319    0.5357       141
           3     0.4615    0.7674    0.5764        86
           4     0.5386    0.6789    0.6007       380
           5     0.4286    0.5827    0.4939       139
           6     0.5727    0.6530    0.6102       585
           7     0.5892    0.7264    0.6507       541
           8     0.5200    0.5474    0.5333       190
           9     0.6796    0.6782    0.6789      1010
          10     0.2345    0.6358    0.3426       464
          11     0.6305    0.1294    0.2147      1662
          12     0.4028    0.5959    0.4807       438
          13     0.5685    0.4261    0.4871      1042
          14     0.2679    0.4945    0.3475       273
          15     0.4100    0.2547    0.3142       161
          16     0.1579    0.0896    0.1143        67
          17     0.0000    0.0000    0.0000        23
          18     0.5000    0.1875    0.2727        16

    accuracy                         0.4789      7286
   macro avg     0.4425    0.4898    0.4367      7286
weighted avg     0.5397    0.4789    0.4590      7286

[[ 22  10   0   0   0   0   0   0   0   0   0   0   0   0   0   0   0   0
    0]
 [  7  23   4   0   1   0   0   0   1   0   0   0   0   0   0   0   0   0
    0]
 [  1  10  75   1  46   0   4   0   1   0   3   0   0   0   0   0   0   0
    0]
 [  0   2   1  66   9   2   4   1   1   0   0   0   0   0   0   0   0   0
    0]
 [  1  10  14  19 258  17  31   7   5   0  17   1   0   0   0   0   0   0
    0]
 [  0   1   0   5  25  81  13   6   2   1   4   0   0   1   0   0   0   0
    0]
 [  0   6   9  22  60  23 382  17   7   8  32  14   3   1   1   0   0   0
    0]
 [  3   1   1   3  16   9  34 393   7  40  14   1  15   1   3   0   0   0
    0]
 [  0   2   3   1   2  10   6  13 104  28   7   2  11   1   0   0   0   0
    0]
 [  0   0   0   3   7   6  26  51  22 685 150  11  28  13   7   0   1   0
    0]
 [  1   3   7   4  14   4  22  18   4  32 295  12  26  15   6   1   0   0
    0]
 [  0  10  24  16  37  32 122 120  33 147 486 215 169 210  39   1   1   0
    0]
 [  0   1   0   0   1   1   7  18   8  22  48  15 261  28  26   0   2   0
    0]
 [  0   3   1   0   2   2  15  16   5  29 177  63  84 444 177  24   0   0
    0]
 [  0   0   0   3   0   2   1   5   0  11  14   6  34  44 135  16   2   0
    0]
 [  0   0   0   0   0   0   0   1   0   4   6   0  12  15  73  41   9   0
    0]
 [  0   1   0   0   0   0   0   0   0   1   4   0   3   4  34  13   6   0
    1]
 [  0   0   0   0   1   0   0   0   0   0   1   0   1   3   2   3  10   0
    2]
 [  0   0   0   0   0   0   0   1   0   0   0   1   1   1   1   1   7   0
    3]]
***** test metrics *****
  test_Distance                 =     1.2621
  test_Quadratic Weighted Kappa =      0.785
  test_accuracy                 =     0.4789
  test_accuracy_with_margin     =     0.6957
  test_loss                     =     1.5374
  test_macro_f1                 =     0.4367
  test_macro_precision          =     0.4425
  test_macro_recall             =     0.4898
  test_runtime                  = 0:00:06.48
  test_samples_per_second       =   1123.025
  test_steps_per_second         =     70.285
Accuracy: 47.8864
Accuracy with margin of one level: 69.5718
Average distance between labels and predictions: 1.262147
Quadratic Weighted Kappa: 78.4971
[1;34mwandb[0m: 
[1;34mwandb[0m: 🚀 View run [33mbarec_tarab_uniform_3k_per_class_49k[0m at: [34mhttps://wandb.ai/mohamed-mahmoud-new-york-university/habibi-readability-arabertv02-confidences/runs/t11acq85[0m
[1;34mwandb[0m: Find logs at: [1;35mwandb/run-20260422_225406-t11acq85/logs[0m
