HOST: cn268
CUDA_VISIBLE_DEVICES=0
CUDA_HOME=/share/apps/NYUAD5/cuda/12.2.0
GPU 0: NVIDIA A100-SXM4-80GB (UUID: GPU-b06ea661-a43a-edbf-b25f-444a4d07a42e)
torch 2.9.0+cu128
cuda_available True
cuda_device_count 1
torch_cuda 12.8
model: bert-base-arabertv02, levels: 19
wandb project='habibi-readability-arabertv02-confidences' group='barec_tarab_uniform_4k_per_class' run='barec_tarab_uniform_4k_per_class_64k'
Warning: The cache directory for DeepSpeed Triton autotune, /home/mom8702/.triton/autotune, appears to be on an NFS system. While this is generally acceptable, if you experience slowdowns or hanging when DeepSpeed exits, it is recommended to set the TRITON_CACHE_DIR environment variable to a non-NFS path.
{'loss': 1.208, 'grad_norm': 8.354296684265137, 'learning_rate': 4.167494207216154e-05, 'epoch': 1.0}
              precision    recall  f1-score   support

           0     0.4516    0.9545    0.6131        44
           1     0.4912    0.4118    0.4480        68
           2     0.3501    0.8022    0.4875       182
           3     0.3360    0.5385    0.4138        78
           4     0.4936    0.5564    0.5231       417
           5     0.3846    0.5291    0.4454       189
           6     0.5739    0.5763    0.5751       701
           7     0.5332    0.6427    0.5828       613
           8     0.6146    0.5339    0.5714       236
           9     0.6872    0.6709    0.6790      1012
          10     0.2419    0.5134    0.3289       409
          11     0.5306    0.1569    0.2422      1491
          12     0.4255    0.3926    0.4083       349
          13     0.5330    0.6250    0.5754      1072
          14     0.2727    0.3140    0.2919       258
          15     0.0625    0.0088    0.0154       114
          16     0.3696    0.3469    0.3579        49
          17     0.0000    0.0000    0.0000        13
          18     1.0000    0.3333    0.5000        15

    accuracy                         0.4854      7310
   macro avg     0.4396    0.4688    0.4242      7310
weighted avg     0.5078    0.4854    0.4679      7310

[[ 42   1   1   0   0   0   0   0   0   0   0   0   0   0   0   0   0   0
    0]
 [ 28  28  10   0   2   0   0   0   0   0   0   0   0   0   0   0   0   0
    0]
 [  4   5 146   3  14   0   7   0   0   0   2   0   1   0   0   0   0   0
    0]
 [  1   0  16  42   7   2   4   4   0   0   1   1   0   0   0   0   0   0
    0]
 [  6   8  69  21 232  18  29   5   3   0  24   1   0   0   0   1   0   0
    0]
 [  1   1   7   1  24 100  34   3   1   5   7   4   0   0   0   1   0   0
    0]
 [  0   5  47  18  70  55 404  29  14  11  33  13   1   1   0   0   0   0
    0]
 [  2   3  12   9  42  17  56 394   8  27  16  17   3   6   1   0   0   0
    0]
 [  0   2   4   4   3  10  11  33 126  22   9   3   7   1   0   0   1   0
    0]
 [  0   0   2   6   4  14  18  94  17 679 106  18  22  25   6   0   1   0
    0]
 [  4   1  22   3   9   8  25   8   9  35 210  31  12  29   3   0   0   0
    0]
 [  4   3  56  16  53  27 100 116  19 150 316 234  74 298  20   4   1   0
    0]
 [  1   0  12   0   6   3   6  17   4  25  31  33 137  66   7   0   1   0
    0]
 [  0   0   9   2   3   4   9  25   3  27 102  77  48 670  89   4   0   0
    0]
 [  0   0   3   0   1   2   1   7   1   6   9   9   9 118  81   3   8   0
    0]
 [  0   0   1   0   0   0   0   2   0   1   1   0   6  41  56   1   5   0
    0]
 [  0   0   0   0   0   0   0   1   0   0   0   0   0   2  27   2  17   0
    0]
 [  0   0   0   0   0   0   0   1   0   0   0   0   1   0   5   0   6   0
    0]
 [  0   0   0   0   0   0   0   0   0   0   1   0   1   0   2   0   6   0
    5]]
{'eval_loss': 1.5276002883911133, 'eval_macro_f1': 0.4241746162458649, 'eval_macro_precision': 0.43957432166976823, 'eval_macro_recall': 0.4688036202274028, 'eval_accuracy': 0.4853625170998632, 'eval_accuracy_with_margin': 0.6734610123119015, 'eval_Distance': 1.3571819425444596, 'eval_Quadratic Weighted Kappa': 0.770421269388178, 'eval_runtime': 5.4439, 'eval_samples_per_second': 1342.785, 'eval_steps_per_second': 83.947, 'epoch': 1.0}
{'loss': 0.7928, 'grad_norm': 6.340641975402832, 'learning_rate': 3.33416087388282e-05, 'epoch': 2.0}
              precision    recall  f1-score   support

           0     0.6981    0.8409    0.7629        44
           1     0.6197    0.6471    0.6331        68
           2     0.4860    0.5714    0.5253       182
           3     0.5192    0.3462    0.4154        78
           4     0.6879    0.4916    0.5734       417
           5     0.5127    0.4286    0.4669       189
           6     0.4981    0.7504    0.5987       701
           7     0.6209    0.6493    0.6348       613
           8     0.5133    0.5720    0.5411       236
           9     0.6673    0.7292    0.6969      1012
          10     0.2302    0.4963    0.3145       409
          11     0.6293    0.1241    0.2073      1491
          12     0.3478    0.5759    0.4337       349
          13     0.5190    0.6381    0.5724      1072
          14     0.2517    0.2829    0.2664       258
          15     0.1765    0.0263    0.0458       114
          16     0.3529    0.1224    0.1818        49
          17     0.0000    0.0000    0.0000        13
          18     1.0000    0.1333    0.2353        15

    accuracy                         0.4996      7310
   macro avg     0.4911    0.4435    0.4266      7310
weighted avg     0.5389    0.4996    0.4737      7310

[[ 37   4   1   0   1   0   1   0   0   0   0   0   0   0   0   0   0   0
    0]
 [  6  44   8   0   2   1   5   1   1   0   0   0   0   0   0   0   0   0
    0]
 [  1   7 104   2  14   1  38   0   0   0  14   0   1   0   0   0   0   0
    0]
 [  0   1   8  27   5   1  23   5   1   2   4   1   0   0   0   0   0   0
    0]
 [  3   3  26   6 205  12 108   7   8   1  34   1   1   1   0   1   0   0
    0]
 [  0   1   2   1   8  81  62  13   2   4   8   1   2   3   0   1   0   0
    0]
 [  0   3  18   4  16  24 526  34  19  16  30   9   2   0   0   0   0   0
    0]
 [  1   2   6   3   4   8  57 398  33  44  21  12  11  12   1   0   0   0
    0]
 [  0   1   1   1   1   3  19  17 135  37   5   0  14   1   1   0   0   0
    0]
 [  0   0   0   1   6   6  20  34  20 738 101   8  44  26   8   0   0   0
    0]
 [  3   1   7   2  11   4  33  12   8  40 203  14  36  32   3   0   0   0
    0]
 [  2   4  22   5  20  14 144  90  25 174 310 185 144 324  25   1   2   0
    0]
 [  0   0   5   0   3   1   6   7   7  13  26  16 201  56   8   0   0   0
    0]
 [  0   0   3   0   2   0  13  14   3  28 115  40  91 684  77   2   0   0
    0]
 [  0   0   2   0   0   2   1   6   1   6   9   3  21 128  73   3   3   0
    0]
 [  0   0   1   0   0   0   0   1   0   2   1   2   8  46  48   3   2   0
    0]
 [  0   0   0   0   0   0   0   0   0   0   0   2   0   4  33   4   6   0
    0]
 [  0   0   0   0   0   0   0   2   0   1   0   0   1   1   7   0   1   0
    0]
 [  0   0   0   0   0   0   0   0   0   0   1   0   1   0   6   2   3   0
    2]]
{'eval_loss': 1.46897554397583, 'eval_macro_f1': 0.42660695458676196, 'eval_macro_precision': 0.491077628371519, 'eval_macro_recall': 0.44347784289665365, 'eval_accuracy': 0.49958960328317376, 'eval_accuracy_with_margin': 0.6890560875512995, 'eval_Distance': 1.2381668946648428, 'eval_Quadratic Weighted Kappa': 0.7902483417035726, 'eval_runtime': 5.4333, 'eval_samples_per_second': 1345.409, 'eval_steps_per_second': 84.111, 'epoch': 2.0}
{'loss': 0.5812, 'grad_norm': 9.782156944274902, 'learning_rate': 2.500827540549487e-05, 'epoch': 3.0}
              precision    recall  f1-score   support

           0     0.6610    0.8864    0.7573        44
           1     0.5455    0.7059    0.6154        68
           2     0.5065    0.6429    0.5666       182
           3     0.5000    0.4487    0.4730        78
           4     0.5792    0.6403    0.6082       417
           5     0.4489    0.5344    0.4879       189
           6     0.5760    0.6705    0.6196       701
           7     0.5577    0.7178    0.6277       613
           8     0.4712    0.6229    0.5365       236
           9     0.6919    0.7322    0.7115      1012
          10     0.2619    0.4450    0.3297       409
          11     0.5870    0.2488    0.3495      1491
          12     0.3559    0.5731    0.4391       349
          13     0.5968    0.4571    0.5177      1072
          14     0.2368    0.3488    0.2821       258
          15     0.2041    0.0877    0.1227       114
          16     0.3864    0.3469    0.3656        49
          17     0.0000    0.0000    0.0000        13
          18     0.6000    0.2000    0.3000        15

    accuracy                         0.5155      7310
   macro avg     0.4614    0.4900    0.4584      7310
weighted avg     0.5389    0.5155    0.5062      7310

[[ 39   3   0   0   2   0   0   0   0   0   0   0   0   0   0   0   0   0
    0]
 [  6  48   6   0   4   1   2   0   1   0   0   0   0   0   0   0   0   0
    0]
 [  2   7 117   3  23   0  20   0   0   0  10   0   0   0   0   0   0   0
    0]
 [  1   1  11  35  11   1  11   5   0   0   1   1   0   0   0   0   0   0
    0]
 [  4   6  26   8 267  19  51   7   4   1  22   0   0   1   1   0   0   0
    0]
 [  0   1   1   1  15 101  40  13   4   2   6   2   1   1   0   1   0   0
    0]
 [  0   5  20   7  44  38 470  47  28   6  26   8   1   1   0   0   0   0
    0]
 [  2   6   6   4  17  13  27 440  33  19  16  17   8   4   1   0   0   0
    0]
 [  0   1   3   1   4   6  12  24 147  20   7   3   7   0   1   0   0   0
    0]
 [  0   0   1   1   6   9  19  90  26 741  41  20  30  21   7   0   0   0
    0]
 [  3   2  10   2  13   7  31  14  10  48 182  34  30  19   4   0   0   0
    0]
 [  2   8  19   8  44  25 115 114  40 162 242 371 143 142  49   4   3   0
    0]
 [  0   0   5   0   8   2   2   9  14  20  21  34 200  22  12   0   0   0
    0]
 [  0   0   3   0   3   1  15  17   4  42 111 126 108 490 135  17   0   0
    0]
 [  0   0   2   0   0   2   1   7   1   7   8  14  21  88  90  10   7   0
    0]
 [  0   0   1   0   0   0   0   1   0   2   1   1  10  29  55  10   4   0
    0]
 [  0   0   0   0   0   0   0   0   0   0   0   1   1   2  20   6  17   0
    2]
 [  0   0   0   0   0   0   0   1   0   1   0   0   1   1   4   0   5   0
    0]
 [  0   0   0   0   0   0   0   0   0   0   1   0   1   0   1   1   8   0
    3]]
{'eval_loss': 1.5975242853164673, 'eval_macro_f1': 0.45842368165267816, 'eval_macro_precision': 0.4613998278350501, 'eval_macro_recall': 0.4899637969862538, 'eval_accuracy': 0.5154582763337894, 'eval_accuracy_with_margin': 0.6958960328317374, 'eval_Distance': 1.2299589603283174, 'eval_Quadratic Weighted Kappa': 0.7929569067637159, 'eval_runtime': 5.4261, 'eval_samples_per_second': 1347.194, 'eval_steps_per_second': 84.223, 'epoch': 3.0}
{'loss': 0.4101, 'grad_norm': 10.38182258605957, 'learning_rate': 1.6674942072161535e-05, 'epoch': 4.0}
              precision    recall  f1-score   support

           0     0.4578    0.8636    0.5984        44
           1     0.4211    0.3529    0.3840        68
           2     0.4674    0.7088    0.5633       182
           3     0.3978    0.4744    0.4327        78
           4     0.5408    0.6523    0.5913       417
           5     0.4088    0.5926    0.4838       189
           6     0.6228    0.6619    0.6418       701
           7     0.6298    0.6688    0.6487       613
           8     0.4966    0.6229    0.5526       236
           9     0.7037    0.7065    0.7051      1012
          10     0.2783    0.5403    0.3674       409
          11     0.5567    0.2897    0.3811      1491
          12     0.3605    0.5444    0.4338       349
          13     0.5933    0.4925    0.5382      1072
          14     0.2857    0.2636    0.2742       258
          15     0.2381    0.0877    0.1282       114
          16     0.4222    0.3878    0.4043        49
          17     0.0000    0.0000    0.0000        13
          18     1.0000    0.2000    0.3333        15

    accuracy                         0.5224      7310
   macro avg     0.4674    0.4795    0.4454      7310
weighted avg     0.5420    0.5224    0.5165      7310

[[ 38   3   0   0   2   0   1   0   0   0   0   0   0   0   0   0   0   0
    0]
 [ 30  24   6   0   5   1   0   0   1   0   1   0   0   0   0   0   0   0
    0]
 [  2   5 129   3  23   1  11   0   0   0   5   2   1   0   0   0   0   0
    0]
 [  1   1  13  37  11   2   6   4   0   2   1   0   0   0   0   0   0   0
    0]
 [  5   5  31  17 272  21  38   7   3   1  13   3   0   1   0   0   0   0
    0]
 [  1   1   2   0  21 112  26   5   4   2   6   6   1   1   0   1   0   0
    0]
 [  0   5  29  12  57  48 464  25  21   7  22  10   1   0   0   0   0   0
    0]
 [  1   6   8   5  20  19  32 410  35  29  16  22   5   5   0   0   0   0
    0]
 [  0   1   4   1   3   9  14  15 147  25   7   5   5   0   0   0   0   0
    0]
 [  0   0   1   3   6  13  13  60  30 715  82  40  35  12   1   0   1   0
    0]
 [  3   2  11   2  17  11  18  14   7  28 221  38  19  17   1   0   0   0
    0]
 [  2   4  27  13  51  31 105  85  29 144 268 432 126 154  17   3   0   0
    0]
 [  0   0   6   0  10   4   2   6  11  23  25  36 190  30   6   0   0   0
    0]
 [  0   0   5   0   5   1  13  13   7  26 115 159 105 528  84  11   0   0
    0]
 [  0   0   3   0   0   1   2   5   1  10  10  20  24 101  68   6   7   0
    0]
 [  0   0   1   0   0   0   0   1   0   3   1   2  11  36  44  10   5   0
    0]
 [  0   0   0   0   0   0   0   0   0   0   1   1   1   3  14   9  19   1
    0]
 [  0   0   0   0   0   0   0   1   0   1   0   0   2   1   2   0   6   0
    0]
 [  0   0   0   0   0   0   0   0   0   0   0   0   1   1   1   2   7   0
    3]]
{'eval_loss': 1.7325592041015625, 'eval_macro_f1': 0.44538954322055496, 'eval_macro_precision': 0.46744632830820104, 'eval_macro_recall': 0.47951714982279053, 'eval_accuracy': 0.5224350205198358, 'eval_accuracy_with_margin': 0.7050615595075239, 'eval_Distance': 1.2106703146374829, 'eval_Quadratic Weighted Kappa': 0.7931130674126614, 'eval_runtime': 5.4609, 'eval_samples_per_second': 1338.608, 'eval_steps_per_second': 83.686, 'epoch': 4.0}
{'loss': 0.2784, 'grad_norm': 13.765870094299316, 'learning_rate': 8.341608738828203e-06, 'epoch': 5.0}
              precision    recall  f1-score   support

           0     0.6964    0.8864    0.7800        44
           1     0.5062    0.6029    0.5503        68
           2     0.4627    0.6813    0.5511       182
           3     0.3980    0.5000    0.4432        78
           4     0.5924    0.6379    0.6143       417
           5     0.4170    0.5450    0.4725       189
           6     0.5774    0.6705    0.6205       701
           7     0.5693    0.6835    0.6212       613
           8     0.4675    0.6398    0.5403       236
           9     0.7113    0.6986    0.7049      1012
          10     0.3047    0.4866    0.3748       409
          11     0.5387    0.3360    0.4139      1491
          12     0.4035    0.4613    0.4305       349
          13     0.5857    0.4748    0.5245      1072
          14     0.2396    0.2674    0.2527       258
          15     0.1525    0.0789    0.1040       114
          16     0.3571    0.3061    0.3297        49
          17     0.0000    0.0000    0.0000        13
          18     1.0000    0.2000    0.3333        15

    accuracy                         0.5233      7310
   macro avg     0.4726    0.4820    0.4559      7310
weighted avg     0.5333    0.5233    0.5184      7310

[[ 39   4   0   0   1   0   0   0   0   0   0   0   0   0   0   0   0   0
    0]
 [  4  41   7   0   4   1  10   0   1   0   0   0   0   0   0   0   0   0
    0]
 [  1   6 124   2  19   1  18   1   0   0   7   2   1   0   0   0   0   0
    0]
 [  1   3  12  39   9   1   7   3   0   2   1   0   0   0   0   0   0   0
    0]
 [  4   7  32  15 266  20  44   9   3   1  12   3   0   1   0   0   0   0
    0]
 [  1   1   1   1  18 103  29  15   5   4   4   3   1   1   1   1   0   0
    0]
 [  0   5  21  15  41  47 470  45  22   7  17   9   1   1   0   0   0   0
    0]
 [  1   7   8   6  14  15  35 419  32  30  11  26   4   5   0   0   0   0
    0]
 [  0   1   5   2   4   8  11  24 151  17   2   7   4   0   0   0   0   0
    0]
 [  0   0   1   1   5  11  17  75  42 707  64  48  23  15   3   0   0   0
    0]
 [  3   2  12   3  14   8  25  15   9  37 199  49  14  17   2   0   0   0
    0]
 [  2   4  30  14  40  27 132  90  35 132 209 501  91 156  23   5   0   0
    0]
 [  0   0   6   0   9   3   2  12  16  20  20  57 161  36   7   0   0   0
    0]
 [  0   0   5   0   5   1  13  18   6  25  98 192  73 509 112  14   1   0
    0]
 [  0   0   3   0   0   1   1   6   1   8   8  24  17  99  69  14   7   0
    0]
 [  0   0   1   0   0   0   0   2   0   3   1   5   8  25  52   9   8   0
    0]
 [  0   0   0   0   0   0   0   0   0   0   0   3   0   2  15  13  15   1
    0]
 [  0   0   0   0   0   0   0   2   0   1   0   0   1   1   3   1   4   0
    0]
 [  0   0   0   0   0   0   0   0   0   0   0   1   0   1   1   2   7   0
    3]]
{'eval_loss': 1.9335627555847168, 'eval_macro_f1': 0.45587455362878476, 'eval_macro_precision': 0.47263646349333027, 'eval_macro_recall': 0.4819547406819858, 'eval_accuracy': 0.5232558139534884, 'eval_accuracy_with_margin': 0.6993160054719563, 'eval_Distance': 1.2288645690834474, 'eval_Quadratic Weighted Kappa': 0.7869285939989255, 'eval_runtime': 5.4226, 'eval_samples_per_second': 1348.068, 'eval_steps_per_second': 84.277, 'epoch': 5.0}
{'loss': 0.1895, 'grad_norm': 11.520281791687012, 'learning_rate': 8.27540549486925e-09, 'epoch': 6.0}
              precision    recall  f1-score   support

           0     0.7037    0.8636    0.7755        44
           1     0.5060    0.6176    0.5563        68
           2     0.4859    0.6648    0.5615       182
           3     0.3958    0.4872    0.4368        78
           4     0.5848    0.6451    0.6135       417
           5     0.4194    0.5503    0.4760       189
           6     0.5833    0.6890    0.6318       701
           7     0.6130    0.6639    0.6374       613
           8     0.4799    0.6059    0.5356       236
           9     0.7067    0.6976    0.7021      1012
          10     0.2731    0.4841    0.3492       409
          11     0.5377    0.3347    0.4126      1491
          12     0.3571    0.5158    0.4220       349
          13     0.6023    0.4422    0.5100      1072
          14     0.2566    0.3023    0.2776       258
          15     0.2222    0.0702    0.1067       114
          16     0.3810    0.3265    0.3516        49
          17     0.0000    0.0000    0.0000        13
          18     0.7500    0.2000    0.3158        15

    accuracy                         0.5208      7310
   macro avg     0.4662    0.4822    0.4564      7310
weighted avg     0.5371    0.5208    0.5174      7310

[[ 38   4   0   0   1   0   1   0   0   0   0   0   0   0   0   0   0   0
    0]
 [  4  42   5   0   4   1  10   0   1   0   1   0   0   0   0   0   0   0
    0]
 [  1   6 121   3  24   1  13   1   0   0   8   3   1   0   0   0   0   0
    0]
 [  0   3  11  38  10   2   8   3   0   0   3   0   0   0   0   0   0   0
    0]
 [  4   7  30  14 269  18  49   6   2   1  12   4   1   0   0   0   0   0
    0]
 [  1   1   1   1  20 104  31   8   4   4   5   5   1   1   1   1   0   0
    0]
 [  0   5  20  14  41  44 483  34  19   6  21  12   1   1   0   0   0   0
    0]
 [  1   7   7   6  14  14  41 407  31  34  13  26   8   4   0   0   0   0
    0]
 [  0   1   5   1   5   9  13  19 143  19   5   9   7   0   0   0   0   0
    0]
 [  0   0   1   1   5  12  20  65  38 706  75  43  28  14   4   0   0   0
    0]
 [  3   2  10   3  13   9  23  13   9  41 198  48  21  14   2   0   0   0
    0]
 [  2   5  24  15  41  28 120  79  33 127 237 499 119 137  22   3   0   0
    0]
 [  0   0   6   0   8   3   2   8  13  20  22  53 180  27   7   0   0   0
    0]
 [  0   0   5   0   5   1  13  14   4  30 108 195 104 474 112   7   0   0
    0]
 [  0   0   2   0   0   2   1   5   1   7  12  23  24  89  78   7   7   0
    0]
 [  0   0   1   0   0   0   0   1   0   3   3   6   8  22  55   8   7   0
    0]
 [  0   0   0   0   0   0   0   0   0   0   1   2   0   2  18   8  16   1
    1]
 [  0   0   0   0   0   0   0   1   0   1   0   0   1   1   4   0   5   0
    0]
 [  0   0   0   0   0   0   0   0   0   0   1   0   0   1   1   2   7   0
    3]]
{'eval_loss': 2.070059299468994, 'eval_macro_f1': 0.4564147833049409, 'eval_macro_precision': 0.4662369744561769, 'eval_macro_recall': 0.48215305932348507, 'eval_accuracy': 0.5207934336525308, 'eval_accuracy_with_margin': 0.7041039671682626, 'eval_Distance': 1.216142270861833, 'eval_Quadratic Weighted Kappa': 0.7894724691932419, 'eval_runtime': 5.4123, 'eval_samples_per_second': 1350.638, 'eval_steps_per_second': 84.438, 'epoch': 6.0}
{'train_runtime': 915.1344, 'train_samples_per_second': 422.318, 'train_steps_per_second': 6.602, 'train_loss': 0.5766617876928557, 'epoch': 6.0}
              precision    recall  f1-score   support

           0     0.6981    0.8409    0.7629        44
           1     0.6197    0.6471    0.6331        68
           2     0.4860    0.5714    0.5253       182
           3     0.5192    0.3462    0.4154        78
           4     0.6879    0.4916    0.5734       417
           5     0.5127    0.4286    0.4669       189
           6     0.4981    0.7504    0.5987       701
           7     0.6209    0.6493    0.6348       613
           8     0.5133    0.5720    0.5411       236
           9     0.6673    0.7292    0.6969      1012
          10     0.2302    0.4963    0.3145       409
          11     0.6293    0.1241    0.2073      1491
          12     0.3478    0.5759    0.4337       349
          13     0.5190    0.6381    0.5724      1072
          14     0.2517    0.2829    0.2664       258
          15     0.1765    0.0263    0.0458       114
          16     0.3529    0.1224    0.1818        49
          17     0.0000    0.0000    0.0000        13
          18     1.0000    0.1333    0.2353        15

    accuracy                         0.4996      7310
   macro avg     0.4911    0.4435    0.4266      7310
weighted avg     0.5389    0.4996    0.4737      7310

[[ 37   4   1   0   1   0   1   0   0   0   0   0   0   0   0   0   0   0
    0]
 [  6  44   8   0   2   1   5   1   1   0   0   0   0   0   0   0   0   0
    0]
 [  1   7 104   2  14   1  38   0   0   0  14   0   1   0   0   0   0   0
    0]
 [  0   1   8  27   5   1  23   5   1   2   4   1   0   0   0   0   0   0
    0]
 [  3   3  26   6 205  12 108   7   8   1  34   1   1   1   0   1   0   0
    0]
 [  0   1   2   1   8  81  62  13   2   4   8   1   2   3   0   1   0   0
    0]
 [  0   3  18   4  16  24 526  34  19  16  30   9   2   0   0   0   0   0
    0]
 [  1   2   6   3   4   8  57 398  33  44  21  12  11  12   1   0   0   0
    0]
 [  0   1   1   1   1   3  19  17 135  37   5   0  14   1   1   0   0   0
    0]
 [  0   0   0   1   6   6  20  34  20 738 101   8  44  26   8   0   0   0
    0]
 [  3   1   7   2  11   4  33  12   8  40 203  14  36  32   3   0   0   0
    0]
 [  2   4  22   5  20  14 144  90  25 174 310 185 144 324  25   1   2   0
    0]
 [  0   0   5   0   3   1   6   7   7  13  26  16 201  56   8   0   0   0
    0]
 [  0   0   3   0   2   0  13  14   3  28 115  40  91 684  77   2   0   0
    0]
 [  0   0   2   0   0   2   1   6   1   6   9   3  21 128  73   3   3   0
    0]
 [  0   0   1   0   0   0   0   1   0   2   1   2   8  46  48   3   2   0
    0]
 [  0   0   0   0   0   0   0   0   0   0   0   2   0   4  33   4   6   0
    0]
 [  0   0   0   0   0   0   0   2   0   1   0   0   1   1   7   0   1   0
    0]
 [  0   0   0   0   0   0   0   0   0   0   1   0   1   0   6   2   3   0
    2]]
***** eval metrics *****
  eval_Distance                 =     1.2382
  eval_Quadratic Weighted Kappa =     0.7902
  eval_accuracy                 =     0.4996
  eval_accuracy_with_margin     =     0.6891
  eval_loss                     =      1.469
  eval_macro_f1                 =     0.4266
  eval_macro_precision          =     0.4911
  eval_macro_recall             =     0.4435
  eval_runtime                  = 0:00:05.41
  eval_samples_per_second       =   1349.018
  eval_steps_per_second         =     84.337
Accuracy: 49.9590
Accuracy with margin of one level: 68.9056
Average distance between labels and predictions: 1.238167
Quadratic Weighted Kappa: 79.0248
              precision    recall  f1-score   support

           0     0.6667    0.8750    0.7568        32
           1     0.4107    0.6389    0.5000        36
           2     0.7188    0.4894    0.5823       141
           3     0.5833    0.4070    0.4795        86
           4     0.6217    0.4974    0.5526       380
           5     0.5556    0.4317    0.4858       139
           6     0.4961    0.7675    0.6027       585
           7     0.6132    0.7061    0.6564       541
           8     0.4631    0.4947    0.4784       190
           9     0.6320    0.7089    0.6682      1010
          10     0.2790    0.5539    0.3711       464
          11     0.6977    0.1444    0.2393      1662
          12     0.3936    0.5913    0.4726       438
          13     0.5011    0.6507    0.5662      1042
          14     0.2935    0.4322    0.3496       273
          15     0.4590    0.1739    0.2523       161
          16     0.1000    0.0149    0.0260        67
          17     0.0000    0.0000    0.0000        23
          18     0.7143    0.3125    0.4348        16

    accuracy                         0.4984      7286
   macro avg     0.4842    0.4679    0.4460      7286
weighted avg     0.5497    0.4984    0.4705      7286

[[ 28   3   0   0   0   0   1   0   0   0   0   0   0   0   0   0   0   0
    0]
 [  6  23   3   0   1   1   1   0   1   0   0   0   0   0   0   0   0   0
    0]
 [  1   8  69   1  40   0  10   3   1   1   6   1   0   0   0   0   0   0
    0]
 [  0   1   1  35   7   1  28   3   5   2   2   1   0   0   0   0   0   0
    0]
 [  1   8   7   8 189  15 113  10   5   2  21   1   0   0   0   0   0   0
    0]
 [  0   0   0   1  13  60  42  10   3   4   3   0   0   3   0   0   0   0
    0]
 [  0   6   3   6  26   6 449  27   8  11  20  12   1   7   3   0   0   0
    0]
 [  3   1   0   0   6   2  42 382  16  50  11   4  13   7   4   0   0   0
    0]
 [  1   1   2   0   0   5  12   8  94  32   7   1  20   3   3   0   1   0
    0]
 [  1   0   0   0   1   2  29  27  22 716 122   6  49  25   9   1   0   0
    0]
 [  1   1   3   1   4   2  32  19   3  46 257  22  28  42   3   0   0   0
    0]
 [  0   3   7   8  16  13 124  98  33 195 345 240 171 371  36   1   1   0
    0]
 [  0   1   0   0   1   0   7  13   9  18  28  12 259  56  34   0   0   0
    0]
 [  0   0   1   0   0   0  13  16   3  44  88  42  80 678  66  11   0   0
    0]
 [  0   0   0   0   0   1   1   5   0   6   7   1  22 102 118   7   3   0
    0]
 [  0   0   0   0   0   0   0   1   0   3   3   1  11  40  73  28   1   0
    0]
 [  0   0   0   0   0   0   0   0   0   3   1   0   2  11  39  10   1   0
    0]
 [  0   0   0   0   0   0   1   0   0   0   0   0   1   6   8   3   2   0
    2]
 [  0   0   0   0   0   0   0   1   0   0   0   0   1   2   6   0   1   0
    5]]
***** test metrics *****
  test_Distance                 =     1.1762
  test_Quadratic Weighted Kappa =     0.8068
  test_accuracy                 =     0.4984
  test_accuracy_with_margin     =     0.6873
  test_loss                     =     1.4873
  test_macro_f1                 =      0.446
  test_macro_precision          =     0.4842
  test_macro_recall             =     0.4679
  test_runtime                  = 0:00:05.55
  test_samples_per_second       =   1311.532
  test_steps_per_second         =     82.083
Accuracy: 49.8353
Accuracy with margin of one level: 68.7346
Average distance between labels and predictions: 1.176228
Quadratic Weighted Kappa: 80.6783
[1;34mwandb[0m: 
[1;34mwandb[0m: 🚀 View run [33mbarec_tarab_uniform_4k_per_class_64k[0m at: [34mhttps://wandb.ai/mohamed-mahmoud-new-york-university/habibi-readability-arabertv02-confidences/runs/txfuun5k[0m
[1;34mwandb[0m: Find logs at: [1;35mwandb/run-20260423_180155-txfuun5k/logs[0m
