HOST: cn266
CUDA_VISIBLE_DEVICES=0
CUDA_HOME=/share/apps/NYUAD5/cuda/12.2.0
GPU 0: NVIDIA A100-SXM4-80GB (UUID: GPU-421fedf5-294a-74bb-66ac-f4971bb27c1a)
torch 2.9.0+cu128
cuda_available True
cuda_device_count 1
torch_cuda 12.8
model: bert-base-arabertv02, levels: 19
wandb project='habibi-readability-arabertv02-confidences' group='barec_tarab_0p5x' run='barec_tarab_0.5X_55k_match_distribution_81k'
Warning: The cache directory for DeepSpeed Triton autotune, /home/mom8702/.triton/autotune, appears to be on an NFS system. While this is generally acceptable, if you experience slowdowns or hanging when DeepSpeed exits, it is recommended to set the TRITON_CACHE_DIR environment variable to a non-NFS path.
{'loss': 1.1226, 'grad_norm': 7.047547340393066, 'learning_rate': 4.1673177083333334e-05, 'epoch': 1.0}
              precision    recall  f1-score   support

           0     0.6667    0.9091    0.7692        44
           1     0.5063    0.5882    0.5442        68
           2     0.4162    0.7637    0.5388       182
           3     0.3651    0.5897    0.4510        78
           4     0.5822    0.5012    0.5387       417
           5     0.3843    0.4921    0.4316       189
           6     0.6173    0.6006    0.6088       701
           7     0.6590    0.6525    0.6557       613
           8     0.6467    0.5042    0.5667       236
           9     0.6592    0.8103    0.7270      1012
          10     0.3883    0.3741    0.3811       409
          11     0.5401    0.4199    0.4725      1491
          12     0.3939    0.4470    0.4188       349
          13     0.5568    0.6493    0.5995      1072
          14     0.3458    0.1434    0.2027       258
          15     0.1818    0.0351    0.0588       114
          16     0.3429    0.2449    0.2857        49
          17     0.0000    0.0000    0.0000        13
          18     0.3000    0.6000    0.4000        15

    accuracy                         0.5499      7310
   macro avg     0.4501    0.4908    0.4553      7310
weighted avg     0.5430    0.5499    0.5385      7310

[[ 40   3   0   0   0   1   0   0   0   0   0   0   0   0   0   0   0   0
    0]
 [  9  40  11   1   0   1   1   1   0   0   0   4   0   0   0   0   0   0
    0]
 [  1   9 139   4   8   1  12   0   1   0   2   4   0   1   0   0   0   0
    0]
 [  1   2  14  46   2   1   5   4   0   0   1   2   0   0   0   0   0   0
    0]
 [  3  11  55  26 209  22  38   7   4   1  17  20   0   4   0   0   0   0
    0]
 [  0   1   7   0  20  93  23   4   1  13   5  19   0   2   1   0   0   0
    0]
 [  0   1  40  23  56  58 421  21  12  18  16  32   0   3   0   0   0   0
    0]
 [  1   4   7   9  19  11  35 400  11  50   4  49   4   9   0   0   0   0
    0]
 [  0   1   2   2   2   8  13  21 119  35   8  15   8   2   0   0   0   0
    0]
 [  0   0   1   2   2   9  12  34  10 820  30  38  24  27   3   0   0   0
    0]
 [  3   3   9   3   8   4  28   8   9  46 153  77  25  33   0   0   0   0
    0]
 [  2   4  34  10  27  27  79  64  11 181 111 626  80 224   8   1   2   0
    0]
 [  0   0  10   0   4   3   3  22   4  31  10  58 156  42   6   0   0   0
    0]
 [  0   0   4   0   1   2  11  11   2  38  32 174  72 696  22   6   1   0
    0]
 [  0   0   1   0   1   1   1   8   0   8   5  30  14 133  37   7   8   0
    4]
 [  0   0   0   0   0   0   0   0   0   2   0   8  11  65  17   4   4   0
    3]
 [  0   0   0   0   0   0   0   0   0   0   0   2   0   8  11   4  12   0
   12]
 [  0   0   0   0   0   0   0   2   0   1   0   0   1   1   2   0   4   0
    2]
 [  0   0   0   0   0   0   0   0   0   0   0   1   1   0   0   0   4   0
    9]]
{'eval_loss': 1.3441027402877808, 'eval_macro_f1': 0.4552976574262912, 'eval_macro_precision': 0.4501342928699502, 'eval_macro_recall': 0.49080310332557, 'eval_accuracy': 0.5499316005471956, 'eval_accuracy_with_margin': 0.6926128590971272, 'eval_Distance': 1.196032831737346, 'eval_Quadratic Weighted Kappa': 0.7933106587909085, 'eval_runtime': 5.511, 'eval_samples_per_second': 1326.432, 'eval_steps_per_second': 82.925, 'epoch': 1.0}
{'loss': 0.757, 'grad_norm': 5.968585014343262, 'learning_rate': 3.333984375e-05, 'epoch': 2.0}
              precision    recall  f1-score   support

           0     0.7955    0.7955    0.7955        44
           1     0.3684    0.3088    0.3360        68
           2     0.4936    0.6319    0.5542       182
           3     0.4022    0.4744    0.4353        78
           4     0.6467    0.5707    0.6064       417
           5     0.5797    0.4233    0.4893       189
           6     0.6051    0.6776    0.6393       701
           7     0.7168    0.5987    0.6524       613
           8     0.6579    0.5297    0.5869       236
           9     0.6924    0.7875    0.7369      1012
          10     0.4488    0.3325    0.3820       409
          11     0.4773    0.5218    0.4986      1491
          12     0.4773    0.4212    0.4475       349
          13     0.5444    0.6866    0.6073      1072
          14     0.3246    0.1434    0.1989       258
          15     0.0556    0.0088    0.0152       114
          16     0.1667    0.0408    0.0656        49
          17     0.0000    0.0000    0.0000        13
          18     0.6667    0.1333    0.2222        15

    accuracy                         0.5648      7310
   macro avg     0.4800    0.4256    0.4352      7310
weighted avg     0.5518    0.5648    0.5522      7310

[[ 35   5   3   0   1   0   0   0   0   0   0   0   0   0   0   0   0   0
    0]
 [  3  21   8   1   1   0   3   2   0   0   3  26   0   0   0   0   0   0
    0]
 [  0   7 115   4  17   0  20   0   0   0  10   8   1   0   0   0   0   0
    0]
 [  0   3  12  37   4   0  11   3   0   2   1   5   0   0   0   0   0   0
    0]
 [  2   7  25  16 238   9  59   6   3   3  13  32   0   4   0   0   0   0
    0]
 [  1   1   1   0  21  80  28   3   3  10   2  36   0   3   0   0   0   0
    0]
 [  0   3  20  11  33  21 475  26  12  16  16  66   0   2   0   0   0   0
    0]
 [  1   4   7   7  12   4  46 367  15  42   5  86   5  12   0   0   0   0
    0]
 [  0   0   2   0   2   2  24  14 125  19   5  36   6   1   0   0   0   0
    0]
 [  0   0   0   2   1   6  10  24  14 797  19  85  19  32   3   0   0   0
    0]
 [  0   5   5   4   7   1  22   4   8  47 136 125  15  28   2   0   0   0
    0]
 [  2   1  25  10  24  14  79  43   5 137  67 778  57 239   9   1   0   0
    0]
 [  0   0   5   0   6   1   2   8   3  37   6  82 147  49   3   0   0   0
    0]
 [  0   0   3   0   1   0   6   7   1  30  18 224  37 736   7   1   1   0
    0]
 [  0   0   2   0   0   0   0   3   1   6   2  31  12 156  37   5   3   0
    0]
 [  0   0   0   0   0   0   0   0   0   3   0   7   8  77  16   1   2   0
    0]
 [  0   0   0   0   0   0   0   0   0   0   0   3   1  10  26   6   2   0
    1]
 [  0   0   0   0   0   0   0   2   0   2   0   0   0   1   6   0   2   0
    0]
 [  0   0   0   0   0   0   0   0   0   0   0   0   0   2   5   4   2   0
    2]]
{'eval_loss': 1.3480618000030518, 'eval_macro_f1': 0.43523011812888046, 'eval_macro_precision': 0.47997561803782934, 'eval_macro_recall': 0.4256029807398441, 'eval_accuracy': 0.56484268125855, 'eval_accuracy_with_margin': 0.6946648426812585, 'eval_Distance': 1.186593707250342, 'eval_Quadratic Weighted Kappa': 0.7735828961392386, 'eval_runtime': 5.5051, 'eval_samples_per_second': 1327.861, 'eval_steps_per_second': 83.014, 'epoch': 2.0}
{'loss': 0.5605, 'grad_norm': 6.52327823638916, 'learning_rate': 2.5006510416666666e-05, 'epoch': 3.0}
              precision    recall  f1-score   support

           0     0.7170    0.8636    0.7835        44
           1     0.5303    0.5147    0.5224        68
           2     0.5833    0.6538    0.6166       182
           3     0.4595    0.4359    0.4474        78
           4     0.5597    0.6187    0.5877       417
           5     0.4680    0.5026    0.4847       189
           6     0.6543    0.6534    0.6538       701
           7     0.6797    0.6232    0.6502       613
           8     0.5708    0.5636    0.5672       236
           9     0.6678    0.7984    0.7273      1012
          10     0.3286    0.4572    0.3824       409
          11     0.5496    0.4125    0.4713      1491
          12     0.4252    0.4642    0.4438       349
          13     0.5497    0.6707    0.6042      1072
          14     0.3130    0.1589    0.2108       258
          15     0.1500    0.0263    0.0448       114
          16     0.3077    0.0816    0.1290        49
          17     0.0000    0.0000    0.0000        13
          18     1.0000    0.2000    0.3333        15

    accuracy                         0.5601      7310
   macro avg     0.5007    0.4579    0.4558      7310
weighted avg     0.5522    0.5601    0.5490      7310

[[ 38   3   0   0   1   0   2   0   0   0   0   0   0   0   0   0   0   0
    0]
 [  5  35   4   1   4   0   3   1   0   0   3  12   0   0   0   0   0   0
    0]
 [  0   7 119   4  18   1  18   0   2   0   9   3   1   0   0   0   0   0
    0]
 [  0   2   5  34  14   0   7   6   0   2   4   4   0   0   0   0   0   0
    0]
 [  4   6  22   9 258  22  37   8   6   1  21  19   0   3   0   1   0   0
    0]
 [  0   1   1   0  20  95  31   7   3   8   3  16   1   2   1   0   0   0
    0]
 [  0   3  15   9  50  28 458  30  21  17  24  45   0   1   0   0   0   0
    0]
 [  1   3   5   3  32  10  25 382  26  51  13  46   8   8   0   0   0   0
    0]
 [  0   1   2   0   3   6   9  15 133  35   9  14   8   1   0   0   0   0
    0]
 [  0   0   0   1   5   8   5  29  12 808  55  39  26  23   1   0   0   0
    0]
 [  3   2   3   4   7   7  22   9   9  37 187  69  20  30   0   0   0   0
    0]
 [  2   3  20   9  40  22  69  54  12 160 158 615  79 241   5   2   0   0
    0]
 [  0   0   3   0   7   1   2   7   5  30  15  57 162  56   4   0   0   0
    0]
 [  0   0   3   0   2   2  12  10   2  45  59 151  46 719  19   2   0   0
    0]
 [  0   0   2   0   0   1   0   3   2  10   9  20  15 148  41   4   3   0
    0]
 [  0   0   0   0   0   0   0   0   0   5   0   6   9  69  20   3   2   0
    0]
 [  0   0   0   0   0   0   0   0   0   0   0   2   3   6  27   7   4   0
    0]
 [  0   0   0   0   0   0   0   1   0   1   0   0   2   1   7   0   1   0
    0]
 [  0   0   0   0   0   0   0   0   0   0   0   1   1   0   6   1   3   0
    3]]
{'eval_loss': 1.441166877746582, 'eval_macro_f1': 0.45580825750240095, 'eval_macro_precision': 0.5007421206553199, 'eval_macro_recall': 0.45786183455342266, 'eval_accuracy': 0.5600547195622435, 'eval_accuracy_with_margin': 0.7041039671682626, 'eval_Distance': 1.1611491108071135, 'eval_Quadratic Weighted Kappa': 0.7877201727113019, 'eval_runtime': 5.5042, 'eval_samples_per_second': 1328.08, 'eval_steps_per_second': 83.028, 'epoch': 3.0}
{'loss': 0.3871, 'grad_norm': 12.027243614196777, 'learning_rate': 1.6673177083333333e-05, 'epoch': 4.0}
              precision    recall  f1-score   support

           0     0.7800    0.8864    0.8298        44
           1     0.4038    0.3088    0.3500        68
           2     0.5708    0.7088    0.6324       182
           3     0.3824    0.5000    0.4333        78
           4     0.6140    0.5683    0.5903       417
           5     0.4562    0.5238    0.4877       189
           6     0.6128    0.6976    0.6524       701
           7     0.6576    0.6672    0.6623       613
           8     0.6089    0.5212    0.5616       236
           9     0.6687    0.7737    0.7174      1012
          10     0.3157    0.5110    0.3903       409
          11     0.5077    0.4440    0.4737      1491
          12     0.4305    0.4613    0.4454       349
          13     0.5851    0.5065    0.5430      1072
          14     0.3014    0.1705    0.2178       258
          15     0.1739    0.0351    0.0584       114
          16     0.3902    0.3265    0.3556        49
          17     0.0000    0.0000    0.0000        13
          18     0.5000    0.2000    0.2857        15

    accuracy                         0.5486      7310
   macro avg     0.4716    0.4637    0.4572      7310
weighted avg     0.5443    0.5486    0.5414      7310

[[ 39   3   1   0   1   0   0   0   0   0   0   0   0   0   0   0   0   0
    0]
 [  4  21   5   2   2   2   3   1   0   0   2  26   0   0   0   0   0   0
    0]
 [  1   5 129   4  15   1  12   0   0   0   9   5   1   0   0   0   0   0
    0]
 [  0   2   8  39   6   1   9   4   1   3   1   4   0   0   0   0   0   0
    0]
 [  4   5  29  16 237  26  46   8   3   1  21  18   0   3   0   0   0   0
    0]
 [  0   1   1   0  19  99  32   8   3   8   6   9   0   2   0   1   0   0
    0]
 [  0   4  17  11  38  34 489  27  14  16  22  28   0   1   0   0   0   0
    0]
 [  1   4   5   5  14   7  38 409  20  41  22  35   7   4   0   0   1   0
    0]
 [  0   2   2   1   3   5  15  23 123  27  10  12  12   1   0   0   0   0
    0]
 [  0   0   0   2   3   9   9  38  11 783  68  47  23  18   1   0   0   0
    0]
 [  0   2   3   5   8   6  33   7   4  35 209  70  16  11   0   0   0   0
    0]
 [  1   3  21  17  30  24  93  68  12 162 174 662  66 149   6   3   0   0
    0]
 [  0   0   2   0   7   2   4  11   6  32  22  71 161  27   4   0   0   0
    0]
 [  0   0   2   0   2   1  15  11   4  49  83 255  56 543  46   5   0   0
    0]
 [  0   0   1   0   1   0   0   5   1   8  10  46  19 110  44   5   7   0
    1]
 [  0   0   0   0   0   0   0   0   0   5   3  11   9  51  28   4   3   0
    0]
 [  0   0   0   0   0   0   0   0   0   0   0   4   3   5  14   5  16   0
    2]
 [  0   0   0   0   0   0   0   2   0   1   0   0   1   2   2   0   5   0
    0]
 [  0   0   0   0   0   0   0   0   0   0   0   1   0   1   1   0   9   0
    3]]
{'eval_loss': 1.6717250347137451, 'eval_macro_f1': 0.45721462451478456, 'eval_macro_precision': 0.47155951876121, 'eval_macro_recall': 0.46372784437002174, 'eval_accuracy': 0.5485636114911081, 'eval_accuracy_with_margin': 0.6958960328317374, 'eval_Distance': 1.2012311901504789, 'eval_Quadratic Weighted Kappa': 0.7748705982021662, 'eval_runtime': 5.4974, 'eval_samples_per_second': 1329.719, 'eval_steps_per_second': 83.13, 'epoch': 4.0}
{'loss': 0.2543, 'grad_norm': 15.679576873779297, 'learning_rate': 8.33984375e-06, 'epoch': 5.0}
              precision    recall  f1-score   support

           0     0.7872    0.8409    0.8132        44
           1     0.4400    0.3235    0.3729        68
           2     0.5507    0.6868    0.6112       182
           3     0.4844    0.3974    0.4366        78
           4     0.5295    0.6667    0.5902       417
           5     0.5455    0.4762    0.5085       189
           6     0.6435    0.6748    0.6588       701
           7     0.6386    0.6427    0.6407       613
           8     0.5114    0.5720    0.5400       236
           9     0.6983    0.7569    0.7264      1012
          10     0.3728    0.4230    0.3963       409
          11     0.4845    0.4943    0.4894      1491
          12     0.4056    0.4556    0.4291       349
          13     0.5769    0.4897    0.5298      1072
          14     0.2690    0.1783    0.2145       258
          15     0.2174    0.0439    0.0730       114
          16     0.4118    0.2857    0.3373        49
          17     0.0000    0.0000    0.0000        13
          18     0.5000    0.1333    0.2105        15

    accuracy                         0.5488      7310
   macro avg     0.4772    0.4496    0.4515      7310
weighted avg     0.5408    0.5488    0.5415      7310

[[ 37   5   1   0   1   0   0   0   0   0   0   0   0   0   0   0   0   0
    0]
 [  3  22   7   0   6   1   2   0   0   0   1  26   0   0   0   0   0   0
    0]
 [  0   4 125   4  23   1  10   0   0   0   8   6   1   0   0   0   0   0
    0]
 [  0   3  11  31  14   0   5   4   2   3   1   4   0   0   0   0   0   0
    0]
 [  4   4  22   5 278  12  37  10   4   2  18  18   0   3   0   0   0   0
    0]
 [  0   1   1   0  29  90  30  11   3   6   2  12   1   2   1   0   0   0
    0]
 [  0   3  14   6  60  24 473  36  22  14  13  35   0   1   0   0   0   0
    0]
 [  1   4   6   3  22   7  34 394  35  33  12  48   7   7   0   0   0   0
    0]
 [  0   2   3   1   3   4  13  19 135  25   6  12  11   2   0   0   0   0
    0]
 [  0   0   0   1   5   7   8  41  20 766  52  77  23  11   1   0   0   0
    0]
 [  0   1   6   4  11   3  26  11   8  32 173 104  18  11   1   0   0   0
    0]
 [  2   1  25   9  58  14  77  67  19 139  97 737  83 150  12   1   0   0
    0]
 [  0   0   2   0   7   1   2   9   9  27  19  80 159  30   4   0   0   0
    0]
 [  0   0   3   0   7   1  17   9   6  39  55 294  60 525  54   2   0   0
    0]
 [  0   0   1   0   1   0   1   5   1   6   5  49  19 112  46   5   6   0
    1]
 [  0   0   0   0   0   0   0   0   0   4   2  14   7  49  31   5   2   0
    0]
 [  0   0   0   0   0   0   0   0   0   0   0   4   2   5  15   8  14   0
    1]
 [  0   0   0   0   0   0   0   1   0   1   0   0   1   1   5   0   4   0
    0]
 [  0   0   0   0   0   0   0   0   0   0   0   1   0   1   1   2   8   0
    2]]
{'eval_loss': 1.8570475578308105, 'eval_macro_f1': 0.45149615790416336, 'eval_macro_precision': 0.47721487554566594, 'eval_macro_recall': 0.44956824495735215, 'eval_accuracy': 0.5488372093023256, 'eval_accuracy_with_margin': 0.6953488372093023, 'eval_Distance': 1.1990424076607387, 'eval_Quadratic Weighted Kappa': 0.7742138409787698, 'eval_runtime': 5.5021, 'eval_samples_per_second': 1328.588, 'eval_steps_per_second': 83.059, 'epoch': 5.0}
{'loss': 0.1721, 'grad_norm': 1.6211471557617188, 'learning_rate': 6.510416666666667e-09, 'epoch': 6.0}
              precision    recall  f1-score   support

           0     0.8409    0.8409    0.8409        44
           1     0.4737    0.3971    0.4320        68
           2     0.5591    0.6758    0.6119       182
           3     0.3956    0.4615    0.4260        78
           4     0.5724    0.6163    0.5935       417
           5     0.5112    0.4815    0.4959       189
           6     0.6153    0.7233    0.6649       701
           7     0.6419    0.6493    0.6456       613
           8     0.5259    0.5593    0.5421       236
           9     0.7003    0.7549    0.7266      1012
          10     0.3587    0.4377    0.3943       409
          11     0.5014    0.4762    0.4885      1491
          12     0.4132    0.4499    0.4307       349
          13     0.5731    0.5009    0.5346      1072
          14     0.2667    0.2016    0.2296       258
          15     0.1818    0.0351    0.0588       114
          16     0.4062    0.2653    0.3210        49
          17     0.0000    0.0000    0.0000        13
          18     0.5000    0.1333    0.2105        15

    accuracy                         0.5508      7310
   macro avg     0.4757    0.4558    0.4551      7310
weighted avg     0.5423    0.5508    0.5438      7310

[[ 37   5   1   0   1   0   0   0   0   0   0   0   0   0   0   0   0   0
    0]
 [  2  27   3   1   4   1   2   0   0   0   1  27   0   0   0   0   0   0
    0]
 [  0   4 123   7  19   1  13   0   0   0   8   6   1   0   0   0   0   0
    0]
 [  0   3   8  36  10   0   8   3   2   3   1   4   0   0   0   0   0   0
    0]
 [  3   7  22  13 257  18  47   9   5   1  16  16   0   3   0   0   0   0
    0]
 [  0   1   1   0  27  91  34   9   3   7   1  11   1   2   1   0   0   0
    0]
 [  0   3  13   9  43  26 507  28  13  14  13  31   0   1   0   0   0   0
    0]
 [  1   4   6   5  14   7  44 398  30  33  12  46   5   8   0   0   0   0
    0]
 [  0   2   3   1   3   5  17  20 132  24   6  12   9   2   0   0   0   0
    0]
 [  0   0   0   2   5   7  11  44  23 764  54  66  19  16   1   0   0   0
    0]
 [  0   1   6   5   9   3  29  12   9  36 179  88  21  11   0   0   0   0
    0]
 [  1   0  28  12  43  14  90  70  17 137 120 710  79 157  12   1   0   0
    0]
 [  0   0   2   0   7   4   2  12  10  25  18  73 157  33   6   0   0   0
    0]
 [  0   0   3   0   6   1  19   9   6  38  60 267  60 537  64   2   0   0
    0]
 [  0   0   1   0   1   0   1   5   1   4   7  45  18 111  52   5   6   0
    1]
 [  0   0   0   0   0   0   0   0   0   4   3   9   8  50  34   4   2   0
    0]
 [  0   0   0   0   0   0   0   0   0   0   0   4   1   4  19   7  13   0
    1]
 [  0   0   0   0   0   0   0   1   0   1   0   0   1   1   5   0   4   0
    0]
 [  0   0   0   0   0   0   0   0   0   0   0   1   0   1   1   3   7   0
    2]]
{'eval_loss': 2.015662908554077, 'eval_macro_f1': 0.4551312251702944, 'eval_macro_precision': 0.47565442294412247, 'eval_macro_recall': 0.4557795028866305, 'eval_accuracy': 0.5507523939808482, 'eval_accuracy_with_margin': 0.7006839945280438, 'eval_Distance': 1.189876880984952, 'eval_Quadratic Weighted Kappa': 0.7766267467564053, 'eval_runtime': 5.4955, 'eval_samples_per_second': 1330.179, 'eval_steps_per_second': 83.159, 'epoch': 6.0}
{'train_runtime': 1185.6678, 'train_samples_per_second': 414.389, 'train_steps_per_second': 6.477, 'train_loss': 0.542261944214503, 'epoch': 6.0}
              precision    recall  f1-score   support

           0     0.6667    0.9091    0.7692        44
           1     0.5063    0.5882    0.5442        68
           2     0.4162    0.7637    0.5388       182
           3     0.3651    0.5897    0.4510        78
           4     0.5822    0.5012    0.5387       417
           5     0.3843    0.4921    0.4316       189
           6     0.6173    0.6006    0.6088       701
           7     0.6590    0.6525    0.6557       613
           8     0.6467    0.5042    0.5667       236
           9     0.6592    0.8103    0.7270      1012
          10     0.3883    0.3741    0.3811       409
          11     0.5401    0.4199    0.4725      1491
          12     0.3939    0.4470    0.4188       349
          13     0.5568    0.6493    0.5995      1072
          14     0.3458    0.1434    0.2027       258
          15     0.1818    0.0351    0.0588       114
          16     0.3429    0.2449    0.2857        49
          17     0.0000    0.0000    0.0000        13
          18     0.3000    0.6000    0.4000        15

    accuracy                         0.5499      7310
   macro avg     0.4501    0.4908    0.4553      7310
weighted avg     0.5430    0.5499    0.5385      7310

[[ 40   3   0   0   0   1   0   0   0   0   0   0   0   0   0   0   0   0
    0]
 [  9  40  11   1   0   1   1   1   0   0   0   4   0   0   0   0   0   0
    0]
 [  1   9 139   4   8   1  12   0   1   0   2   4   0   1   0   0   0   0
    0]
 [  1   2  14  46   2   1   5   4   0   0   1   2   0   0   0   0   0   0
    0]
 [  3  11  55  26 209  22  38   7   4   1  17  20   0   4   0   0   0   0
    0]
 [  0   1   7   0  20  93  23   4   1  13   5  19   0   2   1   0   0   0
    0]
 [  0   1  40  23  56  58 421  21  12  18  16  32   0   3   0   0   0   0
    0]
 [  1   4   7   9  19  11  35 400  11  50   4  49   4   9   0   0   0   0
    0]
 [  0   1   2   2   2   8  13  21 119  35   8  15   8   2   0   0   0   0
    0]
 [  0   0   1   2   2   9  12  34  10 820  30  38  24  27   3   0   0   0
    0]
 [  3   3   9   3   8   4  28   8   9  46 153  77  25  33   0   0   0   0
    0]
 [  2   4  34  10  27  27  79  64  11 181 111 626  80 224   8   1   2   0
    0]
 [  0   0  10   0   4   3   3  22   4  31  10  58 156  42   6   0   0   0
    0]
 [  0   0   4   0   1   2  11  11   2  38  32 174  72 696  22   6   1   0
    0]
 [  0   0   1   0   1   1   1   8   0   8   5  30  14 133  37   7   8   0
    4]
 [  0   0   0   0   0   0   0   0   0   2   0   8  11  65  17   4   4   0
    3]
 [  0   0   0   0   0   0   0   0   0   0   0   2   0   8  11   4  12   0
   12]
 [  0   0   0   0   0   0   0   2   0   1   0   0   1   1   2   0   4   0
    2]
 [  0   0   0   0   0   0   0   0   0   0   0   1   1   0   0   0   4   0
    9]]
***** eval metrics *****
  eval_Distance                 =      1.196
  eval_Quadratic Weighted Kappa =     0.7933
  eval_accuracy                 =     0.5499
  eval_accuracy_with_margin     =     0.6926
  eval_loss                     =     1.3441
  eval_macro_f1                 =     0.4553
  eval_macro_precision          =     0.4501
  eval_macro_recall             =     0.4908
  eval_runtime                  = 0:00:05.49
  eval_samples_per_second       =   1330.818
  eval_steps_per_second         =     83.199
Accuracy: 54.9932
Accuracy with margin of one level: 69.2613
Average distance between labels and predictions: 1.196033
Quadratic Weighted Kappa: 79.3311
              precision    recall  f1-score   support

           0     0.6667    0.8125    0.7324        32
           1     0.3509    0.5556    0.4301        36
           2     0.4967    0.5319    0.5137       141
           3     0.4143    0.6744    0.5133        86
           4     0.5457    0.5342    0.5399       380
           5     0.4074    0.5540    0.4695       139
           6     0.5723    0.6154    0.5931       585
           7     0.6291    0.7116    0.6678       541
           8     0.6486    0.5053    0.5680       190
           9     0.6422    0.7802    0.7045      1010
          10     0.4069    0.3534    0.3783       464
          11     0.5864    0.4368    0.5007      1662
          12     0.4350    0.4658    0.4498       438
          13     0.5246    0.6353    0.5747      1042
          14     0.3935    0.2234    0.2850       273
          15     0.4245    0.2795    0.3371       161
          16     0.2200    0.1642    0.1880        67
          17     0.0000    0.0000    0.0000        23
          18     0.2308    0.5625    0.3273        16

    accuracy                         0.5449      7286
   macro avg     0.4524    0.4945    0.4618      7286
weighted avg     0.5415    0.5449    0.5362      7286

[[ 26   4   0   0   0   1   0   0   0   0   0   1   0   0   0   0   0   0
    0]
 [  8  20   2   0   1   0   3   0   1   0   0   1   0   0   0   0   0   0
    0]
 [  3   9  75   3  40   0   3   1   1   0   3   3   0   0   0   0   0   0
    0]
 [  0   0   2  58   5   4   7   2   1   1   3   3   0   0   0   0   0   0
    0]
 [  0  10  41  29 203  17  42  11   5   2  10   9   0   1   0   0   0   0
    0]
 [  0   2   0   2  27  77  12   3   0   2   4   8   0   2   0   0   0   0
    0]
 [  0   3   7  24  57  38 360  20   5  13  11  41   2   3   1   0   0   0
    0]
 [  1   1   3   3   8  10  34 385   5  41   3  30  13   3   1   0   0   0
    0]
 [  0   1   1   3   0   9   7  15  96  32   6  10   8   1   1   0   0   0
    0]
 [  0   0   0   4   4   7  17  33  14 788  49  37  17  35   3   1   0   0
    1]
 [  1   3   6   2   8   4  23  18   3  57 164 102  32  39   1   1   0   0
    0]
 [  0   4  12  11  18  20 104  88  12 180 107 726  86 275  14   2   3   0
    0]
 [  0   0   0   0   0   1   8  15   2  40  13  70 204  48  31   4   2   0
    0]
 [  0   0   2   0   1   0   9  13   3  50  22 174  69 662  16  20   1   0
    0]
 [  0   0   0   1   0   1   0   6   0  12   5  17  19 118  61  20  10   0
    3]
 [  0   0   0   0   0   0   0   1   0   6   1   3  10  52  20  45  18   0
    5]
 [  0   0   0   0   0   0   0   0   0   2   2   2   3  19   5  12  11   0
   11]
 [  0   0   0   0   0   0   0   0   0   0   0   1   5   3   0   0   4   0
   10]
 [  0   0   0   0   0   0   0   1   0   1   0   0   1   1   1   1   1   0
    9]]
***** test metrics *****
  test_Distance                 =      1.133
  test_Quadratic Weighted Kappa =     0.8105
  test_accuracy                 =     0.5449
  test_accuracy_with_margin     =     0.6934
  test_loss                     =     1.3319
  test_macro_f1                 =     0.4618
  test_macro_precision          =     0.4524
  test_macro_recall             =     0.4945
  test_runtime                  = 0:00:05.62
  test_samples_per_second       =   1295.044
  test_steps_per_second         =     81.051
Accuracy: 54.4881
Accuracy with margin of one level: 69.3385
Average distance between labels and predictions: 1.132995
Quadratic Weighted Kappa: 81.0525
[1;34mwandb[0m: 
[1;34mwandb[0m: 🚀 View run [33mbarec_tarab_0.5X_55k_match_distribution_81k[0m at: [34mhttps://wandb.ai/mohamed-mahmoud-new-york-university/habibi-readability-arabertv02-confidences/runs/t2wi07m1[0m
[1;34mwandb[0m: Find logs at: [1;35mwandb/run-20260422_220135-t2wi07m1/logs[0m
