HOST: cn013
CUDA_VISIBLE_DEVICES=0
CUDA_HOME=/share/apps/NYUAD5/cuda/12.2.0
GPU 0: NVIDIA A100 80GB PCIe (UUID: GPU-36bc51b8-c49e-d76d-d3b1-e69b8f61de8a)
torch 2.9.0+cu128
cuda_available True
cuda_device_count 1
torch_cuda 12.8
model: bert-base-arabertv02, levels: 19
wandb project='habibi-readability-arabertv02-confidences' group='barec_tarab_4x' run='barec_tarab_4X_55k_match_distribution_245k'
Warning: The cache directory for DeepSpeed Triton autotune, /home/mom8702/.triton/autotune, appears to be on an NFS system. While this is generally acceptable, if you experience slowdowns or hanging when DeepSpeed exits, it is recommended to set the TRITON_CACHE_DIR environment variable to a non-NFS path.
{'loss': 0.5115, 'grad_norm': 8.065512657165527, 'learning_rate': 4.166883511145806e-05, 'epoch': 1.0}
              precision    recall  f1-score   support

           0     0.8065    0.5682    0.6667        44
           1     0.4706    0.8235    0.5989        68
           2     0.4338    0.7747    0.5562       182
           3     0.3628    0.5256    0.4293        78
           4     0.5506    0.5875    0.5684       417
           5     0.4236    0.5132    0.4641       189
           6     0.5692    0.6690    0.6151       701
           7     0.6017    0.7047    0.6491       613
           8     0.8030    0.4492    0.5761       236
           9     0.6235    0.7905    0.6972      1012
          10     0.3693    0.2763    0.3161       409
          11     0.4718    0.4936    0.4825      1491
          12     0.4766    0.3496    0.4033       349
          13     0.5971    0.4991    0.5437      1072
          14     0.2308    0.0581    0.0929       258
          15     0.0000    0.0000    0.0000       114
          16     0.5000    0.0612    0.1091        49
          17     0.0000    0.0000    0.0000        13
          18     0.0000    0.0000    0.0000        15

    accuracy                         0.5384      7310
   macro avg     0.4364    0.4286    0.4089      7310
weighted avg     0.5223    0.5384    0.5201      7310

[[ 25  18   1   0   0   0   0   0   0   0   0   0   0   0   0   0   0   0
    0]
 [  3  56   7   0   0   0   1   1   0   0   0   0   0   0   0   0   0   0
    0]
 [  0   7 141   3  14   2   5   0   0   0   3   7   0   0   0   0   0   0
    0]
 [  0   1  16  41   3   2   6   3   0   2   2   2   0   0   0   0   0   0
    0]
 [  0  12  46  24 245  18  37   7   2   0   7  14   0   5   0   0   0   0
    0]
 [  0   1   3   2  29  97  31   6   0   3   2  14   0   1   0   0   0   0
    0]
 [  1   5  36  12  65  39 469  22   1  10  11  30   0   0   0   0   0   0
    0]
 [  1   4   7   9  18  15  50 432   1  27   3  43   0   3   0   0   0   0
    0]
 [  0   2   5   2   2  12  25  38 106  13   7  17   6   1   0   0   0   0
    0]
 [  0   0   0   2   8  11  24  61   9 800   3  67  16  10   1   0   0   0
    0]
 [  0   6  11   5  13   7  33  11   5 110 113  81   7   7   0   0   0   0
    0]
 [  1   6  37  13  39  21 116  88   4 198 100 736  30 101   1   0   0   0
    0]
 [  0   1   8   0   6   3   6  18   1  43  13 102 122  25   1   0   0   0
    0]
 [  0   0   5   0   1   1  16  16   3  58  38 354  44 535   1   0   0   0
    0]
 [  0   0   1   0   2   1   5   9   0  12   3  68  15 125  15   1   1   0
    0]
 [  0   0   1   0   0   0   0   3   0   6   1  14   9  69  11   0   0   0
    0]
 [  0   0   0   0   0   0   0   0   0   0   0   9   5  11  20   1   3   0
    0]
 [  0   0   0   0   0   0   0   2   0   1   0   0   1   2   7   0   0   0
    0]
 [  0   0   0   0   0   0   0   1   0   0   0   2   1   1   8   0   2   0
    0]]
{'eval_loss': 1.4801180362701416, 'eval_macro_f1': 0.4088782280639773, 'eval_macro_precision': 0.43635690830446433, 'eval_macro_recall': 0.4286415734600923, 'eval_accuracy': 0.5384404924760602, 'eval_accuracy_with_margin': 0.6704514363885089, 'eval_Distance': 1.2711354309165526, 'eval_Quadratic Weighted Kappa': 0.7662522243694346, 'eval_runtime': 6.5045, 'eval_samples_per_second': 1123.837, 'eval_steps_per_second': 70.259, 'epoch': 1.0}
{'loss': 0.3129, 'grad_norm': 5.232487678527832, 'learning_rate': 3.3335501778124725e-05, 'epoch': 2.0}
              precision    recall  f1-score   support

           0     0.7234    0.7727    0.7473        44
           1     0.6324    0.6324    0.6324        68
           2     0.4873    0.6319    0.5502       182
           3     0.4658    0.4359    0.4503        78
           4     0.4964    0.6595    0.5664       417
           5     0.5214    0.3862    0.4438       189
           6     0.5375    0.7161    0.6141       701
           7     0.6156    0.6688    0.6411       613
           8     0.5938    0.5636    0.5783       236
           9     0.7036    0.7599    0.7306      1012
          10     0.3111    0.4328    0.3620       409
          11     0.5253    0.4313    0.4737      1491
          12     0.4941    0.3610    0.4172       349
          13     0.5819    0.5700    0.5759      1072
          14     0.3519    0.1473    0.2077       258
          15     0.1600    0.0351    0.0576       114
          16     0.5405    0.4082    0.4651        49
          17     0.0000    0.0000    0.0000        13
          18     0.7143    0.3333    0.4545        15

    accuracy                         0.5488      7310
   macro avg     0.4977    0.4708    0.4720      7310
weighted avg     0.5424    0.5488    0.5387      7310

[[ 34   4   2   0   3   0   1   0   0   0   0   0   0   0   0   0   0   0
    0]
 [  6  43  10   0   3   1   2   1   1   0   0   1   0   0   0   0   0   0
    0]
 [  1   3 115   3  28   0  21   0   1   0   6   4   0   0   0   0   0   0
    0]
 [  0   1  12  34  11   2   8   4   0   2   2   2   0   0   0   0   0   0
    0]
 [  1   6  27  13 275   6  53   5   3   1  12  10   0   5   0   0   0   0
    0]
 [  0   1   1   0  36  73  51   7   4   3   4   7   0   2   0   0   0   0
    0]
 [  0   3  16   8  73  21 502  17  10   8  18  25   0   0   0   0   0   0
    0]
 [  1   2   7   4  27   7  64 410  20  26   6  29   1   9   0   0   0   0
    0]
 [  0   1   0   0   5   4  30  25 133  10  11  14   1   2   0   0   0   0
    0]
 [  0   0   0   1   8   5  31  56  26 769  39  44  14  18   1   0   0   0
    0]
 [  3   1   9   2  16   1  35  11   9  53 177  60  13  19   0   0   0   0
    0]
 [  1   3  23   8  53  17 115  83  10 135 199 643  43 147   9   1   1   0
    0]
 [  0   0   8   0  12   2   5  14   5  36  18  74 126  43   5   1   0   0
    0]
 [  0   0   3   0   3   0  14  16   2  40  69 252  35 611  19   8   0   0
    0]
 [  0   0   2   0   1   1   2  11   0   6   6  46  13 121  38   6   5   0
    0]
 [  0   0   1   0   0   0   0   3   0   3   0   8   5  65  21   4   3   0
    1]
 [  0   0   0   0   0   0   0   1   0   0   2   3   2   7   9   5  20   0
    0]
 [  0   0   0   0   0   0   0   2   0   1   0   1   1   1   3   0   3   0
    1]
 [  0   0   0   0   0   0   0   0   0   0   0   1   1   0   3   0   5   0
    5]]
{'eval_loss': 1.4461816549301147, 'eval_macro_f1': 0.4720026899390083, 'eval_macro_precision': 0.4976907157464765, 'eval_macro_recall': 0.47083401570606465, 'eval_accuracy': 0.5488372093023256, 'eval_accuracy_with_margin': 0.6942544459644323, 'eval_Distance': 1.195485636114911, 'eval_Quadratic Weighted Kappa': 0.7849251705571579, 'eval_runtime': 6.49, 'eval_samples_per_second': 1126.342, 'eval_steps_per_second': 70.416, 'epoch': 2.0}
{'loss': 0.2278, 'grad_norm': 5.307036399841309, 'learning_rate': 2.5002168444791395e-05, 'epoch': 3.0}
              precision    recall  f1-score   support

           0     0.7234    0.7727    0.7473        44
           1     0.6667    0.7059    0.6857        68
           2     0.5289    0.7033    0.6038       182
           3     0.5067    0.4872    0.4967        78
           4     0.5269    0.6811    0.5941       417
           5     0.4652    0.4603    0.4628       189
           6     0.6388    0.6434    0.6411       701
           7     0.7017    0.5987    0.6461       613
           8     0.5223    0.5466    0.5342       236
           9     0.7153    0.7698    0.7416      1012
          10     0.3595    0.3252    0.3415       409
          11     0.4819    0.5620    0.5189      1491
          12     0.4701    0.4499    0.4597       349
          13     0.5939    0.4897    0.5368      1072
          14     0.2535    0.2093    0.2293       258
          15     0.1053    0.0175    0.0301       114
          16     0.3182    0.1429    0.1972        49
          17     0.0000    0.0000    0.0000        13
          18     0.5000    0.0667    0.1176        15

    accuracy                         0.5557      7310
   macro avg     0.4778    0.4543    0.4518      7310
weighted avg     0.5489    0.5557    0.5484      7310

[[ 34   5   1   0   2   0   2   0   0   0   0   0   0   0   0   0   0   0
    0]
 [  3  48   8   0   2   1   2   1   1   0   0   2   0   0   0   0   0   0
    0]
 [  1   3 128   3  20   1   7   0   0   0   8  10   1   0   0   0   0   0
    0]
 [  0   1   9  38  11   1   5   3   0   2   3   5   0   0   0   0   0   0
    0]
 [  4   3  24  11 284  12  30   5   5   1  16  17   0   4   0   1   0   0
    0]
 [  0   1   1   1  31  87  20  10   7   7   5  16   1   1   1   0   0   0
    0]
 [  0   3  18   6  73  34 451  22  27  12  18  37   0   0   0   0   0   0
    0]
 [  1   2   9   6  24  11  34 367  37  49  10  52   3   8   0   0   0   0
    0]
 [  0   1   3   0   4   5  15  11 129  29   9  20   8   2   0   0   0   0
    0]
 [  0   0   0   0   8   7  13  23  12 779  44  84  21  20   1   0   0   0
    0]
 [  3   2   9   2  15   4  25   7   7  35 133 139  17  11   0   0   0   0
    0]
 [  1   3  21   8  50  21  84  51  15 118  88 838  58 115  19   1   0   0
    0]
 [  0   0   5   0   9   2   4   6   4  22  10  94 157  30   6   0   0   0
    0]
 [  0   0   3   0   5   1  13  10   3  28  23 345  46 525  65   5   0   0
    0]
 [  0   0   2   0   1   0   1   5   0   4   3  58  12 111  54   4   3   0
    0]
 [  0   0   1   0   0   0   0   0   0   2   0  14   5  52  37   2   1   0
    0]
 [  0   0   0   0   0   0   0   0   0   0   0   5   3   4  23   6   7   0
    1]
 [  0   0   0   0   0   0   0   2   0   1   0   1   1   1   4   0   3   0
    0]
 [  0   0   0   0   0   0   0   0   0   0   0   2   1   0   3   0   8   0
    1]]
{'eval_loss': 1.4956393241882324, 'eval_macro_f1': 0.451810574298602, 'eval_macro_precision': 0.47780010119093197, 'eval_macro_recall': 0.45432004305773993, 'eval_accuracy': 0.5556771545827633, 'eval_accuracy_with_margin': 0.7001367989056088, 'eval_Distance': 1.1690834473324214, 'eval_Quadratic Weighted Kappa': 0.7867742270739894, 'eval_runtime': 6.4808, 'eval_samples_per_second': 1127.948, 'eval_steps_per_second': 70.516, 'epoch': 3.0}
{'loss': 0.1554, 'grad_norm': 10.905524253845215, 'learning_rate': 1.6668835111458065e-05, 'epoch': 4.0}
              precision    recall  f1-score   support

           0     0.6500    0.8864    0.7500        44
           1     0.6806    0.7206    0.7000        68
           2     0.4908    0.7308    0.5872       182
           3     0.4194    0.5000    0.4561        78
           4     0.5796    0.6283    0.6030       417
           5     0.4327    0.5608    0.4885       189
           6     0.6248    0.6890    0.6554       701
           7     0.6478    0.6542    0.6510       613
           8     0.5112    0.5805    0.5437       236
           9     0.6953    0.7668    0.7293      1012
          10     0.3600    0.3961    0.3772       409
          11     0.5374    0.4722    0.5027      1491
          12     0.4481    0.4699    0.4587       349
          13     0.5816    0.5485    0.5646      1072
          14     0.2886    0.1667    0.2113       258
          15     0.1818    0.0351    0.0588       114
          16     0.3750    0.2449    0.2963        49
          17     0.0000    0.0000    0.0000        13
          18     1.0000    0.0667    0.1250        15

    accuracy                         0.5613      7310
   macro avg     0.5002    0.4799    0.4610      7310
weighted avg     0.5522    0.5613    0.5524      7310

[[ 39   3   1   0   1   0   0   0   0   0   0   0   0   0   0   0   0   0
    0]
 [  7  49   7   0   1   1   2   1   0   0   0   0   0   0   0   0   0   0
    0]
 [  1   4 133   4  19   2   7   0   0   0   7   4   1   0   0   0   0   0
    0]
 [  0   1  15  39   7   1   6   2   0   2   3   2   0   0   0   0   0   0
    0]
 [  4   5  31  13 262  20  46   5   2   1  11  12   0   4   0   1   0   0
    0]
 [  1   1   2   2  23 106  22   4   5   6   3  11   0   2   1   0   0   0
    0]
 [  3   1  22  11  46  42 483  22  15  14  15  27   0   0   0   0   0   0
    0]
 [  1   3   9   6  23  13  41 401  32  33   6  37   3   5   0   0   0   0
    0]
 [  0   1   4   1   4   7  17  24 137  16   8  13   3   1   0   0   0   0
    0]
 [  0   0   1   2   4  10  11  41  31 776  36  69  15  15   1   0   0   0
    0]
 [  3   1   9   2  14   8  26  11   7  47 162  84  19  16   0   0   0   0
    0]
 [  1   3  24  13  35  30  93  71  19 142 117 704  69 158  10   2   0   0
    0]
 [  0   0   7   0   6   3   5   8  13  30  17  61 164  30   5   0   0   0
    0]
 [  0   0   3   0   6   2  13  17   6  41  58 233  64 588  33   6   2   0
    0]
 [  0   0   2   0   1   0   1  10   1   4   5  42  18 121  43   5   5   0
    0]
 [  0   0   1   0   0   0   0   0   0   3   0   6   6  62  30   4   2   0
    0]
 [  0   0   0   0   0   0   0   0   0   0   1   4   3   6  19   4  12   0
    0]
 [  0   0   0   0   0   0   0   2   0   1   0   0   1   2   3   0   4   0
    0]
 [  0   0   0   0   0   0   0   0   0   0   1   1   0   1   4   0   7   0
    1]]
{'eval_loss': 1.7580894231796265, 'eval_macro_f1': 0.4609847227796651, 'eval_macro_precision': 0.5002462862911553, 'eval_macro_recall': 0.479860123462795, 'eval_accuracy': 0.5612859097127223, 'eval_accuracy_with_margin': 0.7035567715458276, 'eval_Distance': 1.1595075239398085, 'eval_Quadratic Weighted Kappa': 0.793225058106277, 'eval_runtime': 6.4864, 'eval_samples_per_second': 1126.967, 'eval_steps_per_second': 70.455, 'epoch': 4.0}
{'loss': 0.0979, 'grad_norm': 4.9774322509765625, 'learning_rate': 8.33550177812473e-06, 'epoch': 5.0}
              precision    recall  f1-score   support

           0     0.7255    0.8409    0.7789        44
           1     0.7606    0.7941    0.7770        68
           2     0.5094    0.7473    0.6058       182
           3     0.4253    0.4744    0.4485        78
           4     0.5910    0.6619    0.6244       417
           5     0.4335    0.5344    0.4787       189
           6     0.6190    0.6676    0.6424       701
           7     0.6655    0.6460    0.6556       613
           8     0.5579    0.5508    0.5544       236
           9     0.6879    0.7777    0.7301      1012
          10     0.3509    0.4230    0.3836       409
          11     0.5100    0.4977    0.5037      1491
          12     0.4242    0.4728    0.4472       349
          13     0.5851    0.4776    0.5259      1072
          14     0.2549    0.1512    0.1898       258
          15     0.1765    0.0263    0.0458       114
          16     0.4348    0.2041    0.2778        49
          17     0.0000    0.0000    0.0000        13
          18     1.0000    0.0667    0.1250        15

    accuracy                         0.5564      7310
   macro avg     0.5112    0.4744    0.4629      7310
weighted avg     0.5484    0.5564    0.5475      7310

[[ 37   3   1   0   1   0   2   0   0   0   0   0   0   0   0   0   0   0
    0]
 [  2  54   8   0   1   0   2   1   0   0   0   0   0   0   0   0   0   0
    0]
 [  1   2 136   4  15   0   7   1   0   0   8   8   0   0   0   0   0   0
    0]
 [  0   1  13  37   7   1   5   4   0   5   3   2   0   0   0   0   0   0
    0]
 [  4   2  33  14 276  16  31   6   3   1  17  10   0   4   0   0   0   0
    0]
 [  0   1   2   2  22 101  28   4   6   6   6   9   0   2   0   0   0   0
    0]
 [  2   1  21  11  52  44 468  24  13  18  17  29   1   0   0   0   0   0
    0]
 [  1   2   8   4  20  15  38 396  23  43  11  41   4   7   0   0   0   0
    0]
 [  0   1   4   1   3   8  17  19 130  23   8  18   3   1   0   0   0   0
    0]
 [  0   0   0   1   8  10  15  34  22 787  33  68  20  13   1   0   0   0
    0]
 [  3   1   9   2  10   9  32  10   7  40 173  84  17  12   0   0   0   0
    0]
 [  1   3  21  10  39  24  88  67  17 149 127 742  71 124   8   0   0   0
    0]
 [  0   0   5   0   7   3   4   9   6  23  20  78 165  25   4   0   0   0
    0]
 [  0   0   3   1   5   2  17  11   6  38  60 291  78 512  43   5   0   0
    0]
 [  0   0   2   0   1   0   2   6   0   7   7  56  20 112  39   3   3   0
    0]
 [  0   0   1   0   0   0   0   1   0   3   1  12   7  55  30   3   1   0
    0]
 [  0   0   0   0   0   0   0   0   0   0   1   5   2   6  19   6  10   0
    0]
 [  0   0   0   0   0   0   0   2   0   1   0   1   1   1   4   0   3   0
    0]
 [  0   0   0   0   0   0   0   0   0   0   1   1   0   1   5   0   6   0
    1]]
{'eval_loss': 2.0704007148742676, 'eval_macro_f1': 0.46287149523954996, 'eval_macro_precision': 0.5111578324185864, 'eval_macro_recall': 0.4744363446160983, 'eval_accuracy': 0.5563611491108071, 'eval_accuracy_with_margin': 0.699452804377565, 'eval_Distance': 1.1678522571819425, 'eval_Quadratic Weighted Kappa': 0.7898363759474841, 'eval_runtime': 6.4458, 'eval_samples_per_second': 1134.071, 'eval_steps_per_second': 70.899, 'epoch': 5.0}
{'loss': 0.06, 'grad_norm': 6.351382732391357, 'learning_rate': 2.168444791395611e-09, 'epoch': 6.0}
              precision    recall  f1-score   support

           0     0.7600    0.8636    0.8085        44
           1     0.7000    0.8235    0.7568        68
           2     0.5281    0.6703    0.5908       182
           3     0.3814    0.4744    0.4229        78
           4     0.5732    0.6475    0.6081       417
           5     0.4638    0.5079    0.4848       189
           6     0.6338    0.6690    0.6509       701
           7     0.6615    0.6313    0.6461       613
           8     0.5455    0.5847    0.5644       236
           9     0.7005    0.7628    0.7304      1012
          10     0.3514    0.4279    0.3859       409
          11     0.5119    0.4916    0.5015      1491
          12     0.4142    0.4499    0.4313       349
          13     0.5720    0.5000    0.5336      1072
          14     0.2500    0.1860    0.2133       258
          15     0.2857    0.0702    0.1127       114
          16     0.4400    0.2245    0.2973        49
          17     0.0000    0.0000    0.0000        13
          18     1.0000    0.1333    0.2353        15

    accuracy                         0.5547      7310
   macro avg     0.5144    0.4799    0.4723      7310
weighted avg     0.5499    0.5547    0.5488      7310

[[ 38   3   1   0   1   0   1   0   0   0   0   0   0   0   0   0   0   0
    0]
 [  2  56   6   0   1   0   2   1   0   0   0   0   0   0   0   0   0   0
    0]
 [  1   4 122   6  20   0   8   1   1   0   9   9   1   0   0   0   0   0
    0]
 [  0   1   9  37   8   1   5   3   0   4   3   7   0   0   0   0   0   0
    0]
 [  4   4  27  15 270  15  39   5   3   1  16  13   0   5   0   0   0   0
    0]
 [  0   1   2   2  25  96  25   5   6   7   6  12   0   2   0   0   0   0
    0]
 [  0   3  16  12  49  39 469  26  14  17  21  32   3   0   0   0   0   0
    0]
 [  1   2   8   4  21  12  34 387  34  44  14  40   4   8   0   0   0   0
    0]
 [  0   1   4   1   3   7  14  16 138  22  10  17   2   1   0   0   0   0
    0]
 [  0   0   0   2   6   8  10  37  24 772  38  73  25  16   1   0   0   0
    0]
 [  3   1   8   3  11   7  29  10   5  30 175  94  16  17   0   0   0   0
    0]
 [  1   4  18  15  41  20  85  64  17 136 125 733  75 146  10   1   0   0
    0]
 [  0   0   5   0   8   1   4   9   6  22  19  75 157  36   7   0   0   0
    0]
 [  0   0   3   0   6   1  14  12   4  40  54 264  67 536  64   6   1   0
    0]
 [  0   0   2   0   1   0   1   6   1   4   7  46  20 113  48   5   4   0
    0]
 [  0   0   0   0   0   0   0   1   0   2   0  11   6  48  37   8   1   0
    0]
 [  0   0   0   0   0   0   0   0   0   0   1   5   2   6  18   6  11   0
    0]
 [  0   0   0   0   0   0   0   2   0   1   0   0   1   2   3   2   2   0
    0]
 [  0   0   0   0   0   0   0   0   0   0   0   1   0   1   4   0   6   1
    2]]
{'eval_loss': 2.286581516265869, 'eval_macro_f1': 0.4723486999978934, 'eval_macro_precision': 0.514378813908567, 'eval_macro_recall': 0.47992743085631995, 'eval_accuracy': 0.554719562243502, 'eval_accuracy_with_margin': 0.7027359781121751, 'eval_Distance': 1.1673050615595075, 'eval_Quadratic Weighted Kappa': 0.7898271027901742, 'eval_runtime': 6.431, 'eval_samples_per_second': 1136.682, 'eval_steps_per_second': 71.062, 'epoch': 6.0}
{'train_runtime': 3129.6979, 'train_samples_per_second': 471.475, 'train_steps_per_second': 7.367, 'train_loss': 0.22756567174226747, 'epoch': 6.0}
              precision    recall  f1-score   support

           0     0.7234    0.7727    0.7473        44
           1     0.6324    0.6324    0.6324        68
           2     0.4873    0.6319    0.5502       182
           3     0.4658    0.4359    0.4503        78
           4     0.4964    0.6595    0.5664       417
           5     0.5214    0.3862    0.4438       189
           6     0.5375    0.7161    0.6141       701
           7     0.6156    0.6688    0.6411       613
           8     0.5938    0.5636    0.5783       236
           9     0.7036    0.7599    0.7306      1012
          10     0.3111    0.4328    0.3620       409
          11     0.5253    0.4313    0.4737      1491
          12     0.4941    0.3610    0.4172       349
          13     0.5819    0.5700    0.5759      1072
          14     0.3519    0.1473    0.2077       258
          15     0.1600    0.0351    0.0576       114
          16     0.5405    0.4082    0.4651        49
          17     0.0000    0.0000    0.0000        13
          18     0.7143    0.3333    0.4545        15

    accuracy                         0.5488      7310
   macro avg     0.4977    0.4708    0.4720      7310
weighted avg     0.5424    0.5488    0.5387      7310

[[ 34   4   2   0   3   0   1   0   0   0   0   0   0   0   0   0   0   0
    0]
 [  6  43  10   0   3   1   2   1   1   0   0   1   0   0   0   0   0   0
    0]
 [  1   3 115   3  28   0  21   0   1   0   6   4   0   0   0   0   0   0
    0]
 [  0   1  12  34  11   2   8   4   0   2   2   2   0   0   0   0   0   0
    0]
 [  1   6  27  13 275   6  53   5   3   1  12  10   0   5   0   0   0   0
    0]
 [  0   1   1   0  36  73  51   7   4   3   4   7   0   2   0   0   0   0
    0]
 [  0   3  16   8  73  21 502  17  10   8  18  25   0   0   0   0   0   0
    0]
 [  1   2   7   4  27   7  64 410  20  26   6  29   1   9   0   0   0   0
    0]
 [  0   1   0   0   5   4  30  25 133  10  11  14   1   2   0   0   0   0
    0]
 [  0   0   0   1   8   5  31  56  26 769  39  44  14  18   1   0   0   0
    0]
 [  3   1   9   2  16   1  35  11   9  53 177  60  13  19   0   0   0   0
    0]
 [  1   3  23   8  53  17 115  83  10 135 199 643  43 147   9   1   1   0
    0]
 [  0   0   8   0  12   2   5  14   5  36  18  74 126  43   5   1   0   0
    0]
 [  0   0   3   0   3   0  14  16   2  40  69 252  35 611  19   8   0   0
    0]
 [  0   0   2   0   1   1   2  11   0   6   6  46  13 121  38   6   5   0
    0]
 [  0   0   1   0   0   0   0   3   0   3   0   8   5  65  21   4   3   0
    1]
 [  0   0   0   0   0   0   0   1   0   0   2   3   2   7   9   5  20   0
    0]
 [  0   0   0   0   0   0   0   2   0   1   0   1   1   1   3   0   3   0
    1]
 [  0   0   0   0   0   0   0   0   0   0   0   1   1   0   3   0   5   0
    5]]
***** eval metrics *****
  eval_Distance                 =     1.1955
  eval_Quadratic Weighted Kappa =     0.7849
  eval_accuracy                 =     0.5488
  eval_accuracy_with_margin     =     0.6943
  eval_loss                     =     1.4462
  eval_macro_f1                 =      0.472
  eval_macro_precision          =     0.4977
  eval_macro_recall             =     0.4708
  eval_runtime                  = 0:00:06.40
  eval_samples_per_second       =   1141.172
  eval_steps_per_second         =     71.343
Accuracy: 54.8837
Accuracy with margin of one level: 69.4254
Average distance between labels and predictions: 1.195486
Quadratic Weighted Kappa: 78.4925
              precision    recall  f1-score   support

           0     0.8519    0.7188    0.7797        32
           1     0.4528    0.6667    0.5393        36
           2     0.6579    0.5319    0.5882       141
           3     0.5347    0.6279    0.5775        86
           4     0.5152    0.6711    0.5829       380
           5     0.5417    0.3741    0.4426       139
           6     0.5406    0.7624    0.6326       585
           7     0.5955    0.7320    0.6567       541
           8     0.5330    0.5526    0.5426       190
           9     0.6927    0.7564    0.7231      1010
          10     0.3516    0.4698    0.4022       464
          11     0.5868    0.4639    0.5181      1662
          12     0.5284    0.4041    0.4580       438
          13     0.5541    0.5451    0.5496      1042
          14     0.3600    0.1978    0.2553       273
          15     0.4021    0.2422    0.3023       161
          16     0.2542    0.2239    0.2381        67
          17     0.0000    0.0000    0.0000        23
          18     0.6000    0.3750    0.4615        16

    accuracy                         0.5548      7286
   macro avg     0.5028    0.4903    0.4869      7286
weighted avg     0.5530    0.5548    0.5465      7286

[[ 23   7   0   0   0   0   2   0   0   0   0   0   0   0   0   0   0   0
    0]
 [  1  24   2   0   4   0   4   0   1   0   0   0   0   0   0   0   0   0
    0]
 [  0   8  75   1  43   1   8   1   0   1   2   1   0   0   0   0   0   0
    0]
 [  0   1   1  54  11   0  13   1   1   0   1   3   0   0   0   0   0   0
    0]
 [  0   5  13  14 255  10  54   8   4   2  10   4   0   1   0   0   0   0
    0]
 [  0   0   1   4  37  52  28   9   3   2   0   2   0   1   0   0   0   0
    0]
 [  0   1   3  11  52   4 446  12   6   3  10  30   2   5   0   0   0   0
    0]
 [  2   1   1   1  16   6  47 396  11  27   6  13   5   8   1   0   0   0
    0]
 [  0   1   2   1   3   6  12  16 105  17  11  10   3   1   2   0   0   0
    0]
 [  0   0   0   3   5   2  24  49  28 764  51  46  12  23   3   0   0   0
    0]
 [  1   1   6   1  16   1  37  24   5  60 218  59  14  19   2   0   0   0
    0]
 [  0   4   9  10  42  12 126 107  18 136 203 771  53 158  10   2   1   0
    0]
 [  0   0   0   1   4   1   7  17  14  40  32  79 177  44  18   2   2   0
    0]
 [  0   0   1   0   7   0  13  15   1  34  65 253  42 568  18  25   0   0
    0]
 [  0   0   0   0   0   1   4   7   0   9   7  31  15 116  54  16  13   0
    0]
 [  0   0   0   0   0   0   0   2   0   4   1   8  10  52  30  39  15   0
    0]
 [  0   0   0   0   0   0   0   0   0   2   3   3   0  24   9  10  15   0
    1]
 [  0   0   0   0   0   0   0   0   0   0   0   1   1   5   2   2   9   0
    3]
 [  0   0   0   0   0   0   0   1   0   2   0   0   1   0   1   1   4   0
    6]]
***** test metrics *****
  test_Distance                 =     1.1265
  test_Quadratic Weighted Kappa =     0.8012
  test_accuracy                 =     0.5548
  test_accuracy_with_margin     =     0.7007
  test_loss                     =      1.426
  test_macro_f1                 =     0.4869
  test_macro_precision          =     0.5028
  test_macro_recall             =     0.4903
  test_runtime                  = 0:00:06.49
  test_samples_per_second       =   1121.528
  test_steps_per_second         =     70.192
Accuracy: 55.4763
Accuracy with margin of one level: 70.0659
Average distance between labels and predictions: 1.126544
Quadratic Weighted Kappa: 80.1184
[1;34mwandb[0m: 
[1;34mwandb[0m: 🚀 View run [33mbarec_tarab_4X_55k_match_distribution_245k[0m at: [34mhttps://wandb.ai/mohamed-mahmoud-new-york-university/habibi-readability-arabertv02-confidences/runs/figjc1n7[0m
[1;34mwandb[0m: Find logs at: [1;35mwandb/run-20260422_225414-figjc1n7/logs[0m
