HOST: cn266
CUDA_VISIBLE_DEVICES=0
CUDA_HOME=/share/apps/NYUAD5/cuda/12.2.0
GPU 0: NVIDIA A100-SXM4-80GB (UUID: GPU-421fedf5-294a-74bb-66ac-f4971bb27c1a)
torch 2.9.0+cu128
cuda_available True
cuda_device_count 1
torch_cuda 12.8
model: bert-base-arabertv02, levels: 19
wandb project='habibi-readability-arabertv02-confidences' group='barec_tarab_1x' run='barec_tarab_1X_55k_match_distribution_108k'
Warning: The cache directory for DeepSpeed Triton autotune, /home/mom8702/.triton/autotune, appears to be on an NFS system. While this is generally acceptable, if you experience slowdowns or hanging when DeepSpeed exits, it is recommended to set the TRITON_CACHE_DIR environment variable to a non-NFS path.
{'loss': 0.8812, 'grad_norm': 4.928773403167725, 'learning_rate': 4.1671565745639824e-05, 'epoch': 1.0}
              precision    recall  f1-score   support

           0     0.4211    0.9091    0.5755        44
           1     0.3019    0.2353    0.2645        68
           2     0.4508    0.7308    0.5577       182
           3     0.3411    0.5641    0.4251        78
           4     0.5248    0.5588    0.5412       417
           5     0.3863    0.4762    0.4265       189
           6     0.5642    0.6334    0.5968       701
           7     0.6080    0.6933    0.6479       613
           8     0.7107    0.4788    0.5722       236
           9     0.6769    0.7866    0.7276      1012
          10     0.3832    0.4132    0.3976       409
          11     0.5216    0.3810    0.4403      1491
          12     0.4836    0.3381    0.3980       349
          13     0.5553    0.6558    0.6014      1072
          14     0.3056    0.1705    0.2189       258
          15     0.2000    0.0088    0.0168       114
          16     0.3137    0.3265    0.3200        49
          17     0.0000    0.0000    0.0000        13
          18     0.0000    0.0000    0.0000        15

    accuracy                         0.5408      7310
   macro avg     0.4078    0.4400    0.4067      7310
weighted avg     0.5302    0.5408    0.5264      7310

[[ 40   2   2   0   0   0   0   0   0   0   0   0   0   0   0   0   0   0
    0]
 [ 36  16  10   1   2   2   0   1   0   0   0   0   0   0   0   0   0   0
    0]
 [  3   8 133   4  12   2  15   0   1   0   1   2   1   0   0   0   0   0
    0]
 [  0   1   7  44   6   3  10   4   0   0   2   1   0   0   0   0   0   0
    0]
 [  5  12  39  26 233  14  46   6   3   1   8  17   1   6   0   0   0   0
    0]
 [  0   1   2   3  34  90  24   6   0   8   4  14   0   3   0   0   0   0
    0]
 [  3   1  27  19  62  53 444  23   5  12  10  41   0   1   0   0   0   0
    0]
 [  1   2   8   8  19  11  54 425   3  30   2  39   3   7   0   0   1   0
    0]
 [  0   2   4   3   4  11  18  36 113  18   3  21   1   2   0   0   0   0
    0]
 [  0   0   0   4   9   9  16  59  11 796  18  44  16  28   2   0   0   0
    0]
 [  3   4  12   6  12   4  29  10   7  62 169  58   7  26   0   0   0   0
    0]
 [  3   4  36  11  42  28 109  85   8 164 143 568  39 235  15   0   1   0
    0]
 [  1   0   9   0   7   3   5  16   5  39  21  77 118  42   6   0   0   0
    0]
 [  0   0   3   0   1   3  15  17   2  35  55 171  36 703  30   1   0   0
    0]
 [  0   0   2   0   1   0   2   7   1   9   5  27  11 138  44   2   9   0
    0]
 [  0   0   1   0   0   0   0   1   0   2   0   7   9  64  24   1   5   0
    0]
 [  0   0   0   0   0   0   0   1   0   0   0   2   1   8  20   1  16   0
    0]
 [  0   0   0   0   0   0   0   2   0   0   0   0   1   1   3   0   6   0
    0]
 [  0   0   0   0   0   0   0   0   0   0   0   0   0   2   0   0  13   0
    0]]
{'eval_loss': 1.4056923389434814, 'eval_macro_f1': 0.4067346332968909, 'eval_macro_precision': 0.4078228427559689, 'eval_macro_recall': 0.44000844966610353, 'eval_accuracy': 0.5407660738714091, 'eval_accuracy_with_margin': 0.6844049247606019, 'eval_Distance': 1.2473324213406294, 'eval_Quadratic Weighted Kappa': 0.7802303749146838, 'eval_runtime': 5.5125, 'eval_samples_per_second': 1326.066, 'eval_steps_per_second': 82.902, 'epoch': 1.0}
{'loss': 0.5855, 'grad_norm': 3.5552103519439697, 'learning_rate': 3.333823241230649e-05, 'epoch': 2.0}
              precision    recall  f1-score   support

           0     0.7308    0.8636    0.7917        44
           1     0.4808    0.3676    0.4167        68
           2     0.5434    0.6538    0.5935       182
           3     0.3905    0.5256    0.4481        78
           4     0.5839    0.5923    0.5881       417
           5     0.4356    0.5185    0.4734       189
           6     0.6662    0.6377    0.6516       701
           7     0.6617    0.6542    0.6579       613
           8     0.5527    0.5551    0.5539       236
           9     0.7023    0.7925    0.7447      1012
          10     0.4036    0.3888    0.3960       409
          11     0.5170    0.4782    0.4969      1491
          12     0.4490    0.4413    0.4451       349
          13     0.5484    0.6446    0.5926      1072
          14     0.2765    0.1822    0.2196       258
          15     0.0952    0.0175    0.0296       114
          16     0.4000    0.0408    0.0741        49
          17     0.0000    0.0000    0.0000        13
          18     0.3333    0.1333    0.1905        15

    accuracy                         0.5635      7310
   macro avg     0.4616    0.4467    0.4402      7310
weighted avg     0.5501    0.5635    0.5534      7310

[[ 38   5   1   0   0   0   0   0   0   0   0   0   0   0   0   0   0   0
    0]
 [  3  25   4   2   2   0   3   1   1   0   0  27   0   0   0   0   0   0
    0]
 [  2   6 119   3  22   2  15   0   1   0   7   5   0   0   0   0   0   0
    0]
 [  0   0  12  41   6   3   7   3   1   2   1   2   0   0   0   0   0   0
    0]
 [  5   5  26  26 247  19  29   5   7   1  16  26   0   5   0   0   0   0
    0]
 [  0   1   1   0  27  98  19   1   4   6   5  22   0   2   3   0   0   0
    0]
 [  0   4  15  12  48  45 447  20  19  11  15  64   0   1   0   0   0   0
    0]
 [  1   3   6   6  17  13  35 401  22  33  12  48   6  10   0   0   0   0
    0]
 [  0   1   1   1   2   5  14  23 131  26   7  22   3   0   0   0   0   0
    0]
 [  0   0   1   2   4   7  11  44  14 802  19  60  21  25   2   0   0   0
    0]
 [  3   2   7   4   9   6  23   5   9  50 159  86  18  26   2   0   0   0
    0]
 [  0   0  18   8  34  25  53  70  17 141 101 713  63 228  18   2   0   0
    0]
 [  0   0   5   0   5   2   5  13   9  25  15  71 154  40   5   0   0   0
    0]
 [  0   0   2   0   0   0  10  11   2  37  34 195  55 691  34   1   0   0
    0]
 [  0   0   1   0   0   0   0   5   0   5   3  30  13 147  47   5   1   0
    1]
 [  0   0   0   0   0   0   0   2   0   3   0   5   6  71  24   2   0   0
    1]
 [  0   0   0   0   0   0   0   0   0   0   0   2   3  12  22   6   2   0
    2]
 [  0   0   0   0   0   0   0   2   0   0   0   0   1   1   8   1   0   0
    0]
 [  0   0   0   0   0   0   0   0   0   0   0   1   0   1   5   4   2   0
    2]]
{'eval_loss': 1.3561707735061646, 'eval_macro_f1': 0.44020791938098097, 'eval_macro_precision': 0.4616214676102216, 'eval_macro_recall': 0.4467200232969897, 'eval_accuracy': 0.5634746922024624, 'eval_accuracy_with_margin': 0.7024623803009576, 'eval_Distance': 1.1633378932968537, 'eval_Quadratic Weighted Kappa': 0.7860574954998374, 'eval_runtime': 5.5107, 'eval_samples_per_second': 1326.499, 'eval_steps_per_second': 82.929, 'epoch': 2.0}
{'loss': 0.4317, 'grad_norm': 7.268105983734131, 'learning_rate': 2.5004899078973153e-05, 'epoch': 3.0}
              precision    recall  f1-score   support

           0     0.8333    0.7955    0.8140        44
           1     0.5682    0.7353    0.6410        68
           2     0.5362    0.6923    0.6043       182
           3     0.4545    0.3846    0.4167        78
           4     0.5399    0.6811    0.6023       417
           5     0.5412    0.4868    0.5125       189
           6     0.6410    0.6876    0.6635       701
           7     0.6138    0.6949    0.6519       613
           8     0.6414    0.5381    0.5853       236
           9     0.6781    0.7994    0.7338      1012
          10     0.3696    0.4401    0.4018       409
          11     0.5118    0.4930    0.5022      1491
          12     0.5339    0.3610    0.4308       349
          13     0.5790    0.5504    0.5643      1072
          14     0.3030    0.1163    0.1681       258
          15     0.0909    0.0263    0.0408       114
          16     0.2941    0.2041    0.2410        49
          17     0.0000    0.0000    0.0000        13
          18     0.5000    0.0667    0.1176        15

    accuracy                         0.5658      7310
   macro avg     0.4858    0.4607    0.4575      7310
weighted avg     0.5514    0.5658    0.5534      7310

[[ 35   7   1   0   1   0   0   0   0   0   0   0   0   0   0   0   0   0
    0]
 [  3  50   7   1   2   0   0   1   1   0   0   3   0   0   0   0   0   0
    0]
 [  1   6 126   3  26   1   9   0   0   0   6   3   1   0   0   0   0   0
    0]
 [  0   3   9  30  18   2   5   3   0   3   2   3   0   0   0   0   0   0
    0]
 [  2   6  21   9 284   8  39   7   3   1  19  14   0   4   0   0   0   0
    0]
 [  0   1   1   0  31  92  30  10   0   6   5  11   0   2   0   0   0   0
    0]
 [  0   4  19   7  54  26 482  41   8  14  14  31   0   1   0   0   0   0
    0]
 [  1   3   7   4  28   5  31 426  14  29  10  45   4   6   0   0   0   0
    0]
 [  0   1   4   0   6   6  15  29 127  21   5  20   2   0   0   0   0   0
    0]
 [  0   0   1   1   6   7  11  46  19 809  33  53  13  13   0   0   0   0
    0]
 [  0   6   7   2  10   4  33  10   8  50 180  75   7  17   0   0   0   0
    0]
 [  0   1  23   9  47  17  79  81   7 170 134 735  28 152   4   4   0   0
    0]
 [  0   0   6   0   7   1   4  14   9  33  15  93 126  38   3   0   0   0
    0]
 [  0   0   2   0   3   0  13  13   1  46  56 282  34 590  26   6   0   0
    0]
 [  0   0   1   0   2   1   1   8   1   6   6  47  10 129  30   6  10   0
    0]
 [  0   0   0   0   1   0   0   2   0   4   1  15   6  59  19   3   4   0
    0]
 [  0   0   0   0   0   0   0   1   0   0   1   4   3   7  11  11  10   0
    1]
 [  0   0   0   0   0   0   0   2   0   1   0   1   1   1   4   1   2   0
    0]
 [  0   0   0   0   0   0   0   0   0   0   0   1   1   0   2   2   8   0
    1]]
{'eval_loss': 1.4718456268310547, 'eval_macro_f1': 0.4574628050199156, 'eval_macro_precision': 0.4857926698259047, 'eval_macro_recall': 0.4607040794799106, 'eval_accuracy': 0.5658002735978113, 'eval_accuracy_with_margin': 0.7017783857729138, 'eval_Distance': 1.1476060191518467, 'eval_Quadratic Weighted Kappa': 0.7938439715759738, 'eval_runtime': 5.5004, 'eval_samples_per_second': 1328.987, 'eval_steps_per_second': 83.084, 'epoch': 3.0}
{'loss': 0.2968, 'grad_norm': 5.7685651779174805, 'learning_rate': 1.667156574563982e-05, 'epoch': 4.0}
              precision    recall  f1-score   support

           0     0.7273    0.9091    0.8081        44
           1     0.7121    0.6912    0.7015        68
           2     0.5224    0.7033    0.5995       182
           3     0.4082    0.5128    0.4545        78
           4     0.5396    0.6379    0.5846       417
           5     0.5051    0.5238    0.5143       189
           6     0.6259    0.6562    0.6407       701
           7     0.6408    0.6460    0.6434       613
           8     0.4652    0.6229    0.5326       236
           9     0.7074    0.7717    0.7382      1012
          10     0.3850    0.3888    0.3869       409
          11     0.5198    0.4762    0.4970      1491
          12     0.3798    0.5072    0.4344       349
          13     0.5927    0.5009    0.5430      1072
          14     0.2842    0.2016    0.2358       258
          15     0.0526    0.0088    0.0150       114
          16     0.4074    0.2245    0.2895        49
          17     0.0000    0.0000    0.0000        13
          18     0.5000    0.1333    0.2105        15

    accuracy                         0.5544      7310
   macro avg     0.4724    0.4798    0.4647      7310
weighted avg     0.5461    0.5544    0.5469      7310

[[ 40   2   1   1   0   0   0   0   0   0   0   0   0   0   0   0   0   0
    0]
 [  4  47   6   2   4   0   2   1   1   0   1   0   0   0   0   0   0   0
    0]
 [  1   4 128   3  20   1  14   0   0   0   8   2   1   0   0   0   0   0
    0]
 [  0   0  10  40  10   1   6   4   1   3   2   1   0   0   0   0   0   0
    0]
 [  3   5  25  18 266  14  41   8   4   1  13  16   0   3   0   0   0   0
    0]
 [  1   1   1   1  26  99  25   9   5   5   4   8   1   3   0   0   0   0
    0]
 [  0   0  23  12  60  31 460  30  25  11  19  29   0   1   0   0   0   0
    0]
 [  1   3   8   5  21  13  32 396  38  28  10  46   5   7   0   0   0   0
    0]
 [  0   1   2   1   2   5  14  18 147  16   3  18   9   0   0   0   0   0
    0]
 [  0   0   1   2   8   6  10  35  34 781  28  64  28  15   0   0   0   0
    0]
 [  3   2   7   2  12   5  26   8  16  37 159  90  23  19   0   0   0   0
    0]
 [  2   1  24  11  49  16  85  76  29 148 102 710  86 131  17   4   0   0
    0]
 [  0   0   5   0   7   2   4  11  11  21  14  66 177  28   3   0   0   0
    0]
 [  0   0   3   0   5   2  15  11   5  44  42 258  88 537  60   1   1   0
    0]
 [  0   0   1   0   2   1   1   7   0   5   7  42  26 103  52   6   4   0
    1]
 [  0   0   0   0   1   0   0   2   0   3   0   9  13  52  31   1   2   0
    0]
 [  0   0   0   0   0   0   0   0   0   0   1   4   7   5  16   4  11   0
    1]
 [  0   0   0   0   0   0   0   2   0   1   0   1   1   1   3   2   2   0
    0]
 [  0   0   0   0   0   0   0   0   0   0   0   2   1   1   1   1   7   0
    2]]
{'eval_loss': 1.698553442955017, 'eval_macro_f1': 0.4647091214249975, 'eval_macro_precision': 0.4723892425838756, 'eval_macro_recall': 0.47979463770494146, 'eval_accuracy': 0.5544459644322846, 'eval_accuracy_with_margin': 0.6986320109439125, 'eval_Distance': 1.1738714090287277, 'eval_Quadratic Weighted Kappa': 0.7908000416288881, 'eval_runtime': 5.5106, 'eval_samples_per_second': 1326.526, 'eval_steps_per_second': 82.931, 'epoch': 4.0}
{'loss': 0.1908, 'grad_norm': 6.473912239074707, 'learning_rate': 8.338232412306486e-06, 'epoch': 5.0}
              precision    recall  f1-score   support

           0     0.7917    0.8636    0.8261        44
           1     0.6389    0.6765    0.6571        68
           2     0.5502    0.6923    0.6131       182
           3     0.4557    0.4615    0.4586        78
           4     0.5793    0.6307    0.6039       417
           5     0.4850    0.5132    0.4987       189
           6     0.6244    0.6876    0.6544       701
           7     0.6136    0.6786    0.6445       613
           8     0.5973    0.5593    0.5777       236
           9     0.6886    0.7668    0.7256      1012
          10     0.3272    0.4792    0.3889       409
          11     0.5250    0.4433    0.4807      1491
          12     0.4082    0.4842    0.4430       349
          13     0.6012    0.4655    0.5247      1072
          14     0.2584    0.2674    0.2629       258
          15     0.0952    0.0175    0.0296       114
          16     0.3333    0.2449    0.2824        49
          17     0.0000    0.0000    0.0000        13
          18     0.6667    0.1333    0.2222        15

    accuracy                         0.5502      7310
   macro avg     0.4863    0.4771    0.4681      7310
weighted avg     0.5480    0.5502    0.5445      7310

[[ 38   4   1   0   1   0   0   0   0   0   0   0   0   0   0   0   0   0
    0]
 [  3  46   7   1   0   0   5   2   0   0   0   4   0   0   0   0   0   0
    0]
 [  1   5 126   3  19   0  15   0   0   0   8   4   1   0   0   0   0   0
    0]
 [  0   1   7  36  12   2  10   4   0   3   2   1   0   0   0   0   0   0
    0]
 [  3   5  22  14 263  14  50  11   1   1  13  17   0   3   0   0   0   0
    0]
 [  1   1   0   1  23  97  32  12   3   7   5   4   0   3   0   0   0   0
    0]
 [  0   0  17   7  49  32 482  42  10  16  19  26   0   1   0   0   0   0
    0]
 [  1   3   8   4  19  15  28 416  18  37  18  33   6   6   1   0   0   0
    0]
 [  0   1   3   1   4   4  14  27 132  23   9   9   7   2   0   0   0   0
    0]
 [  0   0   1   1   6   6   9  39  22 776  48  64  23  16   1   0   0   0
    0]
 [  0   5   7   2   8   7  27  13   8  37 196  66  21  12   0   0   0   0
    0]
 [  1   1  22   9  39  20  80  81  16 156 174 661  79 130  20   2   0   0
    0]
 [  0   0   5   0   6   1   4  12   9  21  24  64 169  29   5   0   0   0
    0]
 [  0   0   2   0   3   2  14  10   2  44  72 249  76 499  96   2   1   0
    0]
 [  0   0   1   0   1   0   2   6   0   3   9  45  19  89  69   6   8   0
    0]
 [  0   0   0   0   1   0   0   1   0   2   1   7   9  36  51   2   4   0
    0]
 [  0   0   0   0   0   0   0   0   0   0   1   3   3   2  19   7  12   1
    1]
 [  0   0   0   0   0   0   0   2   0   1   0   1   1   1   2   1   4   0
    0]
 [  0   0   0   0   0   0   0   0   0   0   0   1   0   1   3   1   7   0
    2]]
{'eval_loss': 1.918572187423706, 'eval_macro_f1': 0.46811179780908124, 'eval_macro_precision': 0.4863073670787427, 'eval_macro_recall': 0.47714222995418937, 'eval_accuracy': 0.5502051983584131, 'eval_accuracy_with_margin': 0.7071135430916553, 'eval_Distance': 1.1432284541723665, 'eval_Quadratic Weighted Kappa': 0.7999617427727198, 'eval_runtime': 5.5001, 'eval_samples_per_second': 1329.068, 'eval_steps_per_second': 83.089, 'epoch': 5.0}
{'loss': 0.1228, 'grad_norm': 7.053819179534912, 'learning_rate': 4.899078973153048e-09, 'epoch': 6.0}
              precision    recall  f1-score   support

           0     0.7917    0.8636    0.8261        44
           1     0.6119    0.6029    0.6074        68
           2     0.5561    0.6813    0.6123       182
           3     0.4512    0.4744    0.4625        78
           4     0.5702    0.6427    0.6043       417
           5     0.5000    0.5026    0.5013       189
           6     0.6288    0.6862    0.6562       701
           7     0.6435    0.6509    0.6472       613
           8     0.5647    0.6102    0.5866       236
           9     0.7044    0.7441    0.7237      1012
          10     0.3339    0.4743    0.3919       409
          11     0.5011    0.4782    0.4894      1491
          12     0.4197    0.4269    0.4233       349
          13     0.5751    0.4823    0.5246      1072
          14     0.2893    0.2209    0.2505       258
          15     0.1071    0.0263    0.0423       114
          16     0.3636    0.2449    0.2927        49
          17     0.0000    0.0000    0.0000        13
          18     0.6000    0.2000    0.3000        15

    accuracy                         0.5510      7310
   macro avg     0.4849    0.4744    0.4706      7310
weighted avg     0.5454    0.5510    0.5455      7310

[[ 38   4   1   0   1   0   0   0   0   0   0   0   0   0   0   0   0   0
    0]
 [  3  41   5   0   2   0   2   1   1   0   0  13   0   0   0   0   0   0
    0]
 [  1   5 124   3  19   1  15   0   0   0  10   3   1   0   0   0   0   0
    0]
 [  0   1   8  37  10   1   9   3   2   3   2   2   0   0   0   0   0   0
    0]
 [  3   5  19  15 268  13  43  11   2   1  16  18   0   3   0   0   0   0
    0]
 [  1   1   0   1  26  95  29   8   5   6   6   8   0   3   0   0   0   0
    0]
 [  0   0  18  10  50  29 481  29  13  16  20  34   0   1   0   0   0   0
    0]
 [  1   3   9   4  19  13  32 399  27  34  17  40   5  10   0   0   0   0
    0]
 [  0   1   3   1   2   5  14  20 144  18   6  13   6   3   0   0   0   0
    0]
 [  0   0   1   1   7   8  10  43  26 753  54  71  20  18   0   0   0   0
    0]
 [  0   5   6   2   9   8  30   7   8  32 194  81  15  12   0   0   0   0
    0]
 [  1   1  21   8  46  13  81  67  16 139 160 713  63 147  10   5   0   0
    0]
 [  0   0   5   0   6   2   4  12   8  24  24  79 149  32   4   0   0   0
    0]
 [  0   0   2   0   3   2  14  10   3  37  63 279  69 517  70   2   1   0
    0]
 [  0   0   1   0   1   0   1   7   0   3   7  52  15 100  57   6   8   0
    0]
 [  0   0   0   0   1   0   0   1   0   2   1  11   8  46  38   3   3   0
    0]
 [  0   0   0   0   0   0   0   0   0   0   1   4   3   5  13   9  12   0
    2]
 [  0   0   0   0   0   0   0   2   0   1   0   1   1   1   2   1   4   0
    0]
 [  0   0   0   0   0   0   0   0   0   0   0   1   0   1   3   2   5   0
    3]]
{'eval_loss': 2.120270013809204, 'eval_macro_f1': 0.4706458076428285, 'eval_macro_precision': 0.48486233435572296, 'eval_macro_recall': 0.474356390216922, 'eval_accuracy': 0.5510259917920657, 'eval_accuracy_with_margin': 0.7017783857729138, 'eval_Distance': 1.1682626538987688, 'eval_Quadratic Weighted Kappa': 0.7888957156332808, 'eval_runtime': 5.5028, 'eval_samples_per_second': 1328.424, 'eval_steps_per_second': 83.049, 'epoch': 6.0}
{'train_runtime': 1495.2481, 'train_samples_per_second': 436.78, 'train_steps_per_second': 6.826, 'train_loss': 0.41813745186559226, 'epoch': 6.0}
              precision    recall  f1-score   support

           0     0.7308    0.8636    0.7917        44
           1     0.4808    0.3676    0.4167        68
           2     0.5434    0.6538    0.5935       182
           3     0.3905    0.5256    0.4481        78
           4     0.5839    0.5923    0.5881       417
           5     0.4356    0.5185    0.4734       189
           6     0.6662    0.6377    0.6516       701
           7     0.6617    0.6542    0.6579       613
           8     0.5527    0.5551    0.5539       236
           9     0.7023    0.7925    0.7447      1012
          10     0.4036    0.3888    0.3960       409
          11     0.5170    0.4782    0.4969      1491
          12     0.4490    0.4413    0.4451       349
          13     0.5484    0.6446    0.5926      1072
          14     0.2765    0.1822    0.2196       258
          15     0.0952    0.0175    0.0296       114
          16     0.4000    0.0408    0.0741        49
          17     0.0000    0.0000    0.0000        13
          18     0.3333    0.1333    0.1905        15

    accuracy                         0.5635      7310
   macro avg     0.4616    0.4467    0.4402      7310
weighted avg     0.5501    0.5635    0.5534      7310

[[ 38   5   1   0   0   0   0   0   0   0   0   0   0   0   0   0   0   0
    0]
 [  3  25   4   2   2   0   3   1   1   0   0  27   0   0   0   0   0   0
    0]
 [  2   6 119   3  22   2  15   0   1   0   7   5   0   0   0   0   0   0
    0]
 [  0   0  12  41   6   3   7   3   1   2   1   2   0   0   0   0   0   0
    0]
 [  5   5  26  26 247  19  29   5   7   1  16  26   0   5   0   0   0   0
    0]
 [  0   1   1   0  27  98  19   1   4   6   5  22   0   2   3   0   0   0
    0]
 [  0   4  15  12  48  45 447  20  19  11  15  64   0   1   0   0   0   0
    0]
 [  1   3   6   6  17  13  35 401  22  33  12  48   6  10   0   0   0   0
    0]
 [  0   1   1   1   2   5  14  23 131  26   7  22   3   0   0   0   0   0
    0]
 [  0   0   1   2   4   7  11  44  14 802  19  60  21  25   2   0   0   0
    0]
 [  3   2   7   4   9   6  23   5   9  50 159  86  18  26   2   0   0   0
    0]
 [  0   0  18   8  34  25  53  70  17 141 101 713  63 228  18   2   0   0
    0]
 [  0   0   5   0   5   2   5  13   9  25  15  71 154  40   5   0   0   0
    0]
 [  0   0   2   0   0   0  10  11   2  37  34 195  55 691  34   1   0   0
    0]
 [  0   0   1   0   0   0   0   5   0   5   3  30  13 147  47   5   1   0
    1]
 [  0   0   0   0   0   0   0   2   0   3   0   5   6  71  24   2   0   0
    1]
 [  0   0   0   0   0   0   0   0   0   0   0   2   3  12  22   6   2   0
    2]
 [  0   0   0   0   0   0   0   2   0   0   0   0   1   1   8   1   0   0
    0]
 [  0   0   0   0   0   0   0   0   0   0   0   1   0   1   5   4   2   0
    2]]
***** eval metrics *****
  eval_Distance                 =     1.1633
  eval_Quadratic Weighted Kappa =     0.7861
  eval_accuracy                 =     0.5635
  eval_accuracy_with_margin     =     0.7025
  eval_loss                     =     1.3562
  eval_macro_f1                 =     0.4402
  eval_macro_precision          =     0.4616
  eval_macro_recall             =     0.4467
  eval_runtime                  = 0:00:05.49
  eval_samples_per_second       =   1331.456
  eval_steps_per_second         =     83.239
Accuracy: 56.3475
Accuracy with margin of one level: 70.2462
Average distance between labels and predictions: 1.163338
Quadratic Weighted Kappa: 78.6057
              precision    recall  f1-score   support

           0     0.7586    0.6875    0.7213        32
           1     0.4444    0.6667    0.5333        36
           2     0.6947    0.4681    0.5593       141
           3     0.4355    0.6279    0.5143        86
           4     0.6142    0.6158    0.6150       380
           5     0.4734    0.5755    0.5195       139
           6     0.6100    0.6444    0.6268       585
           7     0.6459    0.7283    0.6846       541
           8     0.5217    0.5684    0.5441       190
           9     0.6950    0.7782    0.7342      1010
          10     0.4419    0.3685    0.4019       464
          11     0.5681    0.5018    0.5329      1662
          12     0.4626    0.4795    0.4709       438
          13     0.5249    0.6267    0.5713      1042
          14     0.3084    0.2418    0.2710       273
          15     0.4235    0.2236    0.2927       161
          16     0.2500    0.0299    0.0533        67
          17     0.0000    0.0000    0.0000        23
          18     0.5000    0.2500    0.3333        16

    accuracy                         0.5656      7286
   macro avg     0.4933    0.4780    0.4726      7286
weighted avg     0.5570    0.5656    0.5568      7286

[[ 22   6   0   0   0   1   2   0   0   0   0   1   0   0   0   0   0   0
    0]
 [  1  24   2   1   1   0   3   0   2   0   0   2   0   0   0   0   0   0
    0]
 [  3   8  66   3  39   4   9   0   2   0   3   4   0   0   0   0   0   0
    0]
 [  0   0   1  54   5   2  11   3   5   2   1   2   0   0   0   0   0   0
    0]
 [  1   7  12  31 234  16  31   7   8   2  12  18   0   1   0   0   0   0
    0]
 [  0   0   0   1  19  80  11   8   4   4   1   9   0   2   0   0   0   0
    0]
 [  0   2   4  17  49  26 377  13  10   7  11  60   4   5   0   0   0   0
    0]
 [  1   2   1   0   7  10  30 394  14  26   2  34  10   7   3   0   0   0
    0]
 [  0   1   1   2   1   6   8  14 108  23   3  13   6   1   3   0   0   0
    0]
 [  0   0   0   3   4   2  13  35  12 786  38  66  22  22   7   0   0   0
    0]
 [  1   1   3   3   9   4  18  19   5  64 171 113  17  35   1   0   0   0
    0]
 [  0   3   3   9  13  14  90  87  21 140  97 834  83 249  18   1   0   0
    0]
 [  0   0   0   0   0   2   5  12  12  33  14  74 210  58  17   1   0   0
    0]
 [  0   0   2   0   0   2  10  13   4  32  27 203  49 653  36  11   0   0
    0]
 [  0   0   0   0   0   0   0   5   0   5   5  22  35 124  66  11   0   0
    0]
 [  0   0   0   0   0   0   0   0   0   5   1   5  10  61  41  36   2   0
    0]
 [  0   0   0   0   0   0   0   0   0   2   1   5   4  23  14  14   2   0
    2]
 [  0   0   0   0   0   0   0   0   0   0   0   1   3   3   5   5   4   0
    2]
 [  0   0   0   0   0   0   0   0   0   0   0   2   1   0   3   6   0   0
    4]]
***** test metrics *****
  test_Distance                 =     1.0753
  test_Quadratic Weighted Kappa =     0.8132
  test_accuracy                 =     0.5656
  test_accuracy_with_margin     =      0.709
  test_loss                     =     1.3217
  test_macro_f1                 =     0.4726
  test_macro_precision          =     0.4933
  test_macro_recall             =      0.478
  test_runtime                  = 0:00:05.63
  test_samples_per_second       =   1292.456
  test_steps_per_second         =     80.889
Accuracy: 56.5605
Accuracy with margin of one level: 70.9031
Average distance between labels and predictions: 1.075350
Quadratic Weighted Kappa: 81.3226
[1;34mwandb[0m: 
[1;34mwandb[0m: 🚀 View run [33mbarec_tarab_1X_55k_match_distribution_108k[0m at: [34mhttps://wandb.ai/mohamed-mahmoud-new-york-university/habibi-readability-arabertv02-confidences/runs/8bpup4q9[0m
[1;34mwandb[0m: Find logs at: [1;35mwandb/run-20260422_222223-8bpup4q9/logs[0m
