HOST: cn013
CUDA_VISIBLE_DEVICES=0
CUDA_HOME=/share/apps/NYUAD5/cuda/12.2.0
GPU 0: NVIDIA A100 80GB PCIe (UUID: GPU-e47d1e95-187a-eb7c-05a5-62fc5b840ddd)
torch 2.9.0+cu128
cuda_available True
cuda_device_count 1
torch_cuda 12.8
model: bert-base-arabertv02, levels: 19
wandb project='habibi-readability-arabertv02-confidences' group='barec_tarab_uniform_5k_per_class' run='barec_tarab_uniform_5k_per_class_77k'
Warning: The cache directory for DeepSpeed Triton autotune, /home/mom8702/.triton/autotune, appears to be on an NFS system. While this is generally acceptable, if you experience slowdowns or hanging when DeepSpeed exits, it is recommended to set the TRITON_CACHE_DIR environment variable to a non-NFS path.
{'loss': 1.0891, 'grad_norm': 4.039344310760498, 'learning_rate': 4.1673559415494904e-05, 'epoch': 1.0}
              precision    recall  f1-score   support

           0     0.4588    0.8864    0.6047        44
           1     0.3846    0.2206    0.2804        68
           2     0.5174    0.5714    0.5431       182
           3     0.2570    0.5897    0.3580        78
           4     0.5393    0.5923    0.5646       417
           5     0.3984    0.5185    0.4506       189
           6     0.4883    0.7147    0.5802       701
           7     0.5136    0.7390    0.6060       613
           8     0.5990    0.5254    0.5598       236
           9     0.6517    0.7302    0.6887      1012
          10     0.2797    0.4719    0.3512       409
          11     0.5404    0.1885    0.2795      1491
          12     0.3856    0.4298    0.4065       349
          13     0.5621    0.5830    0.5723      1072
          14     0.2899    0.0775    0.1223       258
          15     0.1429    0.0175    0.0312       114
          16     0.3621    0.4286    0.3925        49
          17     0.0000    0.0000    0.0000        13
          18     1.0000    0.0667    0.1250        15

    accuracy                         0.5005      7310
   macro avg     0.4406    0.4396    0.3956      7310
weighted avg     0.5061    0.5005    0.4750      7310

[[ 39   2   1   1   1   0   0   0   0   0   0   0   0   0   0   0   0   0
    0]
 [ 33  15   7   6   3   1   2   0   0   0   1   0   0   0   0   0   0   0
    0]
 [  2   2 104   8  28   2  30   0   1   0   4   0   1   0   0   0   0   0
    0]
 [  0   3   9  46   9   2   5   3   0   0   1   0   0   0   0   0   0   0
    0]
 [  4   6  17  33 247  20  58   9   3   0  17   1   1   1   0   0   0   0
    0]
 [  0   0   1   9  19  98  41  13   0   2   3   2   0   1   0   0   0   0
    0]
 [  0   3  16  30  37  42 501  38   9   7  14   4   0   0   0   0   0   0
    0]
 [  2   3   6  10  18  14  51 453   6  23   7   8   5   7   0   0   0   0
    0]
 [  0   0   1   2   7   9  22  40 124  21   4   2   2   1   1   0   0   0
    0]
 [  0   0   0   6   9  15  34  97  16 739  40  21  10  22   2   0   1   0
    0]
 [  3   1   6   6  13   6  49  18   9  54 193  22   9  20   0   0   0   0
    0]
 [  2   4  21  20  49  27 187 138  20 191 261 281  92 191   2   2   3   0
    0]
 [  0   0   6   1  11   4   9  22  14  40  27  42 150  21   2   0   0   0
    0]
 [  0   0   2   1   6   4  34  32   4  45 104 117  82 625   9   5   2   0
    0]
 [  0   0   3   0   1   2   3  10   1   8  13  15  21 147  20   4  10   0
    0]
 [  0   0   1   0   0   0   0   6   0   3   1   3  10  68  16   2   4   0
    0]
 [  0   0   0   0   0   0   0   1   0   0   0   1   3   7  15   1  21   0
    0]
 [  0   0   0   0   0   0   0   2   0   1   0   0   2   1   1   0   6   0
    0]
 [  0   0   0   0   0   0   0   0   0   0   0   1   1   0   1   0  11   0
    1]]
{'eval_loss': 1.5140212774276733, 'eval_macro_f1': 0.3956118706660378, 'eval_macro_precision': 0.4405610333951914, 'eval_macro_recall': 0.4395674398841118, 'eval_accuracy': 0.500547195622435, 'eval_accuracy_with_margin': 0.6644322845417237, 'eval_Distance': 1.361969904240766, 'eval_Quadratic Weighted Kappa': 0.7565717848778828, 'eval_runtime': 6.4564, 'eval_samples_per_second': 1132.206, 'eval_steps_per_second': 70.782, 'epoch': 1.0}
{'loss': 0.7115, 'grad_norm': 12.490038871765137, 'learning_rate': 3.3340226082161567e-05, 'epoch': 2.0}
              precision    recall  f1-score   support

           0     0.5672    0.8636    0.6847        44
           1     0.4516    0.6176    0.5217        68
           2     0.4639    0.6703    0.5483       182
           3     0.3729    0.5641    0.4490        78
           4     0.5935    0.5707    0.5819       417
           5     0.4545    0.5026    0.4774       189
           6     0.5420    0.7175    0.6176       701
           7     0.5724    0.7031    0.6310       613
           8     0.6038    0.5424    0.5714       236
           9     0.6702    0.7490    0.7074      1012
          10     0.3093    0.4719    0.3737       409
          11     0.5752    0.2616    0.3596      1491
          12     0.3731    0.5014    0.4279       349
          13     0.5661    0.6073    0.5860      1072
          14     0.2891    0.1434    0.1917       258
          15     0.1364    0.0263    0.0441       114
          16     0.4098    0.5102    0.4545        49
          17     0.0000    0.0000    0.0000        13
          18     1.0000    0.2000    0.3333        15

    accuracy                         0.5302      7310
   macro avg     0.4711    0.4854    0.4506      7310
weighted avg     0.5336    0.5302    0.5133      7310

[[ 38   4   0   0   2   0   0   0   0   0   0   0   0   0   0   0   0   0
    0]
 [ 17  42   6   0   1   1   0   1   0   0   0   0   0   0   0   0   0   0
    0]
 [  1  14 122   4  14   1  15   0   0   0   7   3   1   0   0   0   0   0
    0]
 [  0   2  15  44   5   1   5   5   0   0   1   0   0   0   0   0   0   0
    0]
 [  4  10  36  19 238  16  60   7   4   1  13   8   0   1   0   0   0   0
    0]
 [  1   1   3   2  22  95  43   6   1   6   4   2   1   1   0   1   0   0
    0]
 [  0   4  24  17  39  34 503  27   9  10  17  15   2   0   0   0   0   0
    0]
 [  1   5   6   6  17   9  57 431  12  21   8  25   8   6   0   0   1   0
    0]
 [  0   2   3   1   2   6  24  30 128  18   6   6  10   0   0   0   0   0
    0]
 [  0   0   0   2   4  10  22  78  24 758  45  25  23  19   2   0   0   0
    0]
 [  3   3   8   5  10   4  38  18   8  45 193  35  19  20   0   0   0   0
    0]
 [  2   6  23  16  35  27 139 105  16 175 213 390 113 215  13   1   2   0
    0]
 [  0   0   8   1   8   3   3  16   8  30  21  37 175  34   5   0   0   0
    0]
 [  0   0   5   1   3   0  19  18   2  55  87 111  81 651  33   5   1   0
    0]
 [  0   0   3   0   1   2   0   7   0   9   8  16  23 134  37   7  11   0
    0]
 [  0   0   1   0   0   0   0   1   0   2   1   4  11  62  24   3   5   0
    0]
 [  0   0   0   0   0   0   0   1   0   0   0   0   0   6  13   4  25   0
    0]
 [  0   0   0   0   0   0   0   2   0   1   0   0   1   1   1   1   6   0
    0]
 [  0   0   0   0   0   0   0   0   0   0   0   1   1   0   0   0  10   0
    3]]
{'eval_loss': 1.4630343914031982, 'eval_macro_f1': 0.4505934640327494, 'eval_macro_precision': 0.4711041048262324, 'eval_macro_recall': 0.48543298641498384, 'eval_accuracy': 0.5302325581395348, 'eval_accuracy_with_margin': 0.6920656634746922, 'eval_Distance': 1.2372093023255815, 'eval_Quadratic Weighted Kappa': 0.7851434232707448, 'eval_runtime': 6.4418, 'eval_samples_per_second': 1134.775, 'eval_steps_per_second': 70.943, 'epoch': 2.0}
{'loss': 0.523, 'grad_norm': 8.422250747680664, 'learning_rate': 2.5006892748828233e-05, 'epoch': 3.0}
              precision    recall  f1-score   support

           0     0.5909    0.8864    0.7091        44
           1     0.7119    0.6176    0.6614        68
           2     0.4615    0.7582    0.5738       182
           3     0.4167    0.5128    0.4598        78
           4     0.5476    0.6211    0.5820       417
           5     0.4747    0.5450    0.5074       189
           6     0.6327    0.6633    0.6476       701
           7     0.6172    0.6574    0.6367       613
           8     0.4751    0.6059    0.5326       236
           9     0.7294    0.7273    0.7284      1012
          10     0.3186    0.4401    0.3696       409
          11     0.5254    0.3682    0.4330      1491
          12     0.3669    0.5530    0.4411       349
          13     0.5727    0.5550    0.5637      1072
          14     0.2716    0.1705    0.2095       258
          15     0.2000    0.0351    0.0597       114
          16     0.4390    0.3673    0.4000        49
          17     0.0000    0.0000    0.0000        13
          18     1.0000    0.2667    0.4211        15

    accuracy                         0.5410      7310
   macro avg     0.4922    0.4922    0.4703      7310
weighted avg     0.5425    0.5410    0.5340      7310

[[ 39   2   2   0   1   0   0   0   0   0   0   0   0   0   0   0   0   0
    0]
 [  8  42  11   0   3   1   1   1   1   0   0   0   0   0   0   0   0   0
    0]
 [  3   2 138   3  15   0   9   1   1   0   6   2   2   0   0   0   0   0
    0]
 [  3   0  13  40   8   0   6   5   0   2   1   0   0   0   0   0   0   0
    0]
 [  5   5  35  13 259  17  45   4   7   1  19   6   0   1   0   0   0   0
    0]
 [  0   1   3   1  26 103  22   5   6   3   4  13   1   1   0   0   0   0
    0]
 [  0   1  26  12  52  34 465  28  25   9  24  24   1   0   0   0   0   0
    0]
 [  2   0  10   8  26  12  37 403  35  24  11  33   8   3   1   0   0   0
    0]
 [  0   2   3   1   1   6  13  22 143  18   7  12   7   1   0   0   0   0
    0]
 [  0   0   0   2   5  11  12  57  33 736  45  64  29  16   1   0   1   0
    0]
 [  3   0   8   4  17   6  22  10  11  31 180  66  27  24   0   0   0   0
    0]
 [  3   4  31  12  48  22  95  86  26 121 174 549 123 184  12   1   0   0
    0]
 [  0   0   9   0   6   1   1   9   8  22  17  45 193  35   3   0   0   0
    0]
 [  0   0   6   0   5   2   7  14   5  33  70 196  92 595  42   5   0   0
    0]
 [  0   0   3   0   1   2   0   6   0   7   6  26  27 123  44   6   7   0
    0]
 [  0   0   1   0   0   0   0   1   0   2   0   6  10  51  35   4   4   0
    0]
 [  0   0   0   0   0   0   0   0   0   0   1   1   4   3  19   3  18   0
    0]
 [  0   0   0   0   0   0   0   1   0   0   0   1   2   1   3   0   5   0
    0]
 [  0   0   0   0   0   0   0   0   0   0   0   1   0   1   2   1   6   0
    4]]
{'eval_loss': 1.5140118598937988, 'eval_macro_f1': 0.470338332506628, 'eval_macro_precision': 0.4921938395864928, 'eval_macro_recall': 0.492163793944023, 'eval_accuracy': 0.5410396716826266, 'eval_accuracy_with_margin': 0.6998632010943913, 'eval_Distance': 1.1923392612859096, 'eval_Quadratic Weighted Kappa': 0.7916547722740788, 'eval_runtime': 6.4272, 'eval_samples_per_second': 1137.348, 'eval_steps_per_second': 71.104, 'epoch': 3.0}
{'loss': 0.3644, 'grad_norm': 14.28339672088623, 'learning_rate': 1.66735594154949e-05, 'epoch': 4.0}
              precision    recall  f1-score   support

           0     0.6552    0.8636    0.7451        44
           1     0.5783    0.7059    0.6358        68
           2     0.4797    0.7143    0.5740       182
           3     0.3936    0.4744    0.4302        78
           4     0.5523    0.5947    0.5727       417
           5     0.4030    0.5608    0.4690       189
           6     0.6018    0.6576    0.6285       701
           7     0.5734    0.6688    0.6175       613
           8     0.3968    0.6271    0.4860       236
           9     0.7099    0.7302    0.7199      1012
          10     0.3299    0.4719    0.3883       409
          11     0.5551    0.3548    0.4329      1491
          12     0.3812    0.5100    0.4363       349
          13     0.5911    0.4935    0.5379      1072
          14     0.2881    0.1977    0.2345       258
          15     0.1803    0.0965    0.1257       114
          16     0.3774    0.4082    0.3922        49
          17     0.0000    0.0000    0.0000        13
          18     0.6667    0.2667    0.3810        15

    accuracy                         0.5308      7310
   macro avg     0.4586    0.4946    0.4635      7310
weighted avg     0.5377    0.5308    0.5249      7310

[[ 38   3   0   0   0   0   3   0   0   0   0   0   0   0   0   0   0   0
    0]
 [  7  48   7   0   3   1   0   1   1   0   0   0   0   0   0   0   0   0
    0]
 [  2   3 130   3  20   3  11   0   0   0   6   2   2   0   0   0   0   0
    0]
 [  0   3  13  37  11   1   7   3   0   2   1   0   0   0   0   0   0   0
    0]
 [  4   7  38  14 248  26  41   8  11   1  14   4   0   1   0   0   0   0
    0]
 [  0   1   2   1  18 106  29  14   4   3   2   5   1   2   0   1   0   0
    0]
 [  0   4  27  14  50  43 461  39  24  10  15  13   1   0   0   0   0   0
    0]
 [  1   4   9   7  17  16  32 410  54  22   7  21   7   6   0   0   0   0
    0]
 [  0   2   2   1   1   8  13  27 148  17   2   3  11   1   0   0   0   0
    0]
 [  0   0   0   2   7  11  11  58  44 739  52  37  35  14   1   0   1   0
    0]
 [  3   1   8   4  13  10  26  16  18  32 193  42  27  14   0   0   2   0
    0]
 [  3   7  25  11  45  30 114  94  47 143 182 529  97 141  18   5   0   0
    0]
 [  0   0   4   0   8   4   1  12  10  22  21  54 178  29   5   1   0   0
    0]
 [  0   0   3   0   7   2  17  20  10  42  81 206  77 529  58  17   3   0
    0]
 [  0   0   2   0   1   2   0   8   1   5   9  31  17 108  51  12  11   0
    0]
 [  0   0   1   0   0   0   0   1   1   3   0   4   9  45  34  11   5   0
    0]
 [  0   0   0   0   0   0   0   1   0   0   0   1   4   3   6  12  20   0
    2]
 [  0   0   0   0   0   0   0   3   0   0   0   0   1   1   3   0   5   0
    0]
 [  0   0   0   0   0   0   0   0   0   0   0   1   0   1   1   2   6   0
    4]]
{'eval_loss': 1.7221167087554932, 'eval_macro_f1': 0.4635489055076963, 'eval_macro_precision': 0.45862259867525357, 'eval_macro_recall': 0.4945650611670551, 'eval_accuracy': 0.53077975376197, 'eval_accuracy_with_margin': 0.6934336525307797, 'eval_Distance': 1.2288645690834474, 'eval_Quadratic Weighted Kappa': 0.7855515089259685, 'eval_runtime': 6.4364, 'eval_samples_per_second': 1135.725, 'eval_steps_per_second': 71.002, 'epoch': 4.0}
{'loss': 0.2425, 'grad_norm': 6.888991355895996, 'learning_rate': 8.340226082161565e-06, 'epoch': 5.0}
              precision    recall  f1-score   support

           0     0.6909    0.8636    0.7677        44
           1     0.5506    0.7206    0.6242        68
           2     0.5000    0.6758    0.5748       182
           3     0.3729    0.5641    0.4490        78
           4     0.5843    0.6235    0.6032       417
           5     0.4051    0.5873    0.4795       189
           6     0.6010    0.6705    0.6339       701
           7     0.5919    0.6884    0.6365       613
           8     0.5088    0.6102    0.5549       236
           9     0.6879    0.7579    0.7212      1012
          10     0.3172    0.4474    0.3712       409
          11     0.5425    0.3293    0.4098      1491
          12     0.3794    0.4957    0.4298       349
          13     0.5827    0.5028    0.5398      1072
          14     0.2607    0.2364    0.2480       258
          15     0.1667    0.0702    0.0988       114
          16     0.3684    0.2857    0.3218        49
          17     0.0000    0.0000    0.0000        13
          18     1.0000    0.2667    0.4211        15

    accuracy                         0.5337      7310
   macro avg     0.4795    0.4945    0.4676      7310
weighted avg     0.5367    0.5337    0.5256      7310

[[ 38   3   0   0   0   0   3   0   0   0   0   0   0   0   0   0   0   0
    0]
 [  6  49   7   0   2   1   1   1   1   0   0   0   0   0   0   0   0   0
    0]
 [  1   5 123   5  19   3  16   0   0   0   6   2   2   0   0   0   0   0
    0]
 [  0   3  11  44   6   0   6   4   0   2   1   1   0   0   0   0   0   0
    0]
 [  4   7  31  19 260  26  39   9   3   1  12   5   0   0   1   0   0   0
    0]
 [  0   1   1   3  18 111  28  11   2   3   3   5   1   2   0   0   0   0
    0]
 [  0   5  20  16  38  52 470  38  16  14  12  19   1   0   0   0   0   0
    0]
 [  1   5   9   8  18  13  36 422  26  26  12  23   6   7   1   0   0   0
    0]
 [  0   2   2   2   5  10  15  23 144  21   3   2   4   3   0   0   0   0
    0]
 [  0   0   0   2   3  13  12  58  35 767  37  38  25  17   4   0   1   0
    0]
 [  3   1   7   4  14   9  25  14  11  47 183  45  24  18   1   1   2   0
    0]
 [  2   8  22  13  48  31 111  91  27 161 200 491 106 156  18   4   2   0
    0]
 [  0   0   6   0   7   2   3  13  10  24  23  49 173  33   6   0   0   0
    0]
 [  0   0   3   2   6   3  15  17   7  41  78 194  81 539  78   6   2   0
    0]
 [  0   0   3   0   1   0   2   8   0   6   7  22  25 106  61  12   5   0
    0]
 [  0   0   1   0   0   0   0   1   1   1   0   7   7  39  47   8   2   0
    0]
 [  0   0   0   0   0   0   0   1   0   0   0   1   0   3  13  14  14   3
    0]
 [  0   0   0   0   0   0   0   2   0   1   0   0   1   1   3   1   4   0
    0]
 [  0   0   0   0   0   0   0   0   0   0   0   1   0   1   1   2   6   0
    4]]
{'eval_loss': 1.9316158294677734, 'eval_macro_f1': 0.46763783527675223, 'eval_macro_precision': 0.47952133512749057, 'eval_macro_recall': 0.49453421544193227, 'eval_accuracy': 0.5336525307797537, 'eval_accuracy_with_margin': 0.7017783857729138, 'eval_Distance': 1.213953488372093, 'eval_Quadratic Weighted Kappa': 0.7872161282195629, 'eval_runtime': 6.4325, 'eval_samples_per_second': 1136.418, 'eval_steps_per_second': 71.046, 'epoch': 5.0}
{'loss': 0.1641, 'grad_norm': 8.592607498168945, 'learning_rate': 6.8927488282326994e-09, 'epoch': 6.0}
              precision    recall  f1-score   support

           0     0.7037    0.8636    0.7755        44
           1     0.5843    0.7647    0.6624        68
           2     0.4701    0.6923    0.5600       182
           3     0.3761    0.5256    0.4385        78
           4     0.5826    0.6091    0.5955       417
           5     0.4459    0.5238    0.4818       189
           6     0.6000    0.6933    0.6433       701
           7     0.6099    0.6656    0.6365       613
           8     0.5170    0.5805    0.5469       236
           9     0.7070    0.7441    0.7251      1012
          10     0.2838    0.4768    0.3558       409
          11     0.5369    0.3467    0.4214      1491
          12     0.3820    0.5100    0.4368       349
          13     0.5812    0.4776    0.5243      1072
          14     0.2667    0.2481    0.2570       258
          15     0.1667    0.0614    0.0897       114
          16     0.3590    0.2857    0.3182        49
          17     0.0000    0.0000    0.0000        13
          18     0.6000    0.2000    0.3000        15

    accuracy                         0.5313      7310
   macro avg     0.4617    0.4878    0.4615      7310
weighted avg     0.5379    0.5313    0.5258      7310

[[ 38   4   1   0   0   0   1   0   0   0   0   0   0   0   0   0   0   0
    0]
 [  5  52   6   0   2   1   0   1   1   0   0   0   0   0   0   0   0   0
    0]
 [  1   4 126   5  19   0  16   0   0   0   7   2   2   0   0   0   0   0
    0]
 [  0   3  12  41   8   0   5   4   0   2   1   2   0   0   0   0   0   0
    0]
 [  4   7  38  18 254  18  45   6   4   1  12   9   0   0   1   0   0   0
    0]
 [  0   1   2   2  20  99  32  14   2   4   4   6   1   2   0   0   0   0
    0]
 [  0   5  22  15  37  40 486  33  14  10  16  22   1   0   0   0   0   0
    0]
 [  1   5  10   7  16  13  41 408  25  31  17  26   7   5   1   0   0   0
    0]
 [  0   1   3   1   4   9  17  22 137  17  11   5   6   3   0   0   0   0
    0]
 [  0   0   0   3   4  11  15  50  32 753  56  40  27  18   2   0   1   0
    0]
 [  3   1   7   4  16   7  27  10   9  37 195  49  25  16   0   1   2   0
    0]
 [  2   6  27  13  44  21 108  85  25 143 223 517 103 150  19   4   1   0
    0]
 [  0   0   7   0   6   2   3  10  10  19  26  50 178  32   6   0   0   0
    0]
 [  0   0   3   0   6   1  12  15   6  40 106 203  82 512  79   5   2   0
    0]
 [  0   0   3   0   0   0   2   8   0   5  11  24  24 101  64  10   6   0
    0]
 [  0   0   1   0   0   0   0   1   0   2   2   6   7  36  50   7   2   0
    0]
 [  0   0   0   0   0   0   0   1   0   0   0   1   2   3  14  12  14   0
    2]
 [  0   0   0   0   0   0   0   1   0   1   0   0   1   2   3   1   4   0
    0]
 [  0   0   0   0   0   0   0   0   0   0   0   1   0   1   1   2   7   0
    3]]
{'eval_loss': 2.0750298500061035, 'eval_macro_f1': 0.46151504842998625, 'eval_macro_precision': 0.4617273419527205, 'eval_macro_recall': 0.48784249469534435, 'eval_accuracy': 0.531326949384405, 'eval_accuracy_with_margin': 0.6998632010943913, 'eval_Distance': 1.2103967168262655, 'eval_Quadratic Weighted Kappa': 0.7894367374326472, 'eval_runtime': 6.4252, 'eval_samples_per_second': 1137.71, 'eval_steps_per_second': 71.126, 'epoch': 6.0}
{'train_runtime': 1168.8544, 'train_samples_per_second': 397.03, 'train_steps_per_second': 6.206, 'train_loss': 0.5157447585659906, 'epoch': 6.0}
              precision    recall  f1-score   support

           0     0.5672    0.8636    0.6847        44
           1     0.4516    0.6176    0.5217        68
           2     0.4639    0.6703    0.5483       182
           3     0.3729    0.5641    0.4490        78
           4     0.5935    0.5707    0.5819       417
           5     0.4545    0.5026    0.4774       189
           6     0.5420    0.7175    0.6176       701
           7     0.5724    0.7031    0.6310       613
           8     0.6038    0.5424    0.5714       236
           9     0.6702    0.7490    0.7074      1012
          10     0.3093    0.4719    0.3737       409
          11     0.5752    0.2616    0.3596      1491
          12     0.3731    0.5014    0.4279       349
          13     0.5661    0.6073    0.5860      1072
          14     0.2891    0.1434    0.1917       258
          15     0.1364    0.0263    0.0441       114
          16     0.4098    0.5102    0.4545        49
          17     0.0000    0.0000    0.0000        13
          18     1.0000    0.2000    0.3333        15

    accuracy                         0.5302      7310
   macro avg     0.4711    0.4854    0.4506      7310
weighted avg     0.5336    0.5302    0.5133      7310

[[ 38   4   0   0   2   0   0   0   0   0   0   0   0   0   0   0   0   0
    0]
 [ 17  42   6   0   1   1   0   1   0   0   0   0   0   0   0   0   0   0
    0]
 [  1  14 122   4  14   1  15   0   0   0   7   3   1   0   0   0   0   0
    0]
 [  0   2  15  44   5   1   5   5   0   0   1   0   0   0   0   0   0   0
    0]
 [  4  10  36  19 238  16  60   7   4   1  13   8   0   1   0   0   0   0
    0]
 [  1   1   3   2  22  95  43   6   1   6   4   2   1   1   0   1   0   0
    0]
 [  0   4  24  17  39  34 503  27   9  10  17  15   2   0   0   0   0   0
    0]
 [  1   5   6   6  17   9  57 431  12  21   8  25   8   6   0   0   1   0
    0]
 [  0   2   3   1   2   6  24  30 128  18   6   6  10   0   0   0   0   0
    0]
 [  0   0   0   2   4  10  22  78  24 758  45  25  23  19   2   0   0   0
    0]
 [  3   3   8   5  10   4  38  18   8  45 193  35  19  20   0   0   0   0
    0]
 [  2   6  23  16  35  27 139 105  16 175 213 390 113 215  13   1   2   0
    0]
 [  0   0   8   1   8   3   3  16   8  30  21  37 175  34   5   0   0   0
    0]
 [  0   0   5   1   3   0  19  18   2  55  87 111  81 651  33   5   1   0
    0]
 [  0   0   3   0   1   2   0   7   0   9   8  16  23 134  37   7  11   0
    0]
 [  0   0   1   0   0   0   0   1   0   2   1   4  11  62  24   3   5   0
    0]
 [  0   0   0   0   0   0   0   1   0   0   0   0   0   6  13   4  25   0
    0]
 [  0   0   0   0   0   0   0   2   0   1   0   0   1   1   1   1   6   0
    0]
 [  0   0   0   0   0   0   0   0   0   0   0   1   1   0   0   0  10   0
    3]]
***** eval metrics *****
  eval_Distance                 =     1.2372
  eval_Quadratic Weighted Kappa =     0.7851
  eval_accuracy                 =     0.5302
  eval_accuracy_with_margin     =     0.6921
  eval_loss                     =      1.463
  eval_macro_f1                 =     0.4506
  eval_macro_precision          =     0.4711
  eval_macro_recall             =     0.4854
  eval_runtime                  = 0:00:06.42
  eval_samples_per_second       =   1136.971
  eval_steps_per_second         =      71.08
Accuracy: 53.0233
Accuracy with margin of one level: 69.2066
Average distance between labels and predictions: 1.237209
Quadratic Weighted Kappa: 78.5143
              precision    recall  f1-score   support

           0     0.6905    0.9062    0.7838        32
           1     0.3514    0.7222    0.4727        36
           2     0.5970    0.5674    0.5818       141
           3     0.4720    0.6860    0.5592        86
           4     0.5664    0.5947    0.5802       380
           5     0.5426    0.5036    0.5224       139
           6     0.5088    0.7436    0.6042       585
           7     0.5550    0.7652    0.6434       541
           8     0.5023    0.5632    0.5310       190
           9     0.6706    0.7356    0.7016      1010
          10     0.3415    0.4806    0.3993       464
          11     0.6162    0.2792    0.3843      1662
          12     0.4129    0.5685    0.4784       438
          13     0.5242    0.5720    0.5470      1042
          14     0.3094    0.2051    0.2467       273
          15     0.4754    0.1801    0.2613       161
          16     0.2388    0.2388    0.2388        67
          17     0.0000    0.0000    0.0000        23
          18     0.6667    0.2500    0.3636        16

    accuracy                         0.5251      7286
   macro avg     0.4759    0.5033    0.4684      7286
weighted avg     0.5378    0.5251    0.5093      7286

[[ 29   2   0   0   0   0   1   0   0   0   0   0   0   0   0   0   0   0
    0]
 [  4  26   3   0   1   1   0   0   1   0   0   0   0   0   0   0   0   0
    0]
 [  2   8  80   2  34   0   9   3   1   0   1   1   0   0   0   0   0   0
    0]
 [  0   3   1  59  11   1   9   1   1   0   0   0   0   0   0   0   0   0
    0]
 [  1   9  21  18 226  16  64   9   5   1   9   1   0   0   0   0   0   0
    0]
 [  0   0   0   3  21  70  28   7   1   1   1   5   0   2   0   0   0   0
    0]
 [  0   8   8  15  41  10 435  23   4   3  10  21   4   2   1   0   0   0
    0]
 [  3   1   1   2   9   6  42 414  10  24   3   8  11   4   2   0   1   0
    0]
 [  1   1   2   1   0   7  10  20 107  21   5   4   9   1   0   0   1   0
    0]
 [  0   0   0   3   9   3  28  72  38 743  48  18  20  22   6   0   0   0
    0]
 [  1   4   6   5  11   1  37  21   3  64 223  40  18  28   2   0   0   0
    0]
 [  1   9   9  16  31  11 159 132  30 166 241 464 136 242  13   1   1   0
    0]
 [  0   1   1   0   2   1   8  17   9  34  24  37 249  40  12   1   2   0
    0]
 [  0   2   2   0   3   1  24  21   3  35  77 141  92 596  35  10   0   0
    0]
 [  0   0   0   1   0   1   1   5   0   7   8  10  41 121  56  11  11   0
    0]
 [  0   0   0   0   0   0   0   0   0   5   1   2  15  51  41  29  17   0
    0]
 [  0   0   0   0   0   0   0   0   0   2   2   0   5  21  11   9  16   0
    1]
 [  0   0   0   0   0   0   0   0   0   0   0   1   2   6   1   0  12   0
    1]
 [  0   0   0   0   0   0   0   1   0   2   0   0   1   1   1   0   6   0
    4]]
***** test metrics *****
  test_Distance                 =     1.1975
  test_Quadratic Weighted Kappa =     0.7917
  test_accuracy                 =     0.5251
  test_accuracy_with_margin     =      0.693
  test_loss                     =     1.4353
  test_macro_f1                 =     0.4684
  test_macro_precision          =     0.4759
  test_macro_recall             =     0.5033
  test_runtime                  = 0:00:06.52
  test_samples_per_second       =   1116.551
  test_steps_per_second         =      69.88
Accuracy: 52.5117
Accuracy with margin of one level: 69.2973
Average distance between labels and predictions: 1.197502
Quadratic Weighted Kappa: 79.1731
[1;34mwandb[0m: 
[1;34mwandb[0m: 🚀 View run [33mbarec_tarab_uniform_5k_per_class_77k[0m at: [34mhttps://wandb.ai/mohamed-mahmoud-new-york-university/habibi-readability-arabertv02-confidences/runs/9v6jvm8h[0m
[1;34mwandb[0m: Find logs at: [1;35mwandb/run-20260423_180727-9v6jvm8h/logs[0m
