HOST: cn263
CUDA_VISIBLE_DEVICES=0
CUDA_HOME=/share/apps/NYUAD5/cuda/12.2.0
GPU 0: NVIDIA A100-SXM4-80GB (UUID: GPU-2d617623-cd25-f855-6e3f-44285e18da44)
torch 2.9.0+cu128
cuda_available True
cuda_device_count 1
torch_cuda 12.8
model: bert-base-arabertv02, levels: 19
wandb project='habibi-readability-arabertv02-confidences' group='baseline' run='arabertv02_baseline'
Warning: The cache directory for DeepSpeed Triton autotune, /home/mom8702/.triton/autotune, appears to be on an NFS system. While this is generally acceptable, if you experience slowdowns or hanging when DeepSpeed exits, it is recommended to set the TRITON_CACHE_DIR environment variable to a non-NFS path.
{'loss': 1.5696, 'grad_norm': 4.992194175720215, 'learning_rate': 4.167639050952937e-05, 'epoch': 1.0}
              precision    recall  f1-score   support

           0     0.7143    0.9091    0.8000        44
           1     0.5778    0.3824    0.4602        68
           2     0.4297    0.6044    0.5023       182
           3     0.3684    0.4487    0.4046        78
           4     0.5243    0.5683    0.5455       417
           5     0.5105    0.3862    0.4398       189
           6     0.5824    0.6405    0.6101       701
           7     0.6716    0.6639    0.6678       613
           8     0.6359    0.5254    0.5754       236
           9     0.5996    0.8538    0.7044      1012
          10     0.4137    0.2518    0.3131       409
          11     0.5145    0.4058    0.4537      1491
          12     0.4659    0.3524    0.4013       349
          13     0.5314    0.6866    0.5991      1072
          14     0.3089    0.1473    0.1995       258
          15     0.5000    0.0088    0.0172       114
          16     0.3529    0.3673    0.3600        49
          17     0.0000    0.0000    0.0000        13
          18     0.0000    0.0000    0.0000        15

    accuracy                         0.5457      7310
   macro avg     0.4580    0.4317    0.4239      7310
weighted avg     0.5324    0.5457    0.5258      7310

[[ 40   3   1   0   0   0   0   0   0   0   0   0   0   0   0   0   0   0
    0]
 [  6  26  29   0   5   0   1   1   0   0   0   0   0   0   0   0   0   0
    0]
 [  2   4 110   3  37   0  10   0   1   0   5   9   0   1   0   0   0   0
    0]
 [  1   1  10  35  11   1   5   5   1   2   1   5   0   0   0   0   0   0
    0]
 [  4   7  33  18 237  12  58   9   7   1  13  17   0   1   0   0   0   0
    0]
 [  0   0   3   1  24  73  45   3   3  10   1  24   1   1   0   0   0   0
    0]
 [  0   1  28  17  51  29 449  34  16  15   8  47   0   6   0   0   0   0
    0]
 [  2   0   7   2  18   4  38 407  13  64   2  41   3  11   1   0   0   0
    0]
 [  1   0   0   2   1   3  11  21 124  42   3  16  11   1   0   0   0   0
    0]
 [  0   0   0   2   4   4  16  28   9 864   9  29  18  28   1   0   0   0
    0]
 [  0   3   6   3  16   1  28   6  10  78 103 100  19  35   1   0   0   0
    0]
 [  0   0  22  12  38  12  89  61   7 247  81 605  43 261  13   0   0   0
    0]
 [  0   0   5   0   6   2   7  11   2  44   8  67 123  69   5   0   0   0
    0]
 [  0   0   1   0   2   0  13  13   2  61  14 181  30 736  19   0   0   0
    0]
 [  0   0   1   0   2   2   1   6   0   9   1  28  10 150  38   1   9   0
    0]
 [  0   0   0   0   0   0   0   0   0   3   0   6   3  74  21   1   6   0
    0]
 [  0   0   0   0   0   0   0   0   0   0   0   1   1   9  20   0  18   0
    0]
 [  0   0   0   0   0   0   0   1   0   1   0   0   1   1   3   0   6   0
    0]
 [  0   0   0   0   0   0   0   0   0   0   0   0   1   1   1   0  12   0
    0]]
{'eval_loss': 1.3268718719482422, 'eval_macro_f1': 0.42388692798613, 'eval_macro_precision': 0.4579878067890261, 'eval_macro_recall': 0.4317261157397915, 'eval_accuracy': 0.5456908344733242, 'eval_accuracy_with_margin': 0.6867305061559508, 'eval_Distance': 1.1733242134062927, 'eval_Quadratic Weighted Kappa': 0.7985466495540519, 'eval_runtime': 5.4849, 'eval_samples_per_second': 1332.751, 'eval_steps_per_second': 83.32, 'epoch': 1.0}
{'loss': 1.123, 'grad_norm': 5.48817777633667, 'learning_rate': 3.334305717619604e-05, 'epoch': 2.0}
              precision    recall  f1-score   support

           0     0.8043    0.8409    0.8222        44
           1     0.7049    0.6324    0.6667        68
           2     0.5000    0.6374    0.5604       182
           3     0.5000    0.4615    0.4800        78
           4     0.6216    0.5516    0.5845       417
           5     0.4459    0.5450    0.4905       189
           6     0.5511    0.6847    0.6107       701
           7     0.6388    0.6868    0.6619       613
           8     0.5560    0.5890    0.5720       236
           9     0.6538    0.8399    0.7353      1012
          10     0.3320    0.4059    0.3652       409
          11     0.5637    0.3769    0.4518      1491
          12     0.4382    0.4470    0.4426       349
          13     0.5741    0.5784    0.5762      1072
          14     0.2857    0.2171    0.2467       258
          15     0.1351    0.0439    0.0662       114
          16     0.3158    0.1224    0.1765        49
          17     0.0000    0.0000    0.0000        13
          18     0.3030    0.6667    0.4167        15

    accuracy                         0.5521      7310
   macro avg     0.4697    0.4909    0.4698      7310
weighted avg     0.5446    0.5521    0.5406      7310

[[ 37   3   0   1   1   0   2   0   0   0   0   0   0   0   0   0   0   0
    0]
 [  3  43   8   3   3   3   4   1   0   0   0   0   0   0   0   0   0   0
    0]
 [  0   5 116   4  17   3  21   1   1   0  11   1   1   1   0   0   0   0
    0]
 [  0   1  10  36   9   3  10   5   0   2   1   1   0   0   0   0   0   0
    0]
 [  1   7  26  11 230  23  77   7   3   2  25   4   0   1   0   0   0   0
    0]
 [  0   0   2   0  14 103  38   7   4   5   2  10   1   3   0   0   0   0
    0]
 [  0   0  18   5  33  36 480  52  23  14  18  22   0   0   0   0   0   0
    0]
 [  1   1   7   3  13  10  35 421  31  44   6  33   2   6   0   0   0   0
    0]
 [  0   1   3   1   1   8   9  17 139  34   7   8   7   1   0   0   0   0
    0]
 [  0   0   0   1   5   5  12  24  12 850  39  23  25  15   1   0   0   0
    0]
 [  3   0   4   1  12   4  38  14   9  49 166  64  19  25   1   0   0   0
    0]
 [  1   0  26   6  25  25 122  78  18 198 158 562  64 193  12   3   0   0
    0]
 [  0   0   6   0   6   3   7  13   6  35  16  57 156  40   4   0   0   0
    0]
 [  0   0   4   0   1   2  14  12   4  54  48 181  59 620  61  12   0   0
    0]
 [  0   0   1   0   0   3   2   5   0   9   3  27  10 122  56  10   6   0
    4]
 [  0   0   1   0   0   0   0   1   0   3   0   3  10  46  41   5   1   0
    3]
 [  0   0   0   0   0   0   0   0   0   0   0   1   1   5  17   7   6   0
   12]
 [  0   0   0   0   0   0   0   1   0   1   0   0   0   1   3   0   3   0
    4]
 [  0   0   0   0   0   0   0   0   0   0   0   0   1   1   0   0   3   0
   10]]
{'eval_loss': 1.316412091255188, 'eval_macro_f1': 0.46979061957075163, 'eval_macro_precision': 0.4696944794791161, 'eval_macro_recall': 0.4909103786988263, 'eval_accuracy': 0.5521203830369357, 'eval_accuracy_with_margin': 0.7058823529411765, 'eval_Distance': 1.1432284541723665, 'eval_Quadratic Weighted Kappa': 0.8023399444222151, 'eval_runtime': 5.4708, 'eval_samples_per_second': 1336.191, 'eval_steps_per_second': 83.535, 'epoch': 2.0}
{'loss': 0.8474, 'grad_norm': 6.32837438583374, 'learning_rate': 2.5009723842862697e-05, 'epoch': 3.0}
              precision    recall  f1-score   support

           0     0.8372    0.8182    0.8276        44
           1     0.5000    0.3676    0.4237        68
           2     0.5442    0.6429    0.5894       182
           3     0.4474    0.4359    0.4416        78
           4     0.5385    0.6379    0.5840       417
           5     0.5000    0.5238    0.5116       189
           6     0.6577    0.6633    0.6605       701
           7     0.6755    0.6656    0.6705       613
           8     0.5709    0.6144    0.5918       236
           9     0.6716    0.8083    0.7336      1012
          10     0.4103    0.3692    0.3887       409
          11     0.5211    0.4728    0.4958      1491
          12     0.4558    0.4585    0.4571       349
          13     0.5776    0.6315    0.6034      1072
          14     0.3581    0.2054    0.2611       258
          15     0.1765    0.0263    0.0458       114
          16     0.3810    0.3265    0.3516        49
          17     0.0000    0.0000    0.0000        13
          18     0.0000    0.0000    0.0000        15

    accuracy                         0.5715      7310
   macro avg     0.4644    0.4562    0.4546      7310
weighted avg     0.5564    0.5715    0.5606      7310

[[ 36   6   0   1   1   0   0   0   0   0   0   0   0   0   0   0   0   0
    0]
 [  2  25   7   2   3   1   0   1   1   0   0  26   0   0   0   0   0   0
    0]
 [  0   4 117   4  28   2  10   0   0   0  10   6   1   0   0   0   0   0
    0]
 [  0   2   9  34  16   1   5   5   0   3   1   2   0   0   0   0   0   0
    0]
 [  3   5  19  12 266  20  39   6   5   3  16  20   0   3   0   0   0   0
    0]
 [  0   0   2   0  23  99  24   5   6  11   2  14   1   2   0   0   0   0
    0]
 [  0   2  18   7  58  32 465  34  23  16  10  35   0   1   0   0   0   0
    0]
 [  1   1   8   4  24   8  26 408  22  43   3  56   3   6   0   0   0   0
    0]
 [  0   2   2   0   2   6   7  16 145  24   5  18   7   2   0   0   0   0
    0]
 [  0   0   0   0   5   4  10  29  23 818  21  62  22  18   0   0   0   0
    0]
 [  0   3   4   3  16   4  25  12   9  55 151  91  17  18   1   0   0   0
    0]
 [  1   0  16   9  43  18  84  62  13 159 100 705  70 200  11   0   0   0
    0]
 [  0   0   6   0   8   2   3   9   5  27  10  70 160  47   2   0   0   0
    0]
 [  0   0   4   0   1   1   9  13   1  46  36 206  47 677  30   1   0   0
    0]
 [  0   0   2   0   0   0   0   3   1   8   3  34  13 129  53   8   4   0
    0]
 [  0   0   1   0   0   0   0   0   0   4   0   6   8  59  28   3   5   0
    0]
 [  0   0   0   0   0   0   0   0   0   0   0   1   1   8  18   5  16   0
    0]
 [  0   0   0   0   0   0   0   1   0   1   0   0   1   1   4   0   5   0
    0]
 [  0   0   0   0   0   0   0   0   0   0   0   1   0   1   1   0  12   0
    0]]
{'eval_loss': 1.3564133644104004, 'eval_macro_f1': 0.4546260823738677, 'eval_macro_precision': 0.4643840270900789, 'eval_macro_recall': 0.4562206609238098, 'eval_accuracy': 0.5715458276333789, 'eval_accuracy_with_margin': 0.7103967168262654, 'eval_Distance': 1.1326949384404925, 'eval_Quadratic Weighted Kappa': 0.7897562810723076, 'eval_runtime': 5.4685, 'eval_samples_per_second': 1336.74, 'eval_steps_per_second': 83.569, 'epoch': 3.0}
{'loss': 0.6054, 'grad_norm': 7.841879367828369, 'learning_rate': 1.6676390509529367e-05, 'epoch': 4.0}
              precision    recall  f1-score   support

           0     0.7778    0.7955    0.7865        44
           1     0.5000    0.3382    0.4035        68
           2     0.5678    0.6209    0.5932       182
           3     0.4861    0.4487    0.4667        78
           4     0.5626    0.6139    0.5872       417
           5     0.4778    0.5132    0.4949       189
           6     0.6352    0.6534    0.6442       701
           7     0.6581    0.6721    0.6651       613
           8     0.5613    0.6017    0.5808       236
           9     0.7374    0.7352    0.7363      1012
          10     0.3217    0.4059    0.3589       409
          11     0.5050    0.4762    0.4902      1491
          12     0.5058    0.3725    0.4290       349
          13     0.5571    0.6735    0.6098      1072
          14     0.3609    0.1860    0.2455       258
          15     0.2000    0.0526    0.0833       114
          16     0.3947    0.3061    0.3448        49
          17     0.0000    0.0000    0.0000        13
          18     0.4000    0.1333    0.2000        15

    accuracy                         0.5628      7310
   macro avg     0.4847    0.4526    0.4589      7310
weighted avg     0.5556    0.5628    0.5554      7310

[[ 35   6   0   1   1   0   1   0   0   0   0   0   0   0   0   0   0   0
    0]
 [  5  23   5   1   4   1   1   1   0   0   0  27   0   0   0   0   0   0
    0]
 [  1   2 113   5  24   3  12   0   0   0  11  10   1   0   0   0   0   0
    0]
 [  0   3   8  35  15   0   8   4   0   1   1   3   0   0   0   0   0   0
    0]
 [  2   7  19   9 256  18  46   7   6   2  22  21   0   2   0   0   0   0
    0]
 [  0   0   0   0  19  97  29   7   4   7   6  17   0   3   0   0   0   0
    0]
 [  0   1  12   8  48  30 458  44  18  11  24  45   1   1   0   0   0   0
    0]
 [  1   1   7   3  21   7  31 412  28  34  11  46   3   8   0   0   0   0
    0]
 [  0   0   3   0   3   6   7  21 142  20   9  17   6   2   0   0   0   0
    0]
 [  0   0   0   1   4   9  14  34  19 744  56  92  14  24   1   0   0   0
    0]
 [  0   3   5   2  13   6  23  10   8  26 166 104  14  28   1   0   0   0
    0]
 [  1   0  15   7  40  23  79  62  14 112 139 710  45 233   9   2   0   0
    0]
 [  0   0   6   0   6   2   4  10   9  22  13  80 130  63   4   0   0   0
    0]
 [  0   0   4   0   1   1   7  11   4  19  50 193  31 722  26   3   0   0
    0]
 [  0   0   2   0   0   0   1   3   1   7   6  30   7 138  48  10   4   0
    1]
 [  0   0   0   0   0   0   0   0   0   3   2   6   4  63  26   6   3   0
    1]
 [  0   0   0   0   0   0   0   0   0   0   0   3   1   7  15   7  15   0
    1]
 [  0   0   0   0   0   0   0   0   0   1   0   1   0   1   3   1   6   0
    0]
 [  0   0   0   0   0   0   0   0   0   0   0   1   0   1   0   1  10   0
    2]]
{'eval_loss': 1.5475316047668457, 'eval_macro_f1': 0.4589363433420231, 'eval_macro_precision': 0.4847084658093106, 'eval_macro_recall': 0.4525760765060506, 'eval_accuracy': 0.5627906976744186, 'eval_accuracy_with_margin': 0.7097127222982216, 'eval_Distance': 1.148016415868673, 'eval_Quadratic Weighted Kappa': 0.7871742015873602, 'eval_runtime': 5.4669, 'eval_samples_per_second': 1337.148, 'eval_steps_per_second': 83.595, 'epoch': 4.0}
{'loss': 0.4195, 'grad_norm': 6.393943786621094, 'learning_rate': 8.343057176196033e-06, 'epoch': 5.0}
              precision    recall  f1-score   support

           0     0.8182    0.8182    0.8182        44
           1     0.5000    0.3971    0.4426        68
           2     0.5610    0.6319    0.5943       182
           3     0.4286    0.5000    0.4615        78
           4     0.5695    0.6091    0.5886       417
           5     0.4921    0.4974    0.4947       189
           6     0.6005    0.7033    0.6478       701
           7     0.6590    0.6558    0.6574       613
           8     0.5402    0.5975    0.5674       236
           9     0.6858    0.7658    0.7236      1012
          10     0.3459    0.4499    0.3911       409
          11     0.5177    0.4708    0.4932      1491
          12     0.4135    0.4384    0.4256       349
          13     0.5808    0.5261    0.5521      1072
          14     0.2704    0.1667    0.2062       258
          15     0.1190    0.0439    0.0641       114
          16     0.4286    0.1837    0.2571        49
          17     0.0000    0.0000    0.0000        13
          18     0.5000    0.2000    0.2857        15

    accuracy                         0.5525      7310
   macro avg     0.4753    0.4555    0.4564      7310
weighted avg     0.5437    0.5525    0.5452      7310

[[ 36   6   0   1   1   0   0   0   0   0   0   0   0   0   0   0   0   0
    0]
 [  3  27   6   2   2   0   1   1   0   0   0  26   0   0   0   0   0   0
    0]
 [  1   3 115   6  26   1  14   0   0   0  12   2   2   0   0   0   0   0
    0]
 [  0   3   9  39   9   0   9   4   1   1   2   1   0   0   0   0   0   0
    0]
 [  2   7  17  16 254  17  54   5   4   3  23  13   0   2   0   0   0   0
    0]
 [  0   0   1   0  20  94  35   6   5   9   6   9   0   3   1   0   0   0
    0]
 [  0   1  12   7  49  28 493  28  19  18  18  27   1   0   0   0   0   0
    0]
 [  1   2   8   5  18   8  43 402  31  34  10  42   4   5   0   0   0   0
    0]
 [  0   1   2   0   6   6  15  17 141  21   7  14   4   2   0   0   0   0
    0]
 [  0   0   0   2   4   6  15  41  27 775  40  65  22  15   0   0   0   0
    0]
 [  0   4   5   2  13   5  30  10   7  38 184  80  17  14   0   0   0   0
    0]
 [  1   0  18  11  38  20  94  67  13 151 142 702  67 152  14   1   0   0
    0]
 [  0   0   6   0   4   5   6  11   9  28  16  69 153  39   3   0   0   0
    0]
 [  0   0   4   0   2   1  10  11   3  41  63 254  65 564  46   7   1   0
    0]
 [  0   0   2   0   0   0   2   4   1   8   7  38  24 116  43  11   1   0
    1]
 [  0   0   0   0   0   0   0   1   0   2   2   9   8  51  32   5   3   0
    1]
 [  0   0   0   0   0   0   0   1   0   0   0   4   2   6  16  10   9   0
    1]
 [  0   0   0   0   0   0   0   1   0   1   0   0   1   1   4   2   3   0
    0]
 [  0   0   0   0   0   0   0   0   0   0   0   1   0   1   0   6   4   0
    3]]
{'eval_loss': 1.7549982070922852, 'eval_macro_f1': 0.4563914462455476, 'eval_macro_precision': 0.47531249771727674, 'eval_macro_recall': 0.4555438634988282, 'eval_accuracy': 0.552530779753762, 'eval_accuracy_with_margin': 0.70109439124487, 'eval_Distance': 1.17140902872777, 'eval_Quadratic Weighted Kappa': 0.7829132444613974, 'eval_runtime': 5.467, 'eval_samples_per_second': 1337.118, 'eval_steps_per_second': 83.593, 'epoch': 5.0}
{'loss': 0.301, 'grad_norm': 7.243473529815674, 'learning_rate': 9.723842862699339e-09, 'epoch': 6.0}
              precision    recall  f1-score   support

           0     0.8000    0.8182    0.8090        44
           1     0.5306    0.3824    0.4444        68
           2     0.5750    0.6319    0.6021       182
           3     0.4471    0.4872    0.4663        78
           4     0.5702    0.6235    0.5956       417
           5     0.4783    0.5238    0.5000       189
           6     0.6125    0.6876    0.6478       701
           7     0.6728    0.6509    0.6617       613
           8     0.5451    0.6144    0.5777       236
           9     0.6977    0.7638    0.7292      1012
          10     0.3633    0.4254    0.3919       409
          11     0.5053    0.4829    0.4938      1491
          12     0.4162    0.3983    0.4070       349
          13     0.5730    0.5420    0.5570      1072
          14     0.3010    0.2287    0.2599       258
          15     0.1724    0.0439    0.0699       114
          16     0.4194    0.2653    0.3250        49
          17     0.0000    0.0000    0.0000        13
          18     0.5000    0.2000    0.2857        15

    accuracy                         0.5564      7310
   macro avg     0.4831    0.4616    0.4644      7310
weighted avg     0.5475    0.5564    0.5499      7310

[[ 36   5   0   1   1   0   1   0   0   0   0   0   0   0   0   0   0   0
    0]
 [  4  26   5   1   4   0   1   1   0   0   0  26   0   0   0   0   0   0
    0]
 [  1   3 115   5  25   1  13   0   1   0  11   6   1   0   0   0   0   0
    0]
 [  0   4   9  38  10   0   8   3   1   1   2   2   0   0   0   0   0   0
    0]
 [  2   7  16  15 260  17  45   5   6   2  21  20   0   1   0   0   0   0
    0]
 [  0   0   0   0  19  99  30   6   5   9   6  11   0   3   1   0   0   0
    0]
 [  0   1  11   7  56  31 482  29  20  17  13  32   1   1   0   0   0   0
    0]
 [  1   1   8   6  19   8  41 399  32  38   9  43   3   5   0   0   0   0
    0]
 [  0   1   2   0   4   7  10  18 145  22   7  13   5   2   0   0   0   0
    0]
 [  0   0   0   1   4   9  17  35  25 773  37  78  16  17   0   0   0   0
    0]
 [  0   1   5   2  12   9  32   9   7  37 174  82  19  19   1   0   0   0
    0]
 [  1   0  18   9  36  21  91  63  12 144 126 720  65 164  21   0   0   0
    0]
 [  0   0   6   0   5   4   5  11   8  24  13  78 139  52   4   0   0   0
    0]
 [  0   0   3   0   1   1  10  10   3  32  53 260  56 581  59   2   1   0
    0]
 [  0   0   2   0   0   0   1   4   1   6   5  39  18 113  59   8   1   0
    1]
 [  0   0   0   0   0   0   0   0   0   2   2  10   7  49  34   5   4   0
    1]
 [  0   0   0   0   0   0   0   0   0   0   0   4   2   5  15   9  13   0
    1]
 [  0   0   0   0   0   0   0   0   0   1   0   0   2   1   2   4   3   0
    0]
 [  0   0   0   0   0   0   0   0   0   0   0   1   0   1   0   1   9   0
    3]]
{'eval_loss': 1.8544590473175049, 'eval_macro_f1': 0.4644346285758938, 'eval_macro_precision': 0.4831384634624571, 'eval_macro_recall': 0.4615816774539171, 'eval_accuracy': 0.5563611491108071, 'eval_accuracy_with_margin': 0.7045143638850889, 'eval_Distance': 1.1540355677154583, 'eval_Quadratic Weighted Kappa': 0.7885987210986345, 'eval_runtime': 5.4725, 'eval_samples_per_second': 1335.77, 'eval_steps_per_second': 83.508, 'epoch': 6.0}
{'train_runtime': 874.1186, 'train_samples_per_second': 376.459, 'train_steps_per_second': 5.882, 'train_loss': 0.8110165204671699, 'epoch': 6.0}
              precision    recall  f1-score   support

           0     0.8043    0.8409    0.8222        44
           1     0.7049    0.6324    0.6667        68
           2     0.5000    0.6374    0.5604       182
           3     0.5000    0.4615    0.4800        78
           4     0.6216    0.5516    0.5845       417
           5     0.4459    0.5450    0.4905       189
           6     0.5511    0.6847    0.6107       701
           7     0.6388    0.6868    0.6619       613
           8     0.5560    0.5890    0.5720       236
           9     0.6538    0.8399    0.7353      1012
          10     0.3320    0.4059    0.3652       409
          11     0.5637    0.3769    0.4518      1491
          12     0.4382    0.4470    0.4426       349
          13     0.5741    0.5784    0.5762      1072
          14     0.2857    0.2171    0.2467       258
          15     0.1351    0.0439    0.0662       114
          16     0.3158    0.1224    0.1765        49
          17     0.0000    0.0000    0.0000        13
          18     0.3030    0.6667    0.4167        15

    accuracy                         0.5521      7310
   macro avg     0.4697    0.4909    0.4698      7310
weighted avg     0.5446    0.5521    0.5406      7310

[[ 37   3   0   1   1   0   2   0   0   0   0   0   0   0   0   0   0   0
    0]
 [  3  43   8   3   3   3   4   1   0   0   0   0   0   0   0   0   0   0
    0]
 [  0   5 116   4  17   3  21   1   1   0  11   1   1   1   0   0   0   0
    0]
 [  0   1  10  36   9   3  10   5   0   2   1   1   0   0   0   0   0   0
    0]
 [  1   7  26  11 230  23  77   7   3   2  25   4   0   1   0   0   0   0
    0]
 [  0   0   2   0  14 103  38   7   4   5   2  10   1   3   0   0   0   0
    0]
 [  0   0  18   5  33  36 480  52  23  14  18  22   0   0   0   0   0   0
    0]
 [  1   1   7   3  13  10  35 421  31  44   6  33   2   6   0   0   0   0
    0]
 [  0   1   3   1   1   8   9  17 139  34   7   8   7   1   0   0   0   0
    0]
 [  0   0   0   1   5   5  12  24  12 850  39  23  25  15   1   0   0   0
    0]
 [  3   0   4   1  12   4  38  14   9  49 166  64  19  25   1   0   0   0
    0]
 [  1   0  26   6  25  25 122  78  18 198 158 562  64 193  12   3   0   0
    0]
 [  0   0   6   0   6   3   7  13   6  35  16  57 156  40   4   0   0   0
    0]
 [  0   0   4   0   1   2  14  12   4  54  48 181  59 620  61  12   0   0
    0]
 [  0   0   1   0   0   3   2   5   0   9   3  27  10 122  56  10   6   0
    4]
 [  0   0   1   0   0   0   0   1   0   3   0   3  10  46  41   5   1   0
    3]
 [  0   0   0   0   0   0   0   0   0   0   0   1   1   5  17   7   6   0
   12]
 [  0   0   0   0   0   0   0   1   0   1   0   0   0   1   3   0   3   0
    4]
 [  0   0   0   0   0   0   0   0   0   0   0   0   1   1   0   0   3   0
   10]]
***** eval metrics *****
  eval_Distance                 =     1.1432
  eval_Quadratic Weighted Kappa =     0.8023
  eval_accuracy                 =     0.5521
  eval_accuracy_with_margin     =     0.7059
  eval_loss                     =     1.3164
  eval_macro_f1                 =     0.4698
  eval_macro_precision          =     0.4697
  eval_macro_recall             =     0.4909
  eval_runtime                  = 0:00:05.48
  eval_samples_per_second       =   1333.447
  eval_steps_per_second         =     83.363
Accuracy: 55.2120
Accuracy with margin of one level: 70.5882
Average distance between labels and predictions: 1.143228
Quadratic Weighted Kappa: 80.2340
              precision    recall  f1-score   support

           0     0.8333    0.7812    0.8065        32
           1     0.5000    0.4722    0.4857        36
           2     0.6574    0.5035    0.5703       141
           3     0.5600    0.4884    0.5217        86
           4     0.6113    0.6000    0.6056       380
           5     0.4645    0.5180    0.4898       139
           6     0.5451    0.7231    0.6216       585
           7     0.5906    0.7227    0.6500       541
           8     0.5307    0.5000    0.5149       190
           9     0.6395    0.8149    0.7166      1010
          10     0.3813    0.4224    0.4008       464
          11     0.5965    0.4332    0.5019      1662
          12     0.5083    0.4909    0.4994       438
          13     0.5577    0.5518    0.5548      1042
          14     0.3810    0.3516    0.3657       273
          15     0.3967    0.2981    0.3404       161
          16     0.2258    0.1045    0.1429        67
          17     0.0000    0.0000    0.0000        23
          18     0.2857    0.5000    0.3636        16

    accuracy                         0.5561      7286
   macro avg     0.4877    0.4882    0.4817      7286
weighted avg     0.5527    0.5561    0.5477      7286

[[ 25   2   0   0   1   1   3   0   0   0   0   0   0   0   0   0   0   0
    0]
 [  3  17   4   1   1   1   7   0   1   0   0   1   0   0   0   0   0   0
    0]
 [  0   9  71   1  41   1  12   2   0   0   4   0   0   0   0   0   0   0
    0]
 [  0   1   1  42  13   3  18   2   3   0   3   0   0   0   0   0   0   0
    0]
 [  0   2  15  12 228  16  70  12   6   2  12   4   0   1   0   0   0   0
    0]
 [  0   0   0   1  16  72  25  11   2   1   3   7   0   1   0   0   0   0
    0]
 [  0   0   3   9  35  18 423  41   9   8   8  27   2   2   0   0   0   0
    0]
 [  1   1   0   0   9   7  32 391  23  43   1  18   5   6   4   0   0   0
    0]
 [  0   1   2   1   3  10   4  12  95  39   3  12   6   0   2   0   0   0
    0]
 [  0   0   0   0   1   4  18  32   7 823  58  27  18  17   4   1   0   0
    0]
 [  1   0   4   3   5   3  29  22   4  61 196  81  21  33   1   0   0   0
    0]
 [  0   1   7   5  20  15 112 107  18 197 155 720  74 209  20   2   0   0
    0]
 [  0   0   0   0   0   2  10  11   7  40  19  69 215  40  19   4   2   0
    0]
 [  0   0   1   0   0   1   9  12   4  51  45 220  51 575  46  27   0   0
    0]
 [  0   0   0   0   0   1   3   5   0  11   5  15  23  89  96  19   5   0
    1]
 [  0   0   0   0   0   0   0   1   0   8   1   3   8  36  44  48  11   0
    1]
 [  0   0   0   0   0   0   0   0   0   3   1   2   0  13  15  17   7   0
    9]
 [  0   0   0   0   0   0   1   0   0   0   0   0   0   8   0   2   3   0
    9]
 [  0   0   0   0   0   0   0   1   0   0   0   1   0   1   1   1   3   0
    8]]
***** test metrics *****
  test_Distance                 =     1.0678
  test_Quadratic Weighted Kappa =     0.8212
  test_accuracy                 =     0.5561
  test_accuracy_with_margin     =     0.7072
  test_loss                     =     1.2979
  test_macro_f1                 =     0.4817
  test_macro_precision          =     0.4877
  test_macro_recall             =     0.4882
  test_runtime                  = 0:00:05.62
  test_samples_per_second       =   1296.117
  test_steps_per_second         =     81.118
Accuracy: 55.6135
Accuracy with margin of one level: 70.7247
Average distance between labels and predictions: 1.067801
Quadratic Weighted Kappa: 82.1215
[1;34mwandb[0m: 
[1;34mwandb[0m: 🚀 View run [33marabertv02_baseline[0m at: [34mhttps://wandb.ai/mohamed-mahmoud-new-york-university/habibi-readability-arabertv02-confidences/runs/32cq4bl5[0m
[1;34mwandb[0m: Find logs at: [1;35mwandb/run-20260421_203404-32cq4bl5/logs[0m
