HOST: cn013
GPU 0: NVIDIA A100 80GB PCIe (UUID: GPU-46608cad-01b1-a8ce-ee18-499d9bcd0271)
torch 2.9.0+cu128 cuda 12.8
experiment: 2× stratified Tarab, pseudo >= L8 only
train_csv=/scratch/mom8702/habibi/training/experiments/habibi-readability-arabertv02-confidences/splits/barec_tarab_2X_55k_match_distribution_155k_minL8.csv
134591 /scratch/mom8702/habibi/training/experiments/habibi-readability-arabertv02-confidences/splits/barec_tarab_2X_55k_match_distribution_155k_minL8.csv
model: bert-base-arabertv02, levels: 19
wandb project='habibi-readability-arabertv02-confidences' group='barec_tarab_2x_minL8' run='barec_tarab_2X_55k_155k_minL8'
checkpoint selection: eval_Quadratic Weighted Kappa (greater_is_better=True)
deterministic mode: cudnn deterministic=True, benchmark=False
per-epoch dev csv dir: /scratch/mom8702/habibi/training/outputs/xlsx/arabertv02_barec_tarab_2x_155k_minL8/dev_per_epoch
Warning: The cache directory for DeepSpeed Triton autotune, /home/mom8702/.triton/autotune, appears to be on an NFS system. While this is generally acceptable, if you experience slowdowns or hanging when DeepSpeed exits, it is recommended to set the TRITON_CACHE_DIR environment variable to a non-NFS path.
{'loss': 0.7194, 'grad_norm': 3.6320931911468506, 'learning_rate': 4.1670633031889575e-05, 'epoch': 1.0}
              precision    recall  f1-score   support

           0     0.4186    0.8182    0.5538        44
           1     0.4444    0.1765    0.2526        68
           2     0.5181    0.5495    0.5333       182
           3     0.4444    0.2564    0.3252        78
           4     0.5159    0.6211    0.5637       417
           5     0.4671    0.3757    0.4164       189
           6     0.6393    0.5663    0.6006       701
           7     0.6547    0.6248    0.6394       613
           8     0.5887    0.5763    0.5824       236
           9     0.7199    0.7796    0.7486      1012
          10     0.3941    0.4230    0.4080       409
          11     0.4823    0.4742    0.4782      1491
          12     0.4552    0.3639    0.4045       349
          13     0.5130    0.7201    0.5991      1072
          14     0.2857    0.0543    0.0912       258
          15     0.1667    0.0175    0.0317       114
          16     0.3810    0.1633    0.2286        49
          17     0.0000    0.0000    0.0000        13
          18     1.0000    0.0667    0.1250        15

    accuracy                         0.5482      7310
   macro avg     0.4784    0.4014    0.3991      7310
weighted avg     0.5353    0.5482    0.5320      7310

[[ 36   1   4   0   3   0   0   0   0   0   0   0   0   0   0   0   0   0
    0]
 [ 34  12  10   0   8   1   3   0   0   0   0   0   0   0   0   0   0   0
    0]
 [  2   4 100   2  41   2  15   0   1   0   9   5   1   0   0   0   0   0
    0]
 [  2   0   6  20  27   1  10   4   0   1   2   5   0   0   0   0   0   0
    0]
 [  3   4  23   7 259  11  49   9   5   1  15  26   1   4   0   0   0   0
    0]
 [  0   0   0   1  24  71  34   6   3  14   4  29   0   2   1   0   0   0
    0]
 [  1   2  15   5  49  38 397  49  20  19  21  82   0   3   0   0   0   0
    0]
 [  2   1   7   3  19   4  22 383  24  42   6  88   4   8   0   0   0   0
    0]
 [  0   0   0   1   2   4   8  20 136  26   8  24   5   2   0   0   0   0
    0]
 [  0   0   0   1   4   6   6  21  11 789  45  83  18  27   1   0   0   0
    0]
 [  4   1   4   1  11   1  16   9  11  33 173 105  10  30   0   0   0   0
    0]
 [  2   2  16   4  41  11  56  63  10 113 106 707  51 306   3   0   0   0
    0]
 [  0   0   3   0   9   1   2   6   5  22  11  88 127  74   1   0   0   0
    0]
 [  0   0   2   0   4   1   3   7   2  21  36 186  34 772   1   3   0   0
    0]
 [  0   0   2   0   1   0   0   5   3  10   3  30  13 172  14   4   1   0
    0]
 [  0   0   1   0   0   0   0   0   0   4   0   5   6  85   9   2   2   0
    0]
 [  0   0   0   0   0   0   0   1   0   0   0   3   7  15  12   3   8   0
    0]
 [  0   0   0   0   0   0   0   2   0   1   0   0   1   3   4   0   2   0
    0]
 [  0   0   0   0   0   0   0   0   0   0   0   0   1   2   3   0   8   0
    1]]
{'eval_loss': 1.363308310508728, 'eval_macro_f1': 0.39907624442393297, 'eval_macro_precision': 0.4783750833722998, 'eval_macro_recall': 0.40143525491441706, 'eval_accuracy': 0.5481532147742818, 'eval_accuracy_with_margin': 0.6957592339261286, 'eval_Distance': 1.162517099863201, 'eval_Quadratic Weighted Kappa': 0.7940543997377554, 'eval_runtime': 12.1707, 'eval_samples_per_second': 600.623, 'eval_steps_per_second': 37.549, 'epoch': 1.0}
{'loss': 0.4799, 'grad_norm': 3.5293056964874268, 'learning_rate': 3.3337299698556245e-05, 'epoch': 2.0}
              precision    recall  f1-score   support

           0     0.7429    0.5909    0.6582        44
           1     0.5930    0.7500    0.6623        68
           2     0.4800    0.7253    0.5777       182
           3     0.3981    0.5256    0.4530        78
           4     0.5563    0.5923    0.5738       417
           5     0.4660    0.4709    0.4684       189
           6     0.6027    0.6990    0.6473       701
           7     0.6468    0.6900    0.6677       613
           8     0.6566    0.5508    0.5991       236
           9     0.7196    0.7964    0.7561      1012
          10     0.3543    0.2200    0.2715       409
          11     0.5168    0.5144    0.5156      1491
          12     0.4759    0.3954    0.4319       349
          13     0.5665    0.5924    0.5791      1072
          14     0.2953    0.2209    0.2528       258
          15     0.0833    0.0175    0.0290       114
          16     0.3750    0.1837    0.2466        49
          17     0.0000    0.0000    0.0000        13
          18     1.0000    0.0667    0.1250        15

    accuracy                         0.5655      7310
   macro avg     0.5015    0.4528    0.4482      7310
weighted avg     0.5502    0.5655    0.5535      7310

[[ 26  11   6   1   0   0   0   0   0   0   0   0   0   0   0   0   0   0
    0]
 [  2  51  10   3   1   0   0   1   0   0   0   0   0   0   0   0   0   0
    0]
 [  1   4 132   5  13   1  11   0   1   0  11   2   1   0   0   0   0   0
    0]
 [  0   0  12  41   9   1   5   3   0   2   2   3   0   0   0   0   0   0
    0]
 [  3   7  38  22 247  16  41   5   4   0  11  18   1   3   0   1   0   0
    0]
 [  0   1   3   1  28  89  36  10   1   3   2  14   0   1   0   0   0   0
    0]
 [  0   2  22  12  47  33 490  30   6  12  16  30   0   1   0   0   0   0
    0]
 [  1   3   8   6  17  10  44 423  12  33   6  41   2   7   0   0   0   0
    0]
 [  0   0   3   1   7   5  22  27 130  17   4  17   2   1   0   0   0   0
    0]
 [  0   0   0   1   5   9  16  35  19 806  22  61  19  18   1   0   0   0
    0]
 [  0   5   6   3  19   4  29  11   6  51  90 149  15  20   1   0   0   0
    0]
 [  2   2  24   7  41  19 102  73  10 126  62 767  52 191  11   2   0   0
    0]
 [  0   0   6   0   7   2   3  12   7  23  11  76 138  57   7   0   0   0
    0]
 [  0   0   3   0   2   1  14  14   2  35  15 250  40 635  52   9   0   0
    0]
 [  0   0   2   0   1   1   0   7   0   8   2  44  11 117  57   5   3   0
    0]
 [  0   0   0   0   0   0   0   0   0   3   0   9   7  60  31   2   2   0
    0]
 [  0   0   0   0   0   0   0   1   0   0   0   2   1   7  24   5   9   0
    0]
 [  0   0   0   0   0   0   0   2   0   1   0   0   1   2   5   0   2   0
    0]
 [  0   0   0   0   0   0   0   0   0   0   0   1   0   1   4   0   8   0
    1]]
{'eval_loss': 1.3655787706375122, 'eval_macro_f1': 0.44816527695039715, 'eval_macro_precision': 0.501530781804043, 'eval_macro_recall': 0.4527600085723717, 'eval_accuracy': 0.5655266757865937, 'eval_accuracy_with_margin': 0.7105335157318742, 'eval_Distance': 1.1306429548563612, 'eval_Quadratic Weighted Kappa': 0.8022431978970395, 'eval_runtime': 12.1072, 'eval_samples_per_second': 603.773, 'eval_steps_per_second': 37.746, 'epoch': 2.0}
{'loss': 0.3515, 'grad_norm': 3.6921463012695312, 'learning_rate': 2.5003966365222907e-05, 'epoch': 3.0}
              precision    recall  f1-score   support

           0     0.7400    0.8409    0.7872        44
           1     0.6122    0.4412    0.5128        68
           2     0.5020    0.6813    0.5781       182
           3     0.5088    0.3718    0.4296        78
           4     0.5427    0.6091    0.5740       417
           5     0.5093    0.4339    0.4686       189
           6     0.5596    0.7233    0.6310       701
           7     0.6487    0.6476    0.6482       613
           8     0.5255    0.5678    0.5458       236
           9     0.7398    0.7332    0.7365      1012
          10     0.3756    0.4132    0.3935       409
          11     0.5158    0.4936    0.5045      1491
          12     0.4430    0.4011    0.4211       349
          13     0.5777    0.5616    0.5695      1072
          14     0.2818    0.2403    0.2594       258
          15     0.1538    0.0351    0.0571       114
          16     0.2941    0.1020    0.1515        49
          17     0.0000    0.0000    0.0000        13
          18     0.5000    0.1333    0.2105        15

    accuracy                         0.5549      7310
   macro avg     0.4753    0.4437    0.4463      7310
weighted avg     0.5471    0.5549    0.5478      7310

[[ 37   4   0   0   2   0   1   0   0   0   0   0   0   0   0   0   0   0
    0]
 [  5  30  22   1   6   0   3   1   0   0   0   0   0   0   0   0   0   0
    0]
 [  1   3 124   4  28   0   9   0   0   0   7   6   0   0   0   0   0   0
    0]
 [  0   1   6  29  13   1  15   4   0   2   1   6   0   0   0   0   0   0
    0]
 [  3   6  26   5 254  11  63   6   6   1  18  14   0   4   0   0   0   0
    0]
 [  1   1   1   1  25  82  42   6   2   5   5  15   0   2   1   0   0   0
    0]
 [  0   0  21   7  40  24 507  27  13  11  14  36   0   1   0   0   0   0
    0]
 [  1   2   7   3  17   9  57 397  34  24   6  46   4   6   0   0   0   0
    0]
 [  0   0   3   1   2   6  23  25 134  14   8  17   2   1   0   0   0   0
    0]
 [  0   0   1   1   7   6  21  47  27 742  40  86  20  14   0   0   0   0
    0]
 [  0   1   4   2  16   2  37   6   8  39 169  92  10  23   0   0   0   0
    0]
 [  2   1  21   3  44  17 105  62  16 101 122 736  61 179  19   2   0   0
    0]
 [  0   0   6   0   7   2   6   8  10  23  16  82 140  41   8   0   0   0
    0]
 [  0   0   2   0   6   1  17  13   4  29  38 245  49 602  58   8   0   0
    0]
 [  0   0   2   0   1   0   0   7   1   9   5  33  19 109  62   6   4   0
    0]
 [  0   0   1   0   0   0   0   1   0   2   0   9   8  52  36   4   1   0
    0]
 [  0   0   0   0   0   0   0   0   0   0   1   3   2   6  24   6   5   0
    2]
 [  0   0   0   0   0   0   0   2   0   1   0   0   1   1   6   0   2   0
    0]
 [  0   0   0   0   0   0   0   0   0   0   0   1   0   1   6   0   5   0
    2]]
{'eval_loss': 1.479710340499878, 'eval_macro_f1': 0.44625962923158535, 'eval_macro_precision': 0.4752914330301271, 'eval_macro_recall': 0.4437040075624638, 'eval_accuracy': 0.5548563611491109, 'eval_accuracy_with_margin': 0.7042407660738714, 'eval_Distance': 1.1519835841313268, 'eval_Quadratic Weighted Kappa': 0.7960525122104037, 'eval_runtime': 12.1121, 'eval_samples_per_second': 603.531, 'eval_steps_per_second': 37.731, 'epoch': 3.0}
{'loss': 0.2371, 'grad_norm': 6.238771915435791, 'learning_rate': 1.6670633031889577e-05, 'epoch': 4.0}
              precision    recall  f1-score   support

           0     0.7826    0.8182    0.8000        44
           1     0.6538    0.7500    0.6986        68
           2     0.5502    0.6319    0.5882       182
           3     0.4459    0.4231    0.4342        78
           4     0.5453    0.6499    0.5930       417
           5     0.5203    0.4074    0.4570       189
           6     0.5988    0.7133    0.6510       701
           7     0.6610    0.6395    0.6501       613
           8     0.5681    0.5127    0.5390       236
           9     0.7055    0.7717    0.7371      1012
          10     0.3125    0.4156    0.3568       409
          11     0.5066    0.5184    0.5124      1491
          12     0.4631    0.3954    0.4266       349
          13     0.5835    0.5019    0.5396      1072
          14     0.2959    0.1938    0.2342       258
          15     0.1176    0.0175    0.0305       114
          16     0.3548    0.2245    0.2750        49
          17     0.0000    0.0000    0.0000        13
          18     0.6667    0.1333    0.2222        15

    accuracy                         0.5555      7310
   macro avg     0.4912    0.4588    0.4603      7310
weighted avg     0.5472    0.5555    0.5477      7310

[[ 36   6   0   0   0   0   2   0   0   0   0   0   0   0   0   0   0   0
    0]
 [  2  51   5   1   6   0   1   0   1   0   1   0   0   0   0   0   0   0
    0]
 [  1   3 115   6  31   1  12   1   0   0   9   2   1   0   0   0   0   0
    0]
 [  0   2   5  33  12   1  11   4   1   3   2   4   0   0   0   0   0   0
    0]
 [  4   7  18  10 271  10  46   7   3   1  22  14   0   4   0   0   0   0
    0]
 [  1   1   0   0  30  77  41  10   2   6   6  11   0   2   2   0   0   0
    0]
 [  0   2  18   9  44  18 500  31  10  13  19  36   0   1   0   0   0   0
    0]
 [  1   1  11   4  17  10  52 392  26  30  14  44   4   7   0   0   0   0
    0]
 [  0   1   2   1   6   5  19  23 121  23  13  13   6   3   0   0   0   0
    0]
 [  0   0   1   1   5   5  17  40  20 781  43  67  20  12   0   0   0   0
    0]
 [  0   4   5   3  12   4  26   9   6  41 170 102  13  14   0   0   0   0
    0]
 [  1   0  17   6  49  16  90  57  11 124 148 773  55 133   9   2   0   0
    0]
 [  0   0   7   0   8   1   4   6  10  27  18  89 138  34   7   0   0   0
    0]
 [  0   0   3   0   5   0  14   7   2  44  67 302  39 538  48   3   0   0
    0]
 [  0   0   2   0   1   0   0   4   0  11  10  47  13 108  50   5   7   0
    0]
 [  0   0   0   0   0   0   0   0   0   2   0  16   6  56  31   2   1   0
    0]
 [  0   0   0   0   0   0   0   0   0   0   2   5   2   7  16   5  11   0
    1]
 [  0   0   0   0   0   0   0   2   0   1   0   0   1   2   3   0   4   0
    0]
 [  0   0   0   0   0   0   0   0   0   0   0   1   0   1   3   0   8   0
    2]]
{'eval_loss': 1.6900241374969482, 'eval_macro_f1': 0.46029666730757424, 'eval_macro_precision': 0.49117264281810885, 'eval_macro_recall': 0.45884992696008015, 'eval_accuracy': 0.5555403556771545, 'eval_accuracy_with_margin': 0.7027359781121751, 'eval_Distance': 1.1500683994528045, 'eval_Quadratic Weighted Kappa': 0.7950800263664478, 'eval_runtime': 12.0678, 'eval_samples_per_second': 605.744, 'eval_steps_per_second': 37.869, 'epoch': 4.0}
{'loss': 0.1498, 'grad_norm': 6.402108192443848, 'learning_rate': 8.337299698556243e-06, 'epoch': 5.0}
              precision    recall  f1-score   support

           0     0.8043    0.8409    0.8222        44
           1     0.6962    0.8088    0.7483        68
           2     0.5701    0.6703    0.6162       182
           3     0.4318    0.4872    0.4578        78
           4     0.5905    0.6259    0.6077       417
           5     0.4369    0.4762    0.4557       189
           6     0.6156    0.6876    0.6496       701
           7     0.6511    0.6607    0.6559       613
           8     0.5922    0.5169    0.5520       236
           9     0.6963    0.7747    0.7334      1012
          10     0.3272    0.4743    0.3872       409
          11     0.5358    0.4762    0.5043      1491
          12     0.4330    0.3983    0.4149       349
          13     0.5729    0.5317    0.5515      1072
          14     0.2760    0.2054    0.2356       258
          15     0.1304    0.0526    0.0750       114
          16     0.3182    0.1429    0.1972        49
          17     0.0000    0.0000    0.0000        13
          18     1.0000    0.1333    0.2353        15

    accuracy                         0.5577      7310
   macro avg     0.5094    0.4718    0.4684      7310
weighted avg     0.5525    0.5577    0.5517      7310

[[ 37   5   0   0   0   0   2   0   0   0   0   0   0   0   0   0   0   0
    0]
 [  2  55   4   1   3   1   0   1   0   0   1   0   0   0   0   0   0   0
    0]
 [  1   3 122  10  19   0  14   0   0   0   9   3   1   0   0   0   0   0
    0]
 [  0   2   6  38  11   2   8   3   0   3   3   2   0   0   0   0   0   0
    0]
 [  4   6  19  11 261  20  43   9   2   1  23  13   1   4   0   0   0   0
    0]
 [  0   1   1   0  27  90  32  11   2   5   6  10   0   3   1   0   0   0
    0]
 [  0   2  16  13  35  31 482  41   9  13  24  34   0   1   0   0   0   0
    0]
 [  1   3  10   4  14  11  37 405  25  39  20  35   5   4   0   0   0   0
    0]
 [  0   1   2   0   4   8  17  20 122  25  13  13   7   4   0   0   0   0
    0]
 [  0   0   1   1   3   8  12  40  18 784  54  57  19  15   0   0   0   0
    0]
 [  0   1   5   3  11   7  30  10   5  34 194  81  12  16   0   0   0   0
    0]
 [  1   0  20   7  42  23  88  60  12 135 152 710  61 166  11   3   0   0
    0]
 [  0   0   2   0   7   3   4   6   8  28  19  83 139  42   8   0   0   0
    0]
 [  0   0   4   0   4   2  14   9   3  43  65 231  50 570  67   8   2   0
    0]
 [  0   0   2   0   1   0   0   5   0  12   9  40  17 105  53  10   4   0
    0]
 [  0   0   0   0   0   0   0   0   0   3   0   9   6  55  34   6   1   0
    0]
 [  0   0   0   0   0   0   0   0   0   0   1   4   2   6  11  16   7   2
    0]
 [  0   0   0   0   0   0   0   2   0   1   0   0   1   2   3   2   2   0
    0]
 [  0   0   0   0   0   0   0   0   0   0   0   0   0   2   4   1   6   0
    2]]
{'eval_loss': 1.9899840354919434, 'eval_macro_f1': 0.46840847750428544, 'eval_macro_precision': 0.5094003141047383, 'eval_macro_recall': 0.47179064706597057, 'eval_accuracy': 0.5577291381668946, 'eval_accuracy_with_margin': 0.711217510259918, 'eval_Distance': 1.1331053351573188, 'eval_Quadratic Weighted Kappa': 0.8013953444530729, 'eval_runtime': 12.0405, 'eval_samples_per_second': 607.119, 'eval_steps_per_second': 37.955, 'epoch': 5.0}
{'loss': 0.0942, 'grad_norm': 7.419332504272461, 'learning_rate': 3.966365222909726e-09, 'epoch': 6.0}
              precision    recall  f1-score   support

           0     0.7647    0.8864    0.8211        44
           1     0.6974    0.7794    0.7361        68
           2     0.5470    0.7033    0.6154       182
           3     0.4643    0.5000    0.4815        78
           4     0.5801    0.6427    0.6098       417
           5     0.4611    0.4709    0.4660       189
           6     0.6198    0.6790    0.6481       701
           7     0.6448    0.6427    0.6438       613
           8     0.5519    0.5636    0.5577       236
           9     0.7046    0.7638    0.7330      1012
          10     0.3429    0.4401    0.3854       409
          11     0.5129    0.4950    0.5038      1491
          12     0.4140    0.4069    0.4104       349
          13     0.5833    0.5028    0.5401      1072
          14     0.2690    0.2054    0.2330       258
          15     0.1429    0.0351    0.0563       114
          16     0.4412    0.3061    0.3614        49
          17     0.0000    0.0000    0.0000        13
          18     1.0000    0.1333    0.2353        15

    accuracy                         0.5561      7310
   macro avg     0.5127    0.4819    0.4757      7310
weighted avg     0.5494    0.5561    0.5498      7310

[[ 39   3   0   0   0   1   1   0   0   0   0   0   0   0   0   0   0   0
    0]
 [  2  53   6   1   4   1   0   1   0   0   0   0   0   0   0   0   0   0
    0]
 [  1   3 128   8  17   1  11   0   0   0   8   4   1   0   0   0   0   0
    0]
 [  1   2   6  39  12   1   7   3   0   3   2   2   0   0   0   0   0   0
    0]
 [  6   6  21  10 268  17  39   7   5   1  19  13   1   4   0   0   0   0
    0]
 [  0   1   1   0  27  89  32   8   4   5   4  14   1   2   1   0   0   0
    0]
 [  0   3  20  11  38  29 476  40  15  14  14  40   0   1   0   0   0   0
    0]
 [  1   3  10   5  18   8  41 394  30  36  12  43   7   5   0   0   0   0
    0]
 [  0   1   1   0   7   5  13  19 133  25  10  13   5   4   0   0   0   0
    0]
 [  0   0   1   1   5  11  12  39  16 773  49  73  20  12   0   0   0   0
    0]
 [  0   1   5   3  11   6  30  11   6  36 180  92  15  13   0   0   0   0
    0]
 [  1   0  22   6  44  21  86  59  19 127 144 738  67 141  14   1   1   0
    0]
 [  0   0   7   0   6   1   6   9  10  27  16  78 142  40   7   0   0   0
    0]
 [  0   0   4   0   4   2  14  14   3  36  57 272  57 539  62   6   2   0
    0]
 [  0   0   2   0   1   0   0   5   0  11   9  45  18 100  53   9   5   0
    0]
 [  0   0   0   0   0   0   0   0   0   2   0   9   6  52  40   4   1   0
    0]
 [  0   0   0   0   0   0   0   0   0   0   1   3   2   7  14   6  15   1
    0]
 [  0   0   0   0   0   0   0   2   0   1   0   0   1   2   4   0   3   0
    0]
 [  0   0   0   0   0   0   0   0   0   0   0   0   0   2   2   2   7   0
    2]]
{'eval_loss': 2.200864791870117, 'eval_macro_f1': 0.47568720212668003, 'eval_macro_precision': 0.5127293384001811, 'eval_macro_recall': 0.4819228469862077, 'eval_accuracy': 0.5560875512995896, 'eval_accuracy_with_margin': 0.7080711354309166, 'eval_Distance': 1.1465116279069767, 'eval_Quadratic Weighted Kappa': 0.7979310577471729, 'eval_runtime': 12.0172, 'eval_samples_per_second': 608.295, 'eval_steps_per_second': 38.029, 'epoch': 6.0}
{'train_runtime': 1972.562, 'train_samples_per_second': 408.988, 'train_steps_per_second': 6.391, 'train_loss': 0.33865475431427433, 'epoch': 6.0}
best checkpoint: /scratch/mom8702/habibi/training/outputs/checkpoints/arabertv02_barec_tarab_2x_155k_minL8/bert-base-arabertv02_local_19levels/checkpoint-4202
best eval_Quadratic Weighted Kappa: 0.8022431978970395
              precision    recall  f1-score   support

           0     0.7429    0.5909    0.6582        44
           1     0.5930    0.7500    0.6623        68
           2     0.4800    0.7253    0.5777       182
           3     0.3981    0.5256    0.4530        78
           4     0.5563    0.5923    0.5738       417
           5     0.4660    0.4709    0.4684       189
           6     0.6027    0.6990    0.6473       701
           7     0.6468    0.6900    0.6677       613
           8     0.6566    0.5508    0.5991       236
           9     0.7196    0.7964    0.7561      1012
          10     0.3543    0.2200    0.2715       409
          11     0.5168    0.5144    0.5156      1491
          12     0.4759    0.3954    0.4319       349
          13     0.5665    0.5924    0.5791      1072
          14     0.2953    0.2209    0.2528       258
          15     0.0833    0.0175    0.0290       114
          16     0.3750    0.1837    0.2466        49
          17     0.0000    0.0000    0.0000        13
          18     1.0000    0.0667    0.1250        15

    accuracy                         0.5655      7310
   macro avg     0.5015    0.4528    0.4482      7310
weighted avg     0.5502    0.5655    0.5535      7310

[[ 26  11   6   1   0   0   0   0   0   0   0   0   0   0   0   0   0   0
    0]
 [  2  51  10   3   1   0   0   1   0   0   0   0   0   0   0   0   0   0
    0]
 [  1   4 132   5  13   1  11   0   1   0  11   2   1   0   0   0   0   0
    0]
 [  0   0  12  41   9   1   5   3   0   2   2   3   0   0   0   0   0   0
    0]
 [  3   7  38  22 247  16  41   5   4   0  11  18   1   3   0   1   0   0
    0]
 [  0   1   3   1  28  89  36  10   1   3   2  14   0   1   0   0   0   0
    0]
 [  0   2  22  12  47  33 490  30   6  12  16  30   0   1   0   0   0   0
    0]
 [  1   3   8   6  17  10  44 423  12  33   6  41   2   7   0   0   0   0
    0]
 [  0   0   3   1   7   5  22  27 130  17   4  17   2   1   0   0   0   0
    0]
 [  0   0   0   1   5   9  16  35  19 806  22  61  19  18   1   0   0   0
    0]
 [  0   5   6   3  19   4  29  11   6  51  90 149  15  20   1   0   0   0
    0]
 [  2   2  24   7  41  19 102  73  10 126  62 767  52 191  11   2   0   0
    0]
 [  0   0   6   0   7   2   3  12   7  23  11  76 138  57   7   0   0   0
    0]
 [  0   0   3   0   2   1  14  14   2  35  15 250  40 635  52   9   0   0
    0]
 [  0   0   2   0   1   1   0   7   0   8   2  44  11 117  57   5   3   0
    0]
 [  0   0   0   0   0   0   0   0   0   3   0   9   7  60  31   2   2   0
    0]
 [  0   0   0   0   0   0   0   1   0   0   0   2   1   7  24   5   9   0
    0]
 [  0   0   0   0   0   0   0   2   0   1   0   0   1   2   5   0   2   0
    0]
 [  0   0   0   0   0   0   0   0   0   0   0   1   0   1   4   0   8   0
    1]]
***** eval metrics *****
  eval_Distance                 =     1.1306
  eval_Quadratic Weighted Kappa =     0.8022
  eval_accuracy                 =     0.5655
  eval_accuracy_with_margin     =     0.7105
  eval_loss                     =     1.3656
  eval_macro_f1                 =     0.4482
  eval_macro_precision          =     0.5015
  eval_macro_recall             =     0.4528
  eval_runtime                  = 0:00:11.97
  eval_samples_per_second       =    610.294
  eval_steps_per_second         =     38.154
best-dev export rows=7310 QWK=80.2243
wrote dev predictions csv: /scratch/mom8702/habibi/training/outputs/xlsx/arabertv02_barec_tarab_2x_155k_minL8/dev_bert-base-arabertv02_local_19levels.csv
              precision    recall  f1-score   support

           0     0.7727    0.5312    0.6296        32
           1     0.3585    0.5278    0.4270        36
           2     0.5926    0.5674    0.5797       141
           3     0.4599    0.7326    0.5650        86
           4     0.5614    0.5895    0.5751       380
           5     0.5364    0.5827    0.5586       139
           6     0.5626    0.6838    0.6173       585
           7     0.6254    0.7375    0.6768       541
           8     0.5135    0.5000    0.5067       190
           9     0.6982    0.7604    0.7280      1010
          10     0.3948    0.2629    0.3157       464
          11     0.5467    0.5349    0.5408      1662
          12     0.5289    0.4178    0.4668       438
          13     0.5671    0.5883    0.5775      1042
          14     0.3272    0.3260    0.3266       273
          15     0.4479    0.2671    0.3346       161
          16     0.2273    0.0746    0.1124        67
          17     0.0000    0.0000    0.0000        23
          18     1.0000    0.1875    0.3158        16

    accuracy                         0.5618      7286
   macro avg     0.5116    0.4669    0.4660      7286
weighted avg     0.5526    0.5618    0.5528      7286

[[ 17  12   1   0   0   0   1   0   0   0   0   1   0   0   0   0   0   0
    0]
 [  1  19   7   1   1   0   3   0   1   0   2   1   0   0   0   0   0   0
    0]
 [  1   7  80   3  39   1   4   1   0   0   2   3   0   0   0   0   0   0
    0]
 [  0   1   0  63   8   1   6   3   0   2   1   1   0   0   0   0   0   0
    0]
 [  0   6  23  33 224  14  45  10   4   3  11   6   0   1   0   0   0   0
    0]
 [  0   0   1   1  22  81  15   7   1   1   2   7   0   1   0   0   0   0
    0]
 [  0   3   5  18  48  20 400  19   6   8  11  43   1   2   1   0   0   0
    0]
 [  2   1   1   1  13   4  41 399  13  30   0  19   6   7   3   1   0   0
    0]
 [  0   1   0   2   3   7  11  23  95  22   6  13   3   3   1   0   0   0
    0]
 [  0   0   0   4   8   5  20  34  29 768  25  75  17  20   4   1   0   0
    0]
 [  1   1   7   3   8   2  36  17   2  50 122 177  12  25   1   0   0   0
    0]
 [  0   2   8   8  24  15 108  93  19 134  91 889  57 196  18   0   0   0
    0]
 [  0   0   0   0   0   1   7  14   9  33  13 103 183  56  18   0   1   0
    0]
 [  0   0   2   0   1   0  13  13   6  37  19 243  37 613  42  16   0   0
    0]
 [  0   0   0   0   0   0   1   5   0   5   3  32  19 102  89  14   3   0
    0]
 [  0   0   0   0   0   0   0   0   0   5   0   6   8  41  56  43   2   0
    0]
 [  0   0   0   0   0   0   0   0   0   1   1   4   1  13  27  15   5   0
    0]
 [  0   0   0   0   0   0   0   0   0   0   0   2   2   1   7   4   7   0
    0]
 [  0   0   0   0   0   0   0   0   0   1   0   1   0   0   5   2   4   0
    3]]
***** test metrics *****
  test_Distance                 =     1.0651
  test_Quadratic Weighted Kappa =     0.8194
  test_accuracy                 =     0.5618
  test_accuracy_with_margin     =     0.7159
  test_loss                     =     1.3646
  test_macro_f1                 =      0.466
  test_macro_precision          =     0.5116
  test_macro_recall             =     0.4669
  test_runtime                  = 0:00:12.02
  test_samples_per_second       =    605.742
  test_steps_per_second         =     37.911
Accuracy: 56.1762
Accuracy with margin of one level: 71.5893
Average distance between labels and predictions: 1.065056
Quadratic Weighted Kappa: 81.9397
[1;34mwandb[0m: 
[1;34mwandb[0m: 🚀 View run [33mbarec_tarab_2X_55k_155k_minL8[0m at: [34mhttps://wandb.ai/mohamed-mahmoud-new-york-university/habibi-readability-arabertv02-confidences/runs/92bysozb[0m
[1;34mwandb[0m: Find logs at: [1;35mwandb/run-20260526_080934-92bysozb/logs[0m
Per-epoch dev CSVs:
total 8
drwxr-xr-x 2 mom8702 users 4096 May 26 08:09 .
drwxr-xr-x 3 mom8702 users 4096 May 26 08:42 ..
