HOST: cn010
CUDA_VISIBLE_DEVICES=0
GPU 0: NVIDIA A100 80GB PCIe (UUID: GPU-af8f85d0-ca1d-8533-b599-c1c80147744d)
torch 2.9.0+cu128
cuda True
train_csv=/scratch/mom8702/habibi/training/experiments/habibi-readability-arabertv02-155k-length-matching/splits/barec_tarab_length_matching_train.csv
dev_csv=/scratch/mom8702/habibi/training/experiments/dev_word_hf.csv
test_csv=/scratch/mom8702/habibi/training/experiments/test_word_hf.csv
wandb project=habibi-readability-arabertv02-155k-length-matching group=length_matching run=barec_tarab_length_matching
164437 /scratch/mom8702/habibi/training/experiments/habibi-readability-arabertv02-155k-length-matching/splits/barec_tarab_length_matching_train.csv
⚙️  Running in WANDB offline mode
model: bert-base-arabertv02, levels: 19
wandb project='habibi-readability-arabertv02-155k-length-matching' group='length_matching' run='barec_tarab_length_matching'
checkpoint selection: eval_Quadratic Weighted Kappa (greater_is_better=True)
deterministic mode: cudnn deterministic=True, benchmark=False
per-epoch dev csv dir: /scratch/mom8702/habibi/training/outputs/xlsx/arabertv02_length_matching/dev_per_epoch
Warning: The cache directory for DeepSpeed Triton autotune, /home/mom8702/.triton/autotune, appears to be on an NFS system. While this is generally acceptable, if you experience slowdowns or hanging when DeepSpeed exits, it is recommended to set the TRITON_CACHE_DIR environment variable to a non-NFS path.
{'loss': 0.6236, 'grad_norm': 4.806057929992676, 'learning_rate': 4.166991047100039e-05, 'epoch': 1.0}
              precision    recall  f1-score   support

           0     0.7297    0.6136    0.6667        44
           1     0.4800    0.7059    0.5714        68
           2     0.5283    0.6154    0.5685       182
           3     0.4500    0.4615    0.4557        78
           4     0.4506    0.6787    0.5416       417
           5     0.3891    0.4921    0.4346       189
           6     0.5337    0.7118    0.6100       701
           7     0.6292    0.6754    0.6515       613
           8     0.7325    0.4873    0.5852       236
           9     0.6236    0.8152    0.7066      1012
          10     0.3904    0.2787    0.3252       409
          11     0.5652    0.3722    0.4488      1491
          12     0.4264    0.4069    0.4164       349
          13     0.5588    0.6511    0.6015      1072
          14     0.3400    0.0659    0.1104       258
          15     0.2000    0.0088    0.0168       114
          16     0.4643    0.2653    0.3377        49
          17     0.0000    0.0000    0.0000        13
          18     1.0000    0.1333    0.2353        15

    accuracy                         0.5464      7310
   macro avg     0.4996    0.4442    0.4360      7310
weighted avg     0.5362    0.5464    0.5251      7310

[[ 27  15   0   0   0   0   2   0   0   0   0   0   0   0   0   0   0   0
    0]
 [  2  48   7   2   2   0   6   1   0   0   0   0   0   0   0   0   0   0
    0]
 [  0   8 112   2  30   1  21   0   1   0   5   1   1   0   0   0   0   0
    0]
 [  0   2   7  36  16   4  11   0   0   0   1   1   0   0   0   0   0   0
    0]
 [  3   8  23  15 283  10  54   4   1   0   7   5   1   3   0   0   0   0
    0]
 [  0   1   1   1  44  93  32   0   0   5   3   8   0   1   0   0   0   0
    0]
 [  0   5  16   8  66  43 499  20   5  15  10  13   0   1   0   0   0   0
    0]
 [  1   4   5   4  32  17  57 414   7  37   3  25   2   5   0   0   0   0
    0]
 [  0   1   4   1   9  12  24  26 115  26   5   8   5   0   0   0   0   0
    0]
 [  0   0   0   1  11  13  26  44   9 825  24  18  22  19   0   0   0   0
    0]
 [  3   3   6   2  28   9  35  11   5  71 114  79  16  27   0   0   0   0
    0]
 [  1   5  18   7  90  27 139  83   6 219  69 555  69 201   2   0   0   0
    0]
 [  0   0   8   1  10   2   7  18   6  31  12  58 142  52   2   0   0   0
    0]
 [  0   0   3   0   5   5  18  17   1  74  31 174  44 698   1   1   0   0
    0]
 [  0   0   2   0   1   3   4  13   1  12   6  25  15 154  17   1   4   0
    0]
 [  0   0   0   0   1   0   0   3   0   7   0   6   8  75  11   1   2   0
    0]
 [  0   0   0   0   0   0   0   2   0   0   2   4   6  12   8   2  13   0
    0]
 [  0   0   0   0   0   0   0   2   0   1   0   0   1   1   5   0   3   0
    0]
 [  0   0   0   0   0   0   0   0   0   0   0   2   1   0   4   0   6   0
    2]]
{'eval_loss': 1.4226582050323486, 'eval_macro_f1': 0.436001189161613, 'eval_macro_precision': 0.49957206343314114, 'eval_macro_recall': 0.44416506428454644, 'eval_accuracy': 0.546374829001368, 'eval_accuracy_with_margin': 0.6812585499316005, 'eval_Distance': 1.267578659370725, 'eval_Quadratic Weighted Kappa': 0.7680975448255534, 'eval_runtime': 12.2401, 'eval_samples_per_second': 597.216, 'eval_steps_per_second': 37.336, 'epoch': 1.0}
{'loss': 0.391, 'grad_norm': 4.535916805267334, 'learning_rate': 3.333657713766706e-05, 'epoch': 2.0}
              precision    recall  f1-score   support

           0     0.6508    0.9318    0.7664        44
           1     0.6571    0.6765    0.6667        68
           2     0.5059    0.7088    0.5904       182
           3     0.3820    0.4359    0.4072        78
           4     0.5507    0.5995    0.5741       417
           5     0.5245    0.3968    0.4518       189
           6     0.6282    0.6748    0.6506       701
           7     0.6831    0.6542    0.6683       613
           8     0.5328    0.6186    0.5725       236
           9     0.6809    0.7905    0.7316      1012
          10     0.3377    0.3790    0.3571       409
          11     0.5060    0.5084    0.5072      1491
          12     0.4417    0.4126    0.4267       349
          13     0.5923    0.5625    0.5770      1072
          14     0.3171    0.1008    0.1529       258
          15     0.0714    0.0175    0.0282       114
          16     0.4074    0.2245    0.2895        49
          17     0.0000    0.0000    0.0000        13
          18     0.5556    0.3333    0.4167        15

    accuracy                         0.5607      7310
   macro avg     0.4750    0.4751    0.4650      7310
weighted avg     0.5469    0.5607    0.5495      7310

[[ 41   1   1   0   1   0   0   0   0   0   0   0   0   0   0   0   0   0
    0]
 [  8  46   5   0   3   1   1   1   0   0   0   3   0   0   0   0   0   0
    0]
 [  1   6 129   4  19   2  11   0   0   0   7   2   1   0   0   0   0   0
    0]
 [  0   3  13  34  10   0   7   3   0   3   1   4   0   0   0   0   0   0
    0]
 [  4   3  32  18 250   9  44   7   7   2  26  12   1   2   0   0   0   0
    0]
 [  1   1   2   1  29  75  35   6   3   3   6  24   1   2   0   0   0   0
    0]
 [  3   0  20  12  44  24 473  34  18  12  27  33   1   0   0   0   0   0
    0]
 [  1   2   7   7  21   6  30 401  33  37   7  50   6   5   0   0   0   0
    0]
 [  0   1   3   1   4   5   9  14 146  23   6  18   6   0   0   0   0   0
    0]
 [  0   0   1   2   3   4  17  29  23 800  37  60  21  13   1   1   0   0
    0]
 [  3   3   7   4  10   2  23  10  13  46 155 101  15  17   0   0   0   0
    0]
 [  1   4  22   6  49  12  86  53  16 156 122 758  53 143   4   6   0   0
    0]
 [  0   0   7   0   6   2   5   9  11  34  15  82 144  31   3   0   0   0
    0]
 [  0   0   3   0   4   1  12   9   2  49  42 284  48 603  13   2   0   0
    0]
 [  0   0   3   0   1   0   0   8   2   7   7  47  14 132  26   6   5   0
    0]
 [  0   0   0   0   0   0   0   1   0   3   0  15  10  63  18   2   1   0
    1]
 [  0   0   0   0   0   0   0   0   0   0   1   4   3   6  11  10  11   0
    3]
 [  0   0   0   0   0   0   0   2   0   0   0   0   1   1   5   0   4   0
    0]
 [  0   0   0   0   0   0   0   0   0   0   0   1   1   0   1   1   6   0
    5]]
{'eval_loss': 1.3863238096237183, 'eval_macro_f1': 0.4649915905783249, 'eval_macro_precision': 0.4750096378405353, 'eval_macro_recall': 0.47505251031640094, 'eval_accuracy': 0.5607387140902873, 'eval_accuracy_with_margin': 0.7006839945280438, 'eval_Distance': 1.163611491108071, 'eval_Quadratic Weighted Kappa': 0.7892594424547895, 'eval_runtime': 12.235, 'eval_samples_per_second': 597.467, 'eval_steps_per_second': 37.352, 'epoch': 2.0}
{'loss': 0.2848, 'grad_norm': 4.452946186065674, 'learning_rate': 2.5003243804333727e-05, 'epoch': 3.0}
              precision    recall  f1-score   support

           0     0.7826    0.8182    0.8000        44
           1     0.5745    0.3971    0.4696        68
           2     0.5401    0.7033    0.6110       182
           3     0.5000    0.4231    0.4583        78
           4     0.5608    0.6523    0.6031       417
           5     0.4574    0.5397    0.4951       189
           6     0.6184    0.6819    0.6486       701
           7     0.7154    0.5987    0.6519       613
           8     0.5888    0.5339    0.5600       236
           9     0.6819    0.7668    0.7219      1012
          10     0.3938    0.3716    0.3824       409
          11     0.4758    0.5332    0.5028      1491
          12     0.4903    0.3610    0.4158       349
          13     0.5843    0.5494    0.5663      1072
          14     0.2928    0.2054    0.2415       258
          15     0.1455    0.0702    0.0947       114
          16     0.3750    0.0612    0.1053        49
          17     0.0000    0.0000    0.0000        13
          18     1.0000    0.0667    0.1250        15

    accuracy                         0.5570      7310
   macro avg     0.5146    0.4386    0.4449      7310
weighted avg     0.5507    0.5570    0.5492      7310

[[ 36   3   1   0   2   0   2   0   0   0   0   0   0   0   0   0   0   0
    0]
 [  2  27   7   0   3   1   2   0   0   0   0  26   0   0   0   0   0   0
    0]
 [  1   4 128   5  20   0   9   0   0   0   7   7   1   0   0   0   0   0
    0]
 [  0   2  11  33  14   1   7   2   0   3   1   4   0   0   0   0   0   0
    0]
 [  2   3  27   8 272  17  42   5   2   1  11  24   0   2   0   1   0   0
    0]
 [  0   1   0   0  20 102  28   4   4   4   4  19   0   2   1   0   0   0
    0]
 [  0   0  21   6  49  38 478  23  12  16  12  45   0   1   0   0   0   0
    0]
 [  1   2   7   3  23  12  41 367  21  43   2  83   2   6   0   0   0   0
    0]
 [  0   1   4   1   2   7  20  16 126  20   4  27   6   2   0   0   0   0
    0]
 [  0   0   0   2   8  11  13  22  21 776  31  89  18  20   1   0   0   0
    0]
 [  3   2   5   2  14   7  30   6   9  46 152 102  11  20   0   0   0   0
    0]
 [  1   2  18   5  46  23  81  47   9 141 107 795  44 153  14   5   0   0
    0]
 [  0   0   3   1   5   2   3   6   8  31  17  96 126  47   4   0   0   0
    0]
 [  0   0   3   0   6   1  13   6   2  44  34 282  29 589  52  11   0   0
    0]
 [  0   0   2   0   1   1   3   5   0   6   4  52  11 107  53  12   1   0
    0]
 [  0   0   0   0   0   0   0   2   0   5   0  12   6  54  27   8   0   0
    0]
 [  0   0   0   0   0   0   0   0   0   1   0   7   2   3  21  12   3   0
    0]
 [  0   0   0   0   0   0   0   2   0   1   0   0   1   1   5   1   2   0
    0]
 [  0   0   0   0   0   0   1   0   0   0   0   1   0   1   3   5   2   1
    1]]
{'eval_loss': 1.4522002935409546, 'eval_macro_f1': 0.4449077495804065, 'eval_macro_precision': 0.5145922694747579, 'eval_macro_recall': 0.4386132516946303, 'eval_accuracy': 0.5570451436388509, 'eval_accuracy_with_margin': 0.6957592339261286, 'eval_Distance': 1.197264021887825, 'eval_Quadratic Weighted Kappa': 0.7732725342432886, 'eval_runtime': 12.1516, 'eval_samples_per_second': 601.567, 'eval_steps_per_second': 37.608, 'epoch': 3.0}
{'loss': 0.1904, 'grad_norm': 3.134131908416748, 'learning_rate': 1.666991047100039e-05, 'epoch': 4.0}
              precision    recall  f1-score   support

           0     0.7800    0.8864    0.8298        44
           1     0.5106    0.3529    0.4174        68
           2     0.5950    0.6538    0.6230       182
           3     0.4286    0.4615    0.4444        78
           4     0.6152    0.6019    0.6085       417
           5     0.4737    0.4762    0.4749       189
           6     0.5983    0.7118    0.6502       701
           7     0.6459    0.6607    0.6532       613
           8     0.6313    0.5297    0.5760       236
           9     0.6724    0.7787    0.7216      1012
          10     0.3065    0.5037    0.3811       409
          11     0.5223    0.4165    0.4634      1491
          12     0.4444    0.4241    0.4340       349
          13     0.5645    0.5550    0.5597      1072
          14     0.2713    0.1977    0.2287       258
          15     0.0741    0.0175    0.0284       114
          16     0.4412    0.3061    0.3614        49
          17     0.0000    0.0000    0.0000        13
          18     1.0000    0.2000    0.3333        15

    accuracy                         0.5495      7310
   macro avg     0.5040    0.4597    0.4626      7310
weighted avg     0.5446    0.5495    0.5420      7310

[[ 39   3   1   0   0   0   1   0   0   0   0   0   0   0   0   0   0   0
    0]
 [  4  24   5   2   2   1   1   0   0   0   3  26   0   0   0   0   0   0
    0]
 [  1   3 119   5  19   0  20   0   0   0   9   5   1   0   0   0   0   0
    0]
 [  0   2   5  36  12   0   8   4   0   3   4   4   0   0   0   0   0   0
    0]
 [  3   3  20  15 251  19  49   8   4   1  24  16   0   3   1   0   0   0
    0]
 [  1   1   0   0  17  90  33  10   2   7   9  14   0   3   1   1   0   0
    0]
 [  0   4  16   9  32  26 499  35  10  17  27  26   0   0   0   0   0   0
    0]
 [  1   3   5   4  14  11  43 405  17  37  21  39   5   8   0   0   0   0
    0]
 [  0   1   2   1   2   6  16  24 125  29  11  10   6   3   0   0   0   0
    0]
 [  0   0   0   1   6  10  11  40  14 788  49  46  22  24   1   0   0   0
    0]
 [  0   2   3   2   6   7  34   6   7  40 206  63   9  24   0   0   0   0
    0]
 [  1   1  17   9  36  16 100  67  10 162 193 621  63 178  13   4   0   0
    0]
 [  0   0   2   0   6   2   4   8   6  32  24  72 148  40   5   0   0   0
    0]
 [  0   0   3   0   4   1  14   9   1  43  82 201  54 595  60   4   1   0
    0]
 [  0   0   2   0   1   1   1   7   2   8   9  34  14 116  51   7   5   0
    0]
 [  0   0   0   0   0   0   0   2   0   4   1   7   8  54  33   2   3   0
    0]
 [  0   0   0   0   0   0   0   0   0   0   0   4   2   4  19   5  15   0
    0]
 [  0   0   0   0   0   0   0   2   0   1   0   0   1   1   4   1   3   0
    0]
 [  0   0   0   0   0   0   0   0   0   0   0   1   0   1   0   3   7   0
    3]]
{'eval_loss': 1.7314709424972534, 'eval_macro_f1': 0.46259362373810287, 'eval_macro_precision': 0.5039650222316083, 'eval_macro_recall': 0.45969758844685676, 'eval_accuracy': 0.5495212038303694, 'eval_accuracy_with_margin': 0.7013679890560875, 'eval_Distance': 1.1934336525307798, 'eval_Quadratic Weighted Kappa': 0.7755567663953091, 'eval_runtime': 12.142, 'eval_samples_per_second': 602.042, 'eval_steps_per_second': 37.638, 'epoch': 4.0}
{'loss': 0.1188, 'grad_norm': 4.123735427856445, 'learning_rate': 8.336577137667057e-06, 'epoch': 5.0}
              precision    recall  f1-score   support

           0     0.8125    0.8864    0.8478        44
           1     0.5000    0.2500    0.3333        68
           2     0.5402    0.6648    0.5961       182
           3     0.4658    0.4359    0.4503        78
           4     0.5831    0.6307    0.6060       417
           5     0.4637    0.4392    0.4511       189
           6     0.6137    0.6505    0.6316       701
           7     0.6130    0.6460    0.6291       613
           8     0.5156    0.5593    0.5366       236
           9     0.7112    0.7253    0.7182      1012
          10     0.3864    0.4034    0.3947       409
          11     0.4803    0.5392    0.5081      1491
          12     0.4021    0.4355    0.4182       349
          13     0.5889    0.4757    0.5263      1072
          14     0.2585    0.2054    0.2289       258
          15     0.1515    0.0439    0.0680       114
          16     0.4138    0.2449    0.3077        49
          17     0.1667    0.0769    0.1053        13
          18     0.5000    0.2000    0.2857        15

    accuracy                         0.5445      7310
   macro avg     0.4825    0.4481    0.4549      7310
weighted avg     0.5393    0.5445    0.5390      7310

[[ 39   2   1   0   0   0   2   0   0   0   0   0   0   0   0   0   0   0
    0]
 [  3  17  12   1   2   1   3   1   0   0   1  27   0   0   0   0   0   0
    0]
 [  1   4 121   5  21   0  13   1   1   0   9   5   1   0   0   0   0   0
    0]
 [  0   2   4  34  13   1   9   6   0   3   4   2   0   0   0   0   0   0
    0]
 [  2   4  25   8 263  17  48   9   6   1  13  19   0   1   1   0   0   0
    0]
 [  1   1   0   0  22  83  35   9   6   7   6  14   1   3   0   1   0   0
    0]
 [  0   0  18   7  43  29 456  51  28  16  16  37   0   0   0   0   0   0
    0]
 [  1   2   6   3  18   8  34 396  29  33   8  66   5   4   0   0   0   0
    0]
 [  0   1   1   1   1   5  12  25 132  21   8  21   6   2   0   0   0   0
    0]
 [  0   0   0   1   7  10   9  38  25 734  43 103  24  17   1   0   0   0
    0]
 [  0   1   6   3  10   5  23  10   9  30 165 110  21  16   0   0   0   0
    0]
 [  1   0  23  10  39  16  83  70  11 116  92 804  76 132  15   3   0   0
    0]
 [  0   0   2   0   7   2   2  10   6  24  15  90 152  31   8   0   0   0
    0]
 [  0   0   3   0   4   1  13   8   2  36  43 308  65 510  75   2   2   0
    0]
 [  0   0   2   0   1   1   1   7   1   7   4  52  19  95  53   8   7   0
    0]
 [  0   0   0   0   0   0   0   3   0   3   0  11   6  49  35   5   1   0
    1]
 [  0   0   0   0   0   0   0   0   0   0   0   4   1   4  14   9  12   3
    2]
 [  0   0   0   0   0   0   0   2   0   1   0   0   1   1   3   2   2   1
    0]
 [  0   0   0   0   0   0   0   0   0   0   0   1   0   1   0   3   5   2
    3]]
{'eval_loss': 2.022204875946045, 'eval_macro_f1': 0.4548929984988623, 'eval_macro_precision': 0.4824794894676297, 'eval_macro_recall': 0.4480583125080016, 'eval_accuracy': 0.5444596443228454, 'eval_accuracy_with_margin': 0.6957592339261286, 'eval_Distance': 1.192749658002736, 'eval_Quadratic Weighted Kappa': 0.777102776210648, 'eval_runtime': 12.1607, 'eval_samples_per_second': 601.115, 'eval_steps_per_second': 37.58, 'epoch': 5.0}
{'loss': 0.0713, 'grad_norm': 3.618173122406006, 'learning_rate': 3.2438043337225902e-09, 'epoch': 6.0}
              precision    recall  f1-score   support

           0     0.8125    0.8864    0.8478        44
           1     0.6190    0.5735    0.5954        68
           2     0.5625    0.6923    0.6207       182
           3     0.4568    0.4744    0.4654        78
           4     0.5782    0.6475    0.6109       417
           5     0.4461    0.4815    0.4631       189
           6     0.6150    0.6676    0.6402       701
           7     0.6397    0.6313    0.6355       613
           8     0.5019    0.5551    0.5272       236
           9     0.7032    0.7283    0.7155      1012
          10     0.3499    0.4303    0.3860       409
          11     0.5097    0.4735    0.4910      1491
          12     0.3865    0.4441    0.4133       349
          13     0.5717    0.5131    0.5408      1072
          14     0.2291    0.2016    0.2144       258
          15     0.1053    0.0351    0.0526       114
          16     0.4444    0.2449    0.3158        49
          17     0.0000    0.0000    0.0000        13
          18     1.0000    0.2000    0.3333        15

    accuracy                         0.5449      7310
   macro avg     0.5017    0.4674    0.4668      7310
weighted avg     0.5408    0.5449    0.5406      7310

[[ 39   2   1   0   0   0   2   0   0   0   0   0   0   0   0   0   0   0
    0]
 [  3  39   5   1   1   1   1   1   0   0   2  14   0   0   0   0   0   0
    0]
 [  1   4 126   5  19   0  11   0   1   0   9   5   1   0   0   0   0   0
    0]
 [  0   2   5  37  11   1   7   4   2   3   4   2   0   0   0   0   0   0
    0]
 [  2   5  24  10 270  15  42   7   4   1  17  17   0   2   1   0   0   0
    0]
 [  1   1   0   0  23  91  30   7   8   5   6  12   1   3   0   1   0   0
    0]
 [  0   2  18   7  47  38 468  36  24  14  18  28   0   1   0   0   0   0
    0]
 [  1   3   7   4  19  10  40 387  32  32  12  52   7   6   1   0   0   0
    0]
 [  0   1   1   3   2   6  14  22 131  23   7  17   7   2   0   0   0   0
    0]
 [  0   0   0   1   9  10  11  38  27 737  57  77  22  23   0   0   0   0
    0]
 [  0   2   6   2  12   6  27   7  10  35 176  88  19  19   0   0   0   0
    0]
 [  1   2  23  11  42  19  91  67  12 128 115 706  90 165  16   3   0   0
    0]
 [  0   0   3   0   7   4   3   6   7  25  14  75 155  40  10   0   0   0
    0]
 [  0   0   3   0   4   2  13   8   2  33  58 236  73 550  87   2   1   0
    0]
 [  0   0   2   0   1   1   1   8   1   8   6  43  16 103  52  11   5   0
    0]
 [  0   0   0   0   0   0   0   4   0   3   0   9   7  42  43   4   2   0
    0]
 [  0   0   0   0   0   0   0   1   0   0   2   3   2   4  14   9  12   2
    0]
 [  0   0   0   0   0   0   0   2   0   1   0   0   1   1   3   3   2   0
    0]
 [  0   0   0   0   0   0   0   0   0   0   0   1   0   1   0   5   5   0
    3]]
{'eval_loss': 2.2673723697662354, 'eval_macro_f1': 0.46678651822004413, 'eval_macro_precision': 0.5016617865753495, 'eval_macro_recall': 0.4673871204601876, 'eval_accuracy': 0.5448700410396717, 'eval_accuracy_with_margin': 0.7039671682626539, 'eval_Distance': 1.189329685362517, 'eval_Quadratic Weighted Kappa': 0.7828008576966254, 'eval_runtime': 12.1257, 'eval_samples_per_second': 602.853, 'eval_steps_per_second': 37.689, 'epoch': 6.0}
{'train_runtime': 3117.3389, 'train_samples_per_second': 316.426, 'train_steps_per_second': 4.945, 'train_loss': 0.2799855033386476, 'epoch': 6.0}
best checkpoint: /scratch/mom8702/habibi/training/outputs/checkpoints/arabertv02_length_matching/bert-base-arabertv02_local_19levels/checkpoint-5138
best eval_Quadratic Weighted Kappa: 0.7892594424547895
              precision    recall  f1-score   support

           0     0.6508    0.9318    0.7664        44
           1     0.6571    0.6765    0.6667        68
           2     0.5059    0.7088    0.5904       182
           3     0.3820    0.4359    0.4072        78
           4     0.5507    0.5995    0.5741       417
           5     0.5245    0.3968    0.4518       189
           6     0.6282    0.6748    0.6506       701
           7     0.6831    0.6542    0.6683       613
           8     0.5328    0.6186    0.5725       236
           9     0.6809    0.7905    0.7316      1012
          10     0.3377    0.3790    0.3571       409
          11     0.5060    0.5084    0.5072      1491
          12     0.4417    0.4126    0.4267       349
          13     0.5923    0.5625    0.5770      1072
          14     0.3171    0.1008    0.1529       258
          15     0.0714    0.0175    0.0282       114
          16     0.4074    0.2245    0.2895        49
          17     0.0000    0.0000    0.0000        13
          18     0.5556    0.3333    0.4167        15

    accuracy                         0.5607      7310
   macro avg     0.4750    0.4751    0.4650      7310
weighted avg     0.5469    0.5607    0.5495      7310

[[ 41   1   1   0   1   0   0   0   0   0   0   0   0   0   0   0   0   0
    0]
 [  8  46   5   0   3   1   1   1   0   0   0   3   0   0   0   0   0   0
    0]
 [  1   6 129   4  19   2  11   0   0   0   7   2   1   0   0   0   0   0
    0]
 [  0   3  13  34  10   0   7   3   0   3   1   4   0   0   0   0   0   0
    0]
 [  4   3  32  18 250   9  44   7   7   2  26  12   1   2   0   0   0   0
    0]
 [  1   1   2   1  29  75  35   6   3   3   6  24   1   2   0   0   0   0
    0]
 [  3   0  20  12  44  24 473  34  18  12  27  33   1   0   0   0   0   0
    0]
 [  1   2   7   7  21   6  30 401  33  37   7  50   6   5   0   0   0   0
    0]
 [  0   1   3   1   4   5   9  14 146  23   6  18   6   0   0   0   0   0
    0]
 [  0   0   1   2   3   4  17  29  23 800  37  60  21  13   1   1   0   0
    0]
 [  3   3   7   4  10   2  23  10  13  46 155 101  15  17   0   0   0   0
    0]
 [  1   4  22   6  49  12  86  53  16 156 122 758  53 143   4   6   0   0
    0]
 [  0   0   7   0   6   2   5   9  11  34  15  82 144  31   3   0   0   0
    0]
 [  0   0   3   0   4   1  12   9   2  49  42 284  48 603  13   2   0   0
    0]
 [  0   0   3   0   1   0   0   8   2   7   7  47  14 132  26   6   5   0
    0]
 [  0   0   0   0   0   0   0   1   0   3   0  15  10  63  18   2   1   0
    1]
 [  0   0   0   0   0   0   0   0   0   0   1   4   3   6  11  10  11   0
    3]
 [  0   0   0   0   0   0   0   2   0   0   0   0   1   1   5   0   4   0
    0]
 [  0   0   0   0   0   0   0   0   0   0   0   1   1   0   1   1   6   0
    5]]
***** eval metrics *****
  eval_Distance                 =     1.1636
  eval_Quadratic Weighted Kappa =     0.7893
  eval_accuracy                 =     0.5607
  eval_accuracy_with_margin     =     0.7007
  eval_loss                     =     1.3863
  eval_macro_f1                 =      0.465
  eval_macro_precision          =      0.475
  eval_macro_recall             =     0.4751
  eval_runtime                  = 0:00:12.07
  eval_samples_per_second       =     605.35
  eval_steps_per_second         =     37.845
best-dev export rows=7310 QWK=78.9259
wrote dev predictions csv: /scratch/mom8702/habibi/training/outputs/xlsx/arabertv02_length_matching/dev_bert-base-arabertv02_local_19levels.csv
              precision    recall  f1-score   support

           0     0.7073    0.9062    0.7945        32
           1     0.4255    0.5556    0.4819        36
           2     0.6581    0.5461    0.5969       141
           3     0.4318    0.6628    0.5229        86
           4     0.5835    0.6342    0.6078       380
           5     0.5636    0.4460    0.4980       139
           6     0.5983    0.7179    0.6527       585
           7     0.6522    0.6932    0.6720       541
           8     0.4477    0.5632    0.4988       190
           9     0.6681    0.7871    0.7227      1010
          10     0.3860    0.3793    0.3826       464
          11     0.5437    0.5283    0.5359      1662
          12     0.4824    0.4384    0.4593       438
          13     0.5522    0.5230    0.5372      1042
          14     0.3898    0.1685    0.2353       273
          15     0.4105    0.2422    0.3047       161
          16     0.2093    0.1343    0.1636        67
          17     0.0000    0.0000    0.0000        23
          18     0.5000    0.2500    0.3333        16

    accuracy                         0.5589      7286
   macro avg     0.4847    0.4830    0.4737      7286
weighted avg     0.5482    0.5589    0.5491      7286

[[ 29   1   0   0   0   0   2   0   0   0   0   0   0   0   0   0   0   0
    0]
 [  2  20   1   0   3   6   2   0   1   0   0   1   0   0   0   0   0   0
    0]
 [  3   8  77   2  39   1   3   1   1   0   3   3   0   0   0   0   0   0
    0]
 [  0   2   1  57   8   2   9   1   2   2   1   1   0   0   0   0   0   0
    0]
 [  1   7  14  29 241  10  39  10   3   4  12   9   0   1   0   0   0   0
    0]
 [  0   0   0   7  24  62  21   8   1   4   2  10   0   0   0   0   0   0
    0]
 [  1   1   3  19  43   7 420  22  10   8  14  33   2   2   0   0   0   0
    0]
 [  3   1   4   2   8   5  36 375  28  37   2  28   8   3   1   0   0   0
    0]
 [  0   1   2   2   2   6   7   7 107  31   6  13   4   1   1   0   0   0
    0]
 [  0   0   0   4   4   2  12  26  27 795  40  69  15  14   1   1   0   0
    0]
 [  1   2   5   4  14   2  23  15   7  50 176 129  15  19   1   1   0   0
    0]
 [  1   3  10   6  26   5 103  78  25 152 140 878  64 160   9   1   1   0
    0]
 [  0   0   0   0   0   2   7   9  18  40  16  97 192  43  11   2   1   0
    0]
 [  0   1   0   0   0   0  16  14   7  46  38 290  49 545  15  20   1   0
    0]
 [  0   0   0   0   1   0   2   7   2   8   5  36  32 119  46  11   4   0
    0]
 [  0   0   0   0   0   0   0   2   0   7   0   8  12  61  22  39  10   0
    0]
 [  0   0   0   0   0   0   0   0   0   3   1   6   3  17   9  17   9   0
    2]
 [  0   0   0   0   0   0   0   0   0   2   0   2   1   2   0   2  12   0
    2]
 [  0   0   0   0   0   0   0   0   0   1   0   2   1   0   2   1   5   0
    4]]
***** test metrics *****
  test_Distance                 =     1.0861
  test_Quadratic Weighted Kappa =     0.8097
  test_accuracy                 =     0.5589
  test_accuracy_with_margin     =     0.7078
  test_loss                     =     1.3691
  test_macro_f1                 =     0.4737
  test_macro_precision          =     0.4847
  test_macro_recall             =      0.483
  test_runtime                  = 0:00:12.10
  test_samples_per_second       =    601.657
  test_steps_per_second         =     37.655
Accuracy: 55.8880
Accuracy with margin of one level: 70.7796
Average distance between labels and predictions: 1.086055
Quadratic Weighted Kappa: 80.9721
[1;34mwandb[0m: 
[1;34mwandb[0m: You can sync this run to the cloud by running:
[1;34mwandb[0m: [1mwandb sync /scratch/mom8702/habibi/training/wandb/offline-run-20260525_000058-rhmxzry8[0m
[1;34mwandb[0m: Find logs at: [1;35mwandb/offline-run-20260525_000058-rhmxzry8/logs[0m
Per-epoch dev CSVs:
total 8
drwxr-xr-x 2 mom8702 users 4096 May 24 20:51 .
drwxr-xr-x 3 mom8702 users 4096 May 24 22:25 ..
